Archive member included because of file (symbol)

/Users/Wenhao/Documents/LPCXpresso_6.1.4/workspace/Lib_CMSISv1p30_LPC17xx/Debug/libCMSISv1p30_LPC17xx.a(system_LPC17xx.o)
                              ./src/main.o (SystemCoreClock)
/Users/Wenhao/Documents/LPCXpresso_6.1.4/workspace/Lib_EaBaseBoard/Debug/libLib_EaBaseBoard.a(acc.o)
                              ./src/main.o (acc_init)
/Users/Wenhao/Documents/LPCXpresso_6.1.4/workspace/Lib_EaBaseBoard/Debug/libLib_EaBaseBoard.a(joystick.o)
                              ./src/main.o (joystick_init)
/Users/Wenhao/Documents/LPCXpresso_6.1.4/workspace/Lib_EaBaseBoard/Debug/libLib_EaBaseBoard.a(led7seg.o)
                              ./src/main.o (led7seg_init)
/Users/Wenhao/Documents/LPCXpresso_6.1.4/workspace/Lib_EaBaseBoard/Debug/libLib_EaBaseBoard.a(light.o)
                              ./src/main.o (light_enable)
/Users/Wenhao/Documents/LPCXpresso_6.1.4/workspace/Lib_EaBaseBoard/Debug/libLib_EaBaseBoard.a(oled.o)
                              ./src/main.o (oled_init)
/Users/Wenhao/Documents/LPCXpresso_6.1.4/workspace/Lib_EaBaseBoard/Debug/libLib_EaBaseBoard.a(pca9532.o)
                              ./src/main.o (pca9532_init)
/Users/Wenhao/Documents/LPCXpresso_6.1.4/workspace/Lib_EaBaseBoard/Debug/libLib_EaBaseBoard.a(rgb.o)
                              ./src/main.o (rgb_init)
/Users/Wenhao/Documents/LPCXpresso_6.1.4/workspace/Lib_EaBaseBoard/Debug/libLib_EaBaseBoard.a(temp.o)
                              ./src/main.o (temp_init)
/Users/Wenhao/Documents/LPCXpresso_6.1.4/workspace/Lib_EaBaseBoard/Debug/libLib_EaBaseBoard.a(font5x7.o)
                              /Users/Wenhao/Documents/LPCXpresso_6.1.4/workspace/Lib_EaBaseBoard/Debug/libLib_EaBaseBoard.a(oled.o) (font5x7)
/Users/Wenhao/Documents/LPCXpresso_6.1.4/workspace/Lib_MCU/Debug/libLib_MCU.a(lpc17xx_gpio.o)
                              ./src/main.o (GPIO_SetDir)
/Users/Wenhao/Documents/LPCXpresso_6.1.4/workspace/Lib_MCU/Debug/libLib_MCU.a(lpc17xx_i2c.o)
                              ./src/main.o (I2C_Init)
/Users/Wenhao/Documents/LPCXpresso_6.1.4/workspace/Lib_MCU/Debug/libLib_MCU.a(lpc17xx_pinsel.o)
                              ./src/main.o (PINSEL_ConfigPin)
/Users/Wenhao/Documents/LPCXpresso_6.1.4/workspace/Lib_MCU/Debug/libLib_MCU.a(lpc17xx_ssp.o)
                              ./src/main.o (SSP_Init)
/Users/Wenhao/Documents/LPCXpresso_6.1.4/workspace/Lib_MCU/Debug/libLib_MCU.a(lpc17xx_timer.o)
                              ./src/main.o (Timer0_Wait)
/Users/Wenhao/Documents/LPCXpresso_6.1.4/workspace/Lib_MCU/Debug/libLib_MCU.a(lpc17xx_clkpwr.o)
                              /Users/Wenhao/Documents/LPCXpresso_6.1.4/workspace/Lib_MCU/Debug/libLib_MCU.a(lpc17xx_i2c.o) (CLKPWR_SetPCLKDiv)
/Applications/lpcxpresso_6.1.4_194/lpcxpresso/tools/bin/../lib/gcc/arm-none-eabi/4.6.2/armv7-m/libgcc.a(_arm_addsubdf3.o)
                              ./src/main.o (__aeabi_i2d)
/Applications/lpcxpresso_6.1.4_194/lpcxpresso/tools/bin/../lib/gcc/arm-none-eabi/4.6.2/armv7-m/libgcc.a(_arm_muldivdf3.o)
                              ./src/main.o (__aeabi_ddiv)
/Applications/lpcxpresso_6.1.4_194/lpcxpresso/tools/bin/../lib/gcc/arm-none-eabi/4.6.2/armv7-m/libgcc.a(_aeabi_uldivmod.o)
                              /Users/Wenhao/Documents/LPCXpresso_6.1.4/workspace/Lib_CMSISv1p30_LPC17xx/Debug/libCMSISv1p30_LPC17xx.a(system_LPC17xx.o) (__aeabi_uldivmod)
/Applications/lpcxpresso_6.1.4_194/lpcxpresso/tools/bin/../lib/gcc/arm-none-eabi/4.6.2/armv7-m/libgcc.a(bpabi.o)
                              /Applications/lpcxpresso_6.1.4_194/lpcxpresso/tools/bin/../lib/gcc/arm-none-eabi/4.6.2/armv7-m/libgcc.a(_aeabi_uldivmod.o) (__gnu_uldivmod_helper)
/Applications/lpcxpresso_6.1.4_194/lpcxpresso/tools/bin/../lib/gcc/arm-none-eabi/4.6.2/armv7-m/libgcc.a(_dvmd_tls.o)
                              /Applications/lpcxpresso_6.1.4_194/lpcxpresso/tools/bin/../lib/gcc/arm-none-eabi/4.6.2/armv7-m/libgcc.a(_aeabi_uldivmod.o) (__aeabi_ldiv0)
/Applications/lpcxpresso_6.1.4_194/lpcxpresso/tools/bin/../lib/gcc/arm-none-eabi/4.6.2/armv7-m/libgcc.a(_divdi3.o)
                              /Applications/lpcxpresso_6.1.4_194/lpcxpresso/tools/bin/../lib/gcc/arm-none-eabi/4.6.2/armv7-m/libgcc.a(bpabi.o) (__divdi3)
/Applications/lpcxpresso_6.1.4_194/lpcxpresso/tools/bin/../lib/gcc/arm-none-eabi/4.6.2/armv7-m/libgcc.a(_udivdi3.o)
                              /Applications/lpcxpresso_6.1.4_194/lpcxpresso/tools/bin/../lib/gcc/arm-none-eabi/4.6.2/armv7-m/libgcc.a(bpabi.o) (__udivdi3)
/Applications/lpcxpresso_6.1.4_194/lpcxpresso/tools/bin/../lib/gcc/arm-none-eabi/4.6.2/../../../../arm-none-eabi/lib/armv7-m/libc.a(lib_a-clock.o)
                              ./src/main.o (clock)
/Applications/lpcxpresso_6.1.4_194/lpcxpresso/tools/bin/../lib/gcc/arm-none-eabi/4.6.2/../../../../arm-none-eabi/lib/armv7-m/libc.a(lib_a-impure.o)
[...]
Memory Configuration

Name             Origin             Length             Attributes
MFlash512        0x0000000000000000 0x0000000000080000 xr
RamLoc32         0x0000000010000000 0x0000000000008000 xrw
RamAHB32         0x000000002007c000 0x0000000000008000 xrw
*default*        0x0000000000000000 0xffffffffffffffff

Linker script and memory map

LOAD ./src/cr_startup_lpc17.o
LOAD ./src/main.o
LOAD /Users/Wenhao/Documents/LPCXpresso_6.1.4/workspace/Lib_CMSISv1p30_LPC17xx/Debug/libCMSISv1p30_LPC17xx.a
LOAD /Users/Wenhao/Documents/LPCXpresso_6.1.4/workspace/Lib_EaBaseBoard/Debug/libLib_EaBaseBoard.a
LOAD /Users/Wenhao/Documents/LPCXpresso_6.1.4/workspace/Lib_MCU/Debug/libLib_MCU.a
START GROUP
LOAD /Applications/lpcxpresso_6.1.4_194/lpcxpresso/tools/bin/../lib/gcc/arm-none-eabi/4.6.2/armv7-m/libgcc.a
LOAD /Applications/lpcxpresso_6.1.4_194/lpcxpresso/tools/bin/../lib/gcc/arm-none-eabi/4.6.2/../../../../arm-none-eabi/lib/armv7-m/libc.a
LOAD /Applications/lpcxpresso_6.1.4_194/lpcxpresso/tools/bin/../lib/gcc/arm-none-eabi/4.6.2/../../../../arm-none-eabi/lib/armv7-m/libm.a
LOAD /Applications/lpcxpresso_6.1.4_194/lpcxpresso/tools/bin/../lib/gcc/arm-none-eabi/4.6.2/../../../../arm-none-eabi/lib/armv7-m/libcr_newlib_semihost.a
END GROUP
                0x0000000000080000                __top_MFlash512 = 0x80000
                0x0000000010008000                __top_RamLoc32 = 0x10008000
                0x0000000020084000                __top_RamAHB32 = 0x20084000

.text           0x0000000000000000     0xbc48
 FILL mask 0xff
                0x0000000000000000                __vectors_start__ = ABSOLUTE (.)
 *(.isr_vector)
 .isr_vector    0x0000000000000000       0xcc ./src/cr_startup_lpc17.o
                0x0000000000000000                g_pfnVectors
                0x00000000000000cc                . = ALIGN (0x4)
                0x00000000000000cc                __section_table_start = .
                0x00000000000000cc                __data_section_table = .
                0x00000000000000cc        0x4 LONG 0xbc50 LOADADDR (.data)
                0x00000000000000d0        0x4 LONG 0x10000000 ADDR (.data)
                0x00000000000000d4        0x4 LONG 0x934 SIZEOF (.data)
                0x00000000000000d8        0x4 LONG 0xbc50 LOADADDR (.data_RAM2)
                0x00000000000000dc        0x4 LONG 0x2007c000 ADDR (.data_RAM2)
                0x00000000000000e0        0x4 LONG 0x0 SIZEOF (.data_RAM2)
                0x00000000000000e4                __data_section_table_end = .
                0x00000000000000e4                __bss_section_table = .
                0x00000000000000e4        0x4 LONG 0x10000934 ADDR (.bss)
                0x00000000000000e8        0x4 LONG 0x430 SIZEOF (.bss)
                0x00000000000000ec        0x4 LONG 0x2007c000 ADDR (.bss_RAM2)
                0x00000000000000f0        0x4 LONG 0x0 SIZEOF (.bss_RAM2)
                0x00000000000000f4                __bss_section_table_end = .
                0x00000000000000f4                __section_table_end = .
 *(.after_vectors*)
 *(.text*)
 .text.ResetISR
                0x00000000000000f4       0x68 ./src/cr_startup_lpc17.o
                0x00000000000000f4                ResetISR
 .text.NMI_Handler
                0x000000000000015c        0x8 ./src/cr_startup_lpc17.o
                0x000000000000015c                NMI_Handler
 .text.HardFault_Handler
                0x0000000000000164        0x8 ./src/cr_startup_lpc17.o
                0x0000000000000164                HardFault_Handler
 .text.MemManage_Handler
                0x000000000000016c        0x8 ./src/cr_startup_lpc17.o
                0x000000000000016c                MemManage_Handler
 .text.BusFault_Handler
                0x0000000000000174        0x8 ./src/cr_startup_lpc17.o
                0x0000000000000174                BusFault_Handler
 .text.UsageFault_Handler
                0x000000000000017c        0x8 ./src/cr_startup_lpc17.o
                0x000000000000017c                UsageFault_Handler
 .text.SVCall_Handler
                0x0000000000000184        0x8 ./src/cr_startup_lpc17.o
                0x0000000000000184                SVCall_Handler
 .text.DebugMon_Handler
                0x000000000000018c        0x8 ./src/cr_startup_lpc17.o
                0x000000000000018c                DebugMon_Handler
 .text.PendSV_Handler
                0x0000000000000194        0x8 ./src/cr_startup_lpc17.o
                0x0000000000000194                PendSV_Handler
 .text.IntDefaultHandler
                0x000000000000019c        0x8 ./src/cr_startup_lpc17.o
                0x000000000000019c                ENET_IRQHandler
                0x000000000000019c                RIT_IRQHandler
                0x000000000000019c                I2C0_IRQHandler
                0x000000000000019c                USBActivity_IRQHandler
                0x000000000000019c                PWM1_IRQHandler
                0x000000000000019c                I2C1_IRQHandler
                0x000000000000019c                EINT2_IRQHandler
                0x000000000000019c                UART1_IRQHandler
                0x000000000000019c                EINT3_IRQHandler
                0x000000000000019c                CANActivity_IRQHandler
                0x000000000000019c                TIMER3_IRQHandler
                0x000000000000019c                UART0_IRQHandler
                0x000000000000019c                IntDefaultHandler
                0x000000000000019c                PLL0_IRQHandler
                0x000000000000019c                CAN_IRQHandler
                0x000000000000019c                PLL1_IRQHandler
                0x000000000000019c                SSP0_IRQHandler
                0x000000000000019c                I2S_IRQHandler
                0x000000000000019c                I2C2_IRQHandler
                0x000000000000019c                RTC_IRQHandler
                0x000000000000019c                TIMER0_IRQHandler
                0x000000000000019c                SPI_IRQHandler
                0x000000000000019c                EINT1_IRQHandler
                0x000000000000019c                TIMER1_IRQHandler
                0x000000000000019c                UART2_IRQHandler
                0x000000000000019c                ADC_IRQHandler
                0x000000000000019c                SSP1_IRQHandler
                0x000000000000019c                USB_IRQHandler
                0x000000000000019c                BOD_IRQHandler
                0x000000000000019c                WDT_IRQHandler
                0x000000000000019c                QEI_IRQHandler
                0x000000000000019c                DMA_IRQHandler
                0x000000000000019c                UART3_IRQHandler
                0x000000000000019c                MCPWM_IRQHandler
                0x000000000000019c                TIMER2_IRQHandler
 .text.NVIC_EnableIRQ
                0x00000000000001a4       0x38 ./src/main.o
 .text.NVIC_SetPriority
                0x00000000000001dc       0x5c ./src/main.o
 .text.SysTick_Config
                0x0000000000000238       0x64 ./src/main.o
 .text.resetAcc
                0x000000000000029c       0x70 ./src/main.o
                0x000000000000029c                resetAcc
 .text.updateOledAcc
                0x000000000000030c       0x64 ./src/main.o
                0x000000000000030c                updateOledAcc
 .text.updateOledLight
                0x0000000000000370       0x64 ./src/main.o
                0x0000000000000370                updateOledLight
 .text.updateOledTemp
                0x00000000000003d4       0x84 ./src/main.o
                0x00000000000003d4                updateOledTemp
 .text.updateOledMode
                0x0000000000000458       0x7c ./src/main.o
                0x0000000000000458                updateOledMode
 .text.updateOledCondition
                0x00000000000004d4       0xa0 ./src/main.o
                0x00000000000004d4                updateOledCondition
 .text.updateOled
                0x0000000000000574      0x19c ./src/main.o
                0x0000000000000574                updateOled
 .text.moveBar  0x0000000000000710       0xa8 ./src/main.o
 .text.init_ssp
                0x00000000000007b8       0x98 ./src/main.o
 .text.init_i2c
                0x0000000000000850       0x5c ./src/main.o
 .text.init_SW4
                0x00000000000008ac       0x50 ./src/main.o
 .text.config_EINT0
                0x00000000000008fc       0x10 ./src/main.o
 .text.init_SW3
                0x000000000000090c       0x28 ./src/main.o
 .text.calculateAccVar
                0x0000000000000934      0x148 ./src/main.o
                0x0000000000000934                calculateAccVar
 .text.updateAcc
                0x0000000000000a7c       0x68 ./src/main.o
                0x0000000000000a7c                updateAcc
 .text.SysTick_Handler
                0x0000000000000ae4       0xa0 ./src/main.o
                0x0000000000000ae4                SysTick_Handler
 .text.getTicks
                0x0000000000000b84       0x18 ./src/main.o
                0x0000000000000b84                getTicks
 .text.turnOffAlarm
                0x0000000000000b9c        0xc ./src/main.o
                0x0000000000000b9c                turnOffAlarm
 .text.EINT0_IRQHandler
                0x0000000000000ba8       0x64 ./src/main.o
                0x0000000000000ba8                EINT0_IRQHandler
 .text.main     0x0000000000000c0c      0x3d0 ./src/main.o
                0x0000000000000c0c                main
 .text.check_failed
                0x0000000000000fdc       0x1c ./src/main.o
                0x0000000000000fdc                check_failed
 .text.SystemInit
                0x0000000000000ff8      0x22c /Users/Wenhao/Documents/LPCXpresso_6.1.4/workspace/Lib_CMSISv1p30_LPC17xx/Debug/libCMSISv1p30_LPC17xx.a(system_LPC17xx.o)
                0x0000000000000ff8                SystemInit
 .text.I2CRead  0x0000000000001224       0x5c /Users/Wenhao/Documents/LPCXpresso_6.1.4/workspace/Lib_EaBaseBoard/Debug/libLib_EaBaseBoard.a(acc.o)
 .text.I2CWrite
                0x0000000000001280       0x5c /Users/Wenhao/Documents/LPCXpresso_6.1.4/workspace/Lib_EaBaseBoard/Debug/libLib_EaBaseBoard.a(acc.o)
 .text.getStatus
                0x00000000000012dc       0x3c /Users/Wenhao/Documents/LPCXpresso_6.1.4/workspace/Lib_EaBaseBoard/Debug/libLib_EaBaseBoard.a(acc.o)
 .text.setModeControl
                0x0000000000001318       0x30 /Users/Wenhao/Documents/LPCXpresso_6.1.4/workspace/Lib_EaBaseBoard/Debug/libLib_EaBaseBoard.a(acc.o)
 .text.acc_init
                0x0000000000001348       0x10 /Users/Wenhao/Documents/LPCXpresso_6.1.4/workspace/Lib_EaBaseBoard/Debug/libLib_EaBaseBoard.a(acc.o)
                0x0000000000001348                acc_init
 .text.acc_read
                0x0000000000001358       0xbc /Users/Wenhao/Documents/LPCXpresso_6.1.4/workspace/Lib_EaBaseBoard/Debug/libLib_EaBaseBoard.a(acc.o)
                0x0000000000001358                acc_read
 .text.joystick_init
                0x0000000000001414       0x28 /Users/Wenhao/Documents/LPCXpresso_6.1.4/workspace/Lib_EaBaseBoard/Debug/libLib_EaBaseBoard.a(joystick.o)
                0x0000000000001414                joystick_init
 .text.led7seg_init
                0x000000000000143c       0x24 /Users/Wenhao/Documents/LPCXpresso_6.1.4/workspace/Lib_EaBaseBoard/Debug/libLib_EaBaseBoard.a(led7seg.o)
                0x000000000000143c                led7seg_init
 .text.led7seg_setChar
                0x0000000000001460       0x88 /Users/Wenhao/Documents/LPCXpresso_6.1.4/workspace/Lib_EaBaseBoard/Debug/libLib_EaBaseBoard.a(led7seg.o)
                0x0000000000001460                led7seg_setChar
 .text.I2CRead  0x00000000000014e8       0x5c /Users/Wenhao/Documents/LPCXpresso_6.1.4/workspace/Lib_EaBaseBoard/Debug/libLib_EaBaseBoard.a(light.o)
 .text.I2CWrite
                0x0000000000001544       0x5c /Users/Wenhao/Documents/LPCXpresso_6.1.4/workspace/Lib_EaBaseBoard/Debug/libLib_EaBaseBoard.a(light.o)
 .text.readControlReg
                0x00000000000015a0       0x3c /Users/Wenhao/Documents/LPCXpresso_6.1.4/workspace/Lib_EaBaseBoard/Debug/libLib_EaBaseBoard.a(light.o)
 .text.light_enable
                0x00000000000015dc       0x48 /Users/Wenhao/Documents/LPCXpresso_6.1.4/workspace/Lib_EaBaseBoard/Debug/libLib_EaBaseBoard.a(light.o)
                0x00000000000015dc                light_enable
 .text.light_read
                0x0000000000001624       0x90 /Users/Wenhao/Documents/LPCXpresso_6.1.4/workspace/Lib_EaBaseBoard/Debug/libLib_EaBaseBoard.a(light.o)
                0x0000000000001624                light_read
 .text.light_setRange
                0x00000000000016b4       0xac /Users/Wenhao/Documents/LPCXpresso_6.1.4/workspace/Lib_EaBaseBoard/Debug/libLib_EaBaseBoard.a(light.o)
                0x00000000000016b4                light_setRange
 .text.writeCommand
                0x0000000000001760       0x60 /Users/Wenhao/Documents/LPCXpresso_6.1.4/workspace/Lib_EaBaseBoard/Debug/libLib_EaBaseBoard.a(oled.o)
 .text.writeData
                0x00000000000017c0       0x60 /Users/Wenhao/Documents/LPCXpresso_6.1.4/workspace/Lib_EaBaseBoard/Debug/libLib_EaBaseBoard.a(oled.o)
 .text.writeDataLen
                0x0000000000001820       0x8c /Users/Wenhao/Documents/LPCXpresso_6.1.4/workspace/Lib_EaBaseBoard/Debug/libLib_EaBaseBoard.a(oled.o)
 .text.runInitSequence
                0x00000000000018ac      0x118 /Users/Wenhao/Documents/LPCXpresso_6.1.4/workspace/Lib_EaBaseBoard/Debug/libLib_EaBaseBoard.a(oled.o)
 .text.hLine    0x00000000000019c4       0x4c /Users/Wenhao/Documents/LPCXpresso_6.1.4/workspace/Lib_EaBaseBoard/Debug/libLib_EaBaseBoard.a(oled.o)
 .text.vLine    0x0000000000001a10       0x4c /Users/Wenhao/Documents/LPCXpresso_6.1.4/workspace/Lib_EaBaseBoard/Debug/libLib_EaBaseBoard.a(oled.o)
 .text.oled_init
                0x0000000000001a5c       0x9c /Users/Wenhao/Documents/LPCXpresso_6.1.4/workspace/Lib_EaBaseBoard/Debug/libLib_EaBaseBoard.a(oled.o)
                0x0000000000001a5c                oled_init
 .text.oled_putPixel
                0x0000000000001af8      0x188 /Users/Wenhao/Documents/LPCXpresso_6.1.4/workspace/Lib_EaBaseBoard/Debug/libLib_EaBaseBoard.a(oled.o)
                0x0000000000001af8                oled_putPixel
 .text.oled_fillRect
                0x0000000000001c80       0x90 /Users/Wenhao/Documents/LPCXpresso_6.1.4/workspace/Lib_EaBaseBoard/Debug/libLib_EaBaseBoard.a(oled.o)
                0x0000000000001c80                oled_fillRect
 .text.oled_clearScreen
                0x0000000000001d10       0x74 /Users/Wenhao/Documents/LPCXpresso_6.1.4/workspace/Lib_EaBaseBoard/Debug/libLib_EaBaseBoard.a(oled.o)
                0x0000000000001d10                oled_clearScreen
 .text.oled_putChar
                0x0000000000001d84       0xf0 /Users/Wenhao/Documents/LPCXpresso_6.1.4/workspace/Lib_EaBaseBoard/Debug/libLib_EaBaseBoard.a(oled.o)
                0x0000000000001d84                oled_putChar
 .text.oled_putString
                0x0000000000001e74       0x54 /Users/Wenhao/Documents/LPCXpresso_6.1.4/workspace/Lib_EaBaseBoard/Debug/libLib_EaBaseBoard.a(oled.o)
                0x0000000000001e74                oled_putString
 .text.I2CWrite
                0x0000000000001ec8       0x5c /Users/Wenhao/Documents/LPCXpresso_6.1.4/workspace/Lib_EaBaseBoard/Debug/libLib_EaBaseBoard.a(pca9532.o)
 .text.setLsStates
                0x0000000000001f24       0xc4 /Users/Wenhao/Documents/LPCXpresso_6.1.4/workspace/Lib_EaBaseBoard/Debug/libLib_EaBaseBoard.a(pca9532.o)
 .text.setLeds  0x0000000000001fe8       0xa0 /Users/Wenhao/Documents/LPCXpresso_6.1.4/workspace/Lib_EaBaseBoard/Debug/libLib_EaBaseBoard.a(pca9532.o)
 .text.pca9532_init
                0x0000000000002088        0xc /Users/Wenhao/Documents/LPCXpresso_6.1.4/workspace/Lib_EaBaseBoard/Debug/libLib_EaBaseBoard.a(pca9532.o)
                0x0000000000002088                pca9532_init
 .text.pca9532_setLeds
                0x0000000000002094       0xa0 /Users/Wenhao/Documents/LPCXpresso_6.1.4/workspace/Lib_EaBaseBoard/Debug/libLib_EaBaseBoard.a(pca9532.o)
                0x0000000000002094                pca9532_setLeds
 .text.rgb_init
                0x0000000000002134       0x38 /Users/Wenhao/Documents/LPCXpresso_6.1.4/workspace/Lib_EaBaseBoard/Debug/libLib_EaBaseBoard.a(rgb.o)
                0x0000000000002134                rgb_init
 .text.rgb_setLeds
                0x000000000000216c       0x38 /Users/Wenhao/Documents/LPCXpresso_6.1.4/workspace/Lib_EaBaseBoard/Debug/libLib_EaBaseBoard.a(rgb.o)
                0x000000000000216c                rgb_setLeds
 .text.temp_init
                0x00000000000021a4       0x2c /Users/Wenhao/Documents/LPCXpresso_6.1.4/workspace/Lib_EaBaseBoard/Debug/libLib_EaBaseBoard.a(temp.o)
                0x00000000000021a4                temp_init
 .text.temp_read
                0x00000000000021d0      0x10c /Users/Wenhao/Documents/LPCXpresso_6.1.4/workspace/Lib_EaBaseBoard/Debug/libLib_EaBaseBoard.a(temp.o)
                0x00000000000021d0                temp_read
 .text.GPIO_GetPointer
                0x00000000000022dc       0x7c /Users/Wenhao/Documents/LPCXpresso_6.1.4/workspace/Lib_MCU/Debug/libLib_MCU.a(lpc17xx_gpio.o)
 .text.GPIO_SetDir
                0x0000000000002358       0x54 /Users/Wenhao/Documents/LPCXpresso_6.1.4/workspace/Lib_MCU/Debug/libLib_MCU.a(lpc17xx_gpio.o)
                0x0000000000002358                GPIO_SetDir
 .text.GPIO_SetValue
                0x00000000000023ac       0x2c /Users/Wenhao/Documents/LPCXpresso_6.1.4/workspace/Lib_MCU/Debug/libLib_MCU.a(lpc17xx_gpio.o)
                0x00000000000023ac                GPIO_SetValue
 .text.GPIO_ClearValue
                0x00000000000023d8       0x2c /Users/Wenhao/Documents/LPCXpresso_6.1.4/workspace/Lib_MCU/Debug/libLib_MCU.a(lpc17xx_gpio.o)
                0x00000000000023d8                GPIO_ClearValue
 .text.GPIO_ReadValue
                0x0000000000002404       0x30 /Users/Wenhao/Documents/LPCXpresso_6.1.4/workspace/Lib_MCU/Debug/libLib_MCU.a(lpc17xx_gpio.o)
                0x0000000000002404                GPIO_ReadValue
 .text.NVIC_EnableIRQ
                0x0000000000002434       0x38 /Users/Wenhao/Documents/LPCXpresso_6.1.4/workspace/Lib_MCU/Debug/libLib_MCU.a(lpc17xx_i2c.o)
 .text.NVIC_DisableIRQ
                0x000000000000246c       0x3c /Users/Wenhao/Documents/LPCXpresso_6.1.4/workspace/Lib_MCU/Debug/libLib_MCU.a(lpc17xx_i2c.o)
 .text.I2C_getNum
                0x00000000000024a8       0x54 /Users/Wenhao/Documents/LPCXpresso_6.1.4/workspace/Lib_MCU/Debug/libLib_MCU.a(lpc17xx_i2c.o)
 .text.I2C_Start
                0x00000000000024fc       0x44 /Users/Wenhao/Documents/LPCXpresso_6.1.4/workspace/Lib_MCU/Debug/libLib_MCU.a(lpc17xx_i2c.o)
 .text.I2C_Stop
                0x0000000000002540       0x38 /Users/Wenhao/Documents/LPCXpresso_6.1.4/workspace/Lib_MCU/Debug/libLib_MCU.a(lpc17xx_i2c.o)
 .text.I2C_SendByte
                0x0000000000002578       0x50 /Users/Wenhao/Documents/LPCXpresso_6.1.4/workspace/Lib_MCU/Debug/libLib_MCU.a(lpc17xx_i2c.o)
 .text.I2C_GetByte
                0x00000000000025c8       0x5c /Users/Wenhao/Documents/LPCXpresso_6.1.4/workspace/Lib_MCU/Debug/libLib_MCU.a(lpc17xx_i2c.o)
 .text.I2C_IntCmd
                0x0000000000002624       0xa8 /Users/Wenhao/Documents/LPCXpresso_6.1.4/workspace/Lib_MCU/Debug/libLib_MCU.a(lpc17xx_i2c.o)
                0x0000000000002624                I2C_IntCmd
 .text.I2C_MasterHandler
                0x00000000000026cc      0x408 /Users/Wenhao/Documents/LPCXpresso_6.1.4/workspace/Lib_MCU/Debug/libLib_MCU.a(lpc17xx_i2c.o)
                0x00000000000026cc                I2C_MasterHandler
 .text.I2C_SetClock
                0x0000000000002ad4       0xc8 /Users/Wenhao/Documents/LPCXpresso_6.1.4/workspace/Lib_MCU/Debug/libLib_MCU.a(lpc17xx_i2c.o)
                0x0000000000002ad4                I2C_SetClock
 .text.I2C_Init
                0x0000000000002b9c       0xd8 /Users/Wenhao/Documents/LPCXpresso_6.1.4/workspace/Lib_MCU/Debug/libLib_MCU.a(lpc17xx_i2c.o)
                0x0000000000002b9c                I2C_Init
 .text.I2C_Cmd  0x0000000000002c74       0x84 /Users/Wenhao/Documents/LPCXpresso_6.1.4/workspace/Lib_MCU/Debug/libLib_MCU.a(lpc17xx_i2c.o)
                0x0000000000002c74                I2C_Cmd
 .text.I2C_MasterTransferData
                0x0000000000002cf8      0x390 /Users/Wenhao/Documents/LPCXpresso_6.1.4/workspace/Lib_MCU/Debug/libLib_MCU.a(lpc17xx_i2c.o)
                0x0000000000002cf8                I2C_MasterTransferData
 .text.PINSEL_SetPinFunc
                0x0000000000003088       0x9c /Users/Wenhao/Documents/LPCXpresso_6.1.4/workspace/Lib_MCU/Debug/libLib_MCU.a(lpc17xx_pinsel.o)
                0x0000000000003088                PINSEL_SetPinFunc
 .text.PINSEL_SetResistorMode
                0x0000000000003124       0x9c /Users/Wenhao/Documents/LPCXpresso_6.1.4/workspace/Lib_MCU/Debug/libLib_MCU.a(lpc17xx_pinsel.o)
                0x0000000000003124                PINSEL_SetResistorMode
 .text.PINSEL_SetOpenDrainMode
                0x00000000000031c0       0x7c /Users/Wenhao/Documents/LPCXpresso_6.1.4/workspace/Lib_MCU/Debug/libLib_MCU.a(lpc17xx_pinsel.o)
                0x00000000000031c0                PINSEL_SetOpenDrainMode
 .text.PINSEL_ConfigPin
                0x000000000000323c       0x54 /Users/Wenhao/Documents/LPCXpresso_6.1.4/workspace/Lib_MCU/Debug/libLib_MCU.a(lpc17xx_pinsel.o)
                0x000000000000323c                PINSEL_ConfigPin
 .text.SSP_getNum
                0x0000000000003290       0x40 /Users/Wenhao/Documents/LPCXpresso_6.1.4/workspace/Lib_MCU/Debug/libLib_MCU.a(lpc17xx_ssp.o)
 .text.SSP_IntHandler
                0x00000000000032d0      0x338 /Users/Wenhao/Documents/LPCXpresso_6.1.4/workspace/Lib_MCU/Debug/libLib_MCU.a(lpc17xx_ssp.o)
                0x00000000000032d0                SSP_IntHandler
 .text.SSP_SetClock
                0x0000000000003608       0xf8 /Users/Wenhao/Documents/LPCXpresso_6.1.4/workspace/Lib_MCU/Debug/libLib_MCU.a(lpc17xx_ssp.o)
                0x0000000000003608                SSP_SetClock
 .text.SSP_Init
                0x0000000000003700      0x10c /Users/Wenhao/Documents/LPCXpresso_6.1.4/workspace/Lib_MCU/Debug/libLib_MCU.a(lpc17xx_ssp.o)
                0x0000000000003700                SSP_Init
 .text.SSP_ConfigStructInit
                0x000000000000380c       0x48 /Users/Wenhao/Documents/LPCXpresso_6.1.4/workspace/Lib_MCU/Debug/libLib_MCU.a(lpc17xx_ssp.o)
                0x000000000000380c                SSP_ConfigStructInit
 .text.SSP_Cmd  0x0000000000003854       0x7c /Users/Wenhao/Documents/LPCXpresso_6.1.4/workspace/Lib_MCU/Debug/libLib_MCU.a(lpc17xx_ssp.o)
                0x0000000000003854                SSP_Cmd
 .text.SSP_SendData
                0x00000000000038d0       0x48 /Users/Wenhao/Documents/LPCXpresso_6.1.4/workspace/Lib_MCU/Debug/libLib_MCU.a(lpc17xx_ssp.o)
                0x00000000000038d0                SSP_SendData
 .text.SSP_ReceiveData
                0x0000000000003918       0x44 /Users/Wenhao/Documents/LPCXpresso_6.1.4/workspace/Lib_MCU/Debug/libLib_MCU.a(lpc17xx_ssp.o)
                0x0000000000003918                SSP_ReceiveData
 .text.SSP_ReadWrite
                0x000000000000395c      0x440 /Users/Wenhao/Documents/LPCXpresso_6.1.4/workspace/Lib_MCU/Debug/libLib_MCU.a(lpc17xx_ssp.o)
                0x000000000000395c                SSP_ReadWrite
 .text.TIM_GetPClock
                0x0000000000003d9c       0x68 /Users/Wenhao/Documents/LPCXpresso_6.1.4/workspace/Lib_MCU/Debug/libLib_MCU.a(lpc17xx_timer.o)
                0x0000000000003d9c                TIM_GetPClock
 .text.TIM_ConverUSecToVal
                0x0000000000003e04       0x64 /Users/Wenhao/Documents/LPCXpresso_6.1.4/workspace/Lib_MCU/Debug/libLib_MCU.a(lpc17xx_timer.o)
                0x0000000000003e04                TIM_ConverUSecToVal
 .text.TIM_ConverPtrToTimeNum
                0x0000000000003e68       0x6c /Users/Wenhao/Documents/LPCXpresso_6.1.4/workspace/Lib_MCU/Debug/libLib_MCU.a(lpc17xx_timer.o)
                0x0000000000003e68                TIM_ConverPtrToTimeNum
 .text.TIM_GetIntStatus
                0x0000000000003ed4       0xb4 /Users/Wenhao/Documents/LPCXpresso_6.1.4/workspace/Lib_MCU/Debug/libLib_MCU.a(lpc17xx_timer.o)
                0x0000000000003ed4                TIM_GetIntStatus
 .text.TIM_ClearIntPending
                0x0000000000003f88       0xa0 /Users/Wenhao/Documents/LPCXpresso_6.1.4/workspace/Lib_MCU/Debug/libLib_MCU.a(lpc17xx_timer.o)
                0x0000000000003f88                TIM_ClearIntPending
 .text.TIM_Init
                0x0000000000004028      0x1bc /Users/Wenhao/Documents/LPCXpresso_6.1.4/workspace/Lib_MCU/Debug/libLib_MCU.a(lpc17xx_timer.o)
                0x0000000000004028                TIM_Init
 .text.TIM_Cmd  0x00000000000041e4       0x78 /Users/Wenhao/Documents/LPCXpresso_6.1.4/workspace/Lib_MCU/Debug/libLib_MCU.a(lpc17xx_timer.o)
                0x00000000000041e4                TIM_Cmd
 .text.TIM_ConfigMatch
                0x000000000000425c      0x19c /Users/Wenhao/Documents/LPCXpresso_6.1.4/workspace/Lib_MCU/Debug/libLib_MCU.a(lpc17xx_timer.o)
                0x000000000000425c                TIM_ConfigMatch
 .text.Timer0_Wait
                0x00000000000043f8       0x8c /Users/Wenhao/Documents/LPCXpresso_6.1.4/workspace/Lib_MCU/Debug/libLib_MCU.a(lpc17xx_timer.o)
                0x00000000000043f8                Timer0_Wait
 .text.CLKPWR_SetPCLKDiv
                0x0000000000004484       0xcc /Users/Wenhao/Documents/LPCXpresso_6.1.4/workspace/Lib_MCU/Debug/libLib_MCU.a(lpc17xx_clkpwr.o)
                0x0000000000004484                CLKPWR_SetPCLKDiv
 .text.CLKPWR_GetPCLKSEL
                0x0000000000004550       0x54 /Users/Wenhao/Documents/LPCXpresso_6.1.4/workspace/Lib_MCU/Debug/libLib_MCU.a(lpc17xx_clkpwr.o)
                0x0000000000004550                CLKPWR_GetPCLKSEL
 .text.CLKPWR_GetPCLK
                0x00000000000045a4       0x74 /Users/Wenhao/Documents/LPCXpresso_6.1.4/workspace/Lib_MCU/Debug/libLib_MCU.a(lpc17xx_clkpwr.o)
                0x00000000000045a4                CLKPWR_GetPCLK
 .text.CLKPWR_ConfigPPWR
                0x0000000000004618       0x78 /Users/Wenhao/Documents/LPCXpresso_6.1.4/workspace/Lib_MCU/Debug/libLib_MCU.a(lpc17xx_clkpwr.o)
                0x0000000000004618                CLKPWR_ConfigPPWR
 .text          0x0000000000004690      0x370 /Applications/lpcxpresso_6.1.4_194/lpcxpresso/tools/bin/../lib/gcc/arm-none-eabi/4.6.2/armv7-m/libgcc.a(_arm_addsubdf3.o)
                0x0000000000004690                __aeabi_drsub
                0x0000000000004698                __subdf3
                0x0000000000004698                __aeabi_dsub
                0x000000000000469c                __aeabi_dadd
                0x000000000000469c                __adddf3
                0x0000000000004914                __aeabi_ui2d
                0x0000000000004914                __floatunsidf
                0x0000000000004934                __floatsidf
                0x0000000000004934                __aeabi_i2d
                0x0000000000004958                __extendsfdf2
                0x0000000000004958                __aeabi_f2d
                0x0000000000004994                __aeabi_ul2d
                0x0000000000004994                __floatundidf
                0x00000000000049a4                __aeabi_l2d
                0x00000000000049a4                __floatdidf
 .text          0x0000000000004a00      0x424 /Applications/lpcxpresso_6.1.4_194/lpcxpresso/tools/bin/../lib/gcc/arm-none-eabi/4.6.2/armv7-m/libgcc.a(_arm_muldivdf3.o)
                0x0000000000004a00                __aeabi_dmul
                0x0000000000004a00                __muldf3
                0x0000000000004c54                __aeabi_ddiv
                0x0000000000004c54                __divdf3
 .text          0x0000000000004e24       0x2c /Applications/lpcxpresso_6.1.4_194/lpcxpresso/tools/bin/../lib/gcc/arm-none-eabi/4.6.2/armv7-m/libgcc.a(_aeabi_uldivmod.o)
                0x0000000000004e24                __aeabi_uldivmod
 .text          0x0000000000004e50       0x5c /Applications/lpcxpresso_6.1.4_194/lpcxpresso/tools/bin/../lib/gcc/arm-none-eabi/4.6.2/armv7-m/libgcc.a(bpabi.o)
                0x0000000000004e50                __gnu_ldivmod_helper
                0x0000000000004e80                __gnu_uldivmod_helper
 .text          0x0000000000004eac        0x4 /Applications/lpcxpresso_6.1.4_194/lpcxpresso/tools/bin/../lib/gcc/arm-none-eabi/4.6.2/armv7-m/libgcc.a(_dvmd_tls.o)
                0x0000000000004eac                __aeabi_ldiv0
                0x0000000000004eac                __aeabi_idiv0
 .text          0x0000000000004eb0      0x2c8 /Applications/lpcxpresso_6.1.4_194/lpcxpresso/tools/bin/../lib/gcc/arm-none-eabi/4.6.2/armv7-m/libgcc.a(_divdi3.o)
                0x0000000000004eb0                __divdi3
 .text          0x0000000000005178      0x298 /Applications/lpcxpresso_6.1.4_194/lpcxpresso/tools/bin/../lib/gcc/arm-none-eabi/4.6.2/armv7-m/libgcc.a(_udivdi3.o)
                0x0000000000005178                __udivdi3
 .text.clock    0x0000000000005410       0x28 /Applications/lpcxpresso_6.1.4_194/lpcxpresso/tools/bin/../lib/gcc/arm-none-eabi/4.6.2/../../../../arm-none-eabi/lib/armv7-m/libc.a(lib_a-clock.o)
                0x0000000000005410                clock
 .text.memset   0x0000000000005438       0x90 /Applications/lpcxpresso_6.1.4_194/lpcxpresso/tools/bin/../lib/gcc/arm-none-eabi/4.6.2/../../../../arm-none-eabi/lib/armv7-m/libc.a(lib_a-memset.o)
                0x0000000000005438                memset
 .text.printf   0x00000000000054c8       0x2c /Applications/lpcxpresso_6.1.4_194/lpcxpresso/tools/bin/../lib/gcc/arm-none-eabi/4.6.2/../../../../arm-none-eabi/lib/armv7-m/libc.a(lib_a-printf.o)
                0x00000000000054c8                printf
 .text.sprintf  0x00000000000054f4       0x50 /Applications/lpcxpresso_6.1.4_194/lpcxpresso/tools/bin/../lib/gcc/arm-none-eabi/4.6.2/../../../../arm-none-eabi/lib/armv7-m/libc.a(lib_a-sprintf.o)
                0x00000000000054f4                sprintf
 .text._svfprintf_r
                0x0000000000005544     0x1408 /Applications/lpcxpresso_6.1.4_194/lpcxpresso/tools/bin/../lib/gcc/arm-none-eabi/4.6.2/../../../../arm-none-eabi/lib/armv7-m/libc.a(lib_a-svfprintf.o)
                0x0000000000005544                _svfprintf_r
 .text._times_r
                0x000000000000694c        0x8 /Applications/lpcxpresso_6.1.4_194/lpcxpresso/tools/bin/../lib/gcc/arm-none-eabi/4.6.2/../../../../arm-none-eabi/lib/armv7-m/libc.a(lib_a-timesr.o)
                0x000000000000694c                _times_r
 .text._vfprintf_r
                0x0000000000006954     0x171c /Applications/lpcxpresso_6.1.4_194/lpcxpresso/tools/bin/../lib/gcc/arm-none-eabi/4.6.2/../../../../arm-none-eabi/lib/armv7-m/libc.a(lib_a-vfprintf.o)
                0x0000000000006954                _vfprintf_r
 .text.__swsetup_r
                0x0000000000008070       0xb8 /Applications/lpcxpresso_6.1.4_194/lpcxpresso/tools/bin/../lib/gcc/arm-none-eabi/4.6.2/../../../../arm-none-eabi/lib/armv7-m/libc.a(lib_a-wsetup.o)
                0x0000000000008070                __swsetup_r
 .text.quorem   0x0000000000008128      0x150 /Applications/lpcxpresso_6.1.4_194/lpcxpresso/tools/bin/../lib/gcc/arm-none-eabi/4.6.2/../../../../arm-none-eabi/lib/armv7-m/libc.a(lib_a-dtoa.o)
 .text._dtoa_r  0x0000000000008278      0xe60 /Applications/lpcxpresso_6.1.4_194/lpcxpresso/tools/bin/../lib/gcc/arm-none-eabi/4.6.2/../../../../arm-none-eabi/lib/armv7-m/libc.a(lib_a-dtoa.o)
                0x0000000000008278                _dtoa_r
 .text._fflush_r
                0x00000000000090d8      0x16c /Applications/lpcxpresso_6.1.4_194/lpcxpresso/tools/bin/../lib/gcc/arm-none-eabi/4.6.2/../../../../arm-none-eabi/lib/armv7-m/libc.a(lib_a-fflush.o)
                0x00000000000090d8                _fflush_r
 .text._cleanup_r
                0x0000000000009244        0xc /Applications/lpcxpresso_6.1.4_194/lpcxpresso/tools/bin/../lib/gcc/arm-none-eabi/4.6.2/../../../../arm-none-eabi/lib/armv7-m/libc.a(lib_a-findfp.o)
                0x0000000000009244                _cleanup_r
 .text.std.isra.0
                0x0000000000009250       0x50 /Applications/lpcxpresso_6.1.4_194/lpcxpresso/tools/bin/../lib/gcc/arm-none-eabi/4.6.2/../../../../arm-none-eabi/lib/armv7-m/libc.a(lib_a-findfp.o)
 .text.__sinit  0x00000000000092a0       0x4c /Applications/lpcxpresso_6.1.4_194/lpcxpresso/tools/bin/../lib/gcc/arm-none-eabi/4.6.2/../../../../arm-none-eabi/lib/armv7-m/libc.a(lib_a-findfp.o)
                0x00000000000092a0                __sinit
 .text.__sfp_lock_acquire
                0x00000000000092ec        0x4 /Applications/lpcxpresso_6.1.4_194/lpcxpresso/tools/bin/../lib/gcc/arm-none-eabi/4.6.2/../../../../arm-none-eabi/lib/armv7-m/libc.a(lib_a-findfp.o)
                0x00000000000092ec                __sfp_lock_acquire
 .text.__sfp_lock_release
                0x00000000000092f0        0x4 /Applications/lpcxpresso_6.1.4_194/lpcxpresso/tools/bin/../lib/gcc/arm-none-eabi/4.6.2/../../../../arm-none-eabi/lib/armv7-m/libc.a(lib_a-findfp.o)
                0x00000000000092f0                __sfp_lock_release
 .text._malloc_trim_r
                0x00000000000092f4       0xa0 /Applications/lpcxpresso_6.1.4_194/lpcxpresso/tools/bin/../lib/gcc/arm-none-eabi/4.6.2/../../../../arm-none-eabi/lib/armv7-m/libc.a(lib_a-freer.o)
                0x00000000000092f4                _malloc_trim_r
 .text._free_r  0x0000000000009394      0x190 /Applications/lpcxpresso_6.1.4_194/lpcxpresso/tools/bin/../lib/gcc/arm-none-eabi/4.6.2/../../../../arm-none-eabi/lib/armv7-m/libc.a(lib_a-freer.o)
                0x0000000000009394                _free_r
 .text._fwalk   0x0000000000009524       0x54 /Applications/lpcxpresso_6.1.4_194/lpcxpresso/tools/bin/../lib/gcc/arm-none-eabi/4.6.2/../../../../arm-none-eabi/lib/armv7-m/libc.a(lib_a-fwalk.o)
                0x0000000000009524                _fwalk
 .text.__locale_charset
                0x0000000000009578        0xc /Applications/lpcxpresso_6.1.4_194/lpcxpresso/tools/bin/../lib/gcc/arm-none-eabi/4.6.2/../../../../arm-none-eabi/lib/armv7-m/libc.a(lib_a-locale.o)
                0x0000000000009578                __locale_charset
 .text.__locale_mb_cur_max
                0x0000000000009584        0xc /Applications/lpcxpresso_6.1.4_194/lpcxpresso/tools/bin/../lib/gcc/arm-none-eabi/4.6.2/../../../../arm-none-eabi/lib/armv7-m/libc.a(lib_a-locale.o)
                0x0000000000009584                __locale_mb_cur_max
 .text._localeconv_r
                0x0000000000009590        0xc /Applications/lpcxpresso_6.1.4_194/lpcxpresso/tools/bin/../lib/gcc/arm-none-eabi/4.6.2/../../../../arm-none-eabi/lib/armv7-m/libc.a(lib_a-locale.o)
                0x0000000000009590                _localeconv_r
 .text.__smakebuf_r
                0x000000000000959c       0xe0 /Applications/lpcxpresso_6.1.4_194/lpcxpresso/tools/bin/../lib/gcc/arm-none-eabi/4.6.2/../../../../arm-none-eabi/lib/armv7-m/libc.a(lib_a-makebuf.o)
                0x000000000000959c                __smakebuf_r
 .text._malloc_r
                0x000000000000967c      0x528 /Applications/lpcxpresso_6.1.4_194/lpcxpresso/tools/bin/../lib/gcc/arm-none-eabi/4.6.2/../../../../arm-none-eabi/lib/armv7-m/libc.a(lib_a-mallocr.o)
                0x000000000000967c                _malloc_r
 .text.memchr   0x0000000000009ba4       0x84 /Applications/lpcxpresso_6.1.4_194/lpcxpresso/tools/bin/../lib/gcc/arm-none-eabi/4.6.2/../../../../arm-none-eabi/lib/armv7-m/libc.a(lib_a-memchr.o)
                0x0000000000009ba4                memchr
 .text.memcpy   0x0000000000009c28       0x84 /Applications/lpcxpresso_6.1.4_194/lpcxpresso/tools/bin/../lib/gcc/arm-none-eabi/4.6.2/../../../../arm-none-eabi/lib/armv7-m/libc.a(lib_a-memcpy.o)
                0x0000000000009c28                memcpy
 .text.__malloc_lock
                0x0000000000009cac        0x4 /Applications/lpcxpresso_6.1.4_194/lpcxpresso/tools/bin/../lib/gcc/arm-none-eabi/4.6.2/../../../../arm-none-eabi/lib/armv7-m/libc.a(lib_a-mlock.o)
                0x0000000000009cac                __malloc_lock
 .text.__malloc_unlock
                0x0000000000009cb0        0x4 /Applications/lpcxpresso_6.1.4_194/lpcxpresso/tools/bin/../lib/gcc/arm-none-eabi/4.6.2/../../../../arm-none-eabi/lib/armv7-m/libc.a(lib_a-mlock.o)
                0x0000000000009cb0                __malloc_unlock
 .text._Balloc  0x0000000000009cb4       0x4c /Applications/lpcxpresso_6.1.4_194/lpcxpresso/tools/bin/../lib/gcc/arm-none-eabi/4.6.2/../../../../arm-none-eabi/lib/armv7-m/libc.a(lib_a-mprec.o)
                0x0000000000009cb4                _Balloc
 .text._Bfree   0x0000000000009d00       0x14 /Applications/lpcxpresso_6.1.4_194/lpcxpresso/tools/bin/../lib/gcc/arm-none-eabi/4.6.2/../../../../arm-none-eabi/lib/armv7-m/libc.a(lib_a-mprec.o)
                0x0000000000009d00                _Bfree
 .text.__multadd
                0x0000000000009d14       0x84 /Applications/lpcxpresso_6.1.4_194/lpcxpresso/tools/bin/../lib/gcc/arm-none-eabi/4.6.2/../../../../arm-none-eabi/lib/armv7-m/libc.a(lib_a-mprec.o)
                0x0000000000009d14                __multadd
 .text.__hi0bits
                0x0000000000009d98       0x3c /Applications/lpcxpresso_6.1.4_194/lpcxpresso/tools/bin/../lib/gcc/arm-none-eabi/4.6.2/../../../../arm-none-eabi/lib/armv7-m/libc.a(lib_a-mprec.o)
                0x0000000000009d98                __hi0bits
 .text.__lo0bits
                0x0000000000009dd4       0x5c /Applications/lpcxpresso_6.1.4_194/lpcxpresso/tools/bin/../lib/gcc/arm-none-eabi/4.6.2/../../../../arm-none-eabi/lib/armv7-m/libc.a(lib_a-mprec.o)
                0x0000000000009dd4                __lo0bits
 .text.__i2b    0x0000000000009e30       0x14 /Applications/lpcxpresso_6.1.4_194/lpcxpresso/tools/bin/../lib/gcc/arm-none-eabi/4.6.2/../../../../arm-none-eabi/lib/armv7-m/libc.a(lib_a-mprec.o)
                0x0000000000009e30                __i2b
 .text.__multiply
                0x0000000000009e44      0x144 /Applications/lpcxpresso_6.1.4_194/lpcxpresso/tools/bin/../lib/gcc/arm-none-eabi/4.6.2/../../../../arm-none-eabi/lib/armv7-m/libc.a(lib_a-mprec.o)
                0x0000000000009e44                __multiply
 .text.__pow5mult
                0x0000000000009f88       0x98 /Applications/lpcxpresso_6.1.4_194/lpcxpresso/tools/bin/../lib/gcc/arm-none-eabi/4.6.2/../../../../arm-none-eabi/lib/armv7-m/libc.a(lib_a-mprec.o)
                0x0000000000009f88                __pow5mult
 .text.__lshift
                0x000000000000a020       0xc0 /Applications/lpcxpresso_6.1.4_194/lpcxpresso/tools/bin/../lib/gcc/arm-none-eabi/4.6.2/../../../../arm-none-eabi/lib/armv7-m/libc.a(lib_a-mprec.o)
                0x000000000000a020                __lshift
 .text.__mcmp   0x000000000000a0e0       0x3c /Applications/lpcxpresso_6.1.4_194/lpcxpresso/tools/bin/../lib/gcc/arm-none-eabi/4.6.2/../../../../arm-none-eabi/lib/armv7-m/libc.a(lib_a-mprec.o)
                0x000000000000a0e0                __mcmp
 .text.__mdiff  0x000000000000a11c       0xd8 /Applications/lpcxpresso_6.1.4_194/lpcxpresso/tools/bin/../lib/gcc/arm-none-eabi/4.6.2/../../../../arm-none-eabi/lib/armv7-m/libc.a(lib_a-mprec.o)
                0x000000000000a11c                __mdiff
 .text.__d2b    0x000000000000a1f4       0xcc /Applications/lpcxpresso_6.1.4_194/lpcxpresso/tools/bin/../lib/gcc/arm-none-eabi/4.6.2/../../../../arm-none-eabi/lib/armv7-m/libc.a(lib_a-mprec.o)
                0x000000000000a1f4                __d2b
 .text.__fpclassifyd
                0x000000000000a2c0       0x68 /Applications/lpcxpresso_6.1.4_194/lpcxpresso/tools/bin/../lib/gcc/arm-none-eabi/4.6.2/../../../../arm-none-eabi/lib/armv7-m/libc.a(lib_a-s_fpclassify.o)
                0x000000000000a2c0                __fpclassifyd
 .text._sbrk_r  0x000000000000a328       0x24 /Applications/lpcxpresso_6.1.4_194/lpcxpresso/tools/bin/../lib/gcc/arm-none-eabi/4.6.2/../../../../arm-none-eabi/lib/armv7-m/libc.a(lib_a-sbrkr.o)
                0x000000000000a328                _sbrk_r
 .text.__sread  0x000000000000a34c       0x24 /Applications/lpcxpresso_6.1.4_194/lpcxpresso/tools/bin/../lib/gcc/arm-none-eabi/4.6.2/../../../../arm-none-eabi/lib/armv7-m/libc.a(lib_a-stdio.o)
                0x000000000000a34c                __sread
 .text.__swrite
                0x000000000000a370       0x40 /Applications/lpcxpresso_6.1.4_194/lpcxpresso/tools/bin/../lib/gcc/arm-none-eabi/4.6.2/../../../../arm-none-eabi/lib/armv7-m/libc.a(lib_a-stdio.o)
                0x000000000000a370                __swrite
 .text.__sseek  0x000000000000a3b0       0x24 /Applications/lpcxpresso_6.1.4_194/lpcxpresso/tools/bin/../lib/gcc/arm-none-eabi/4.6.2/../../../../arm-none-eabi/lib/armv7-m/libc.a(lib_a-stdio.o)
                0x000000000000a3b0                __sseek
 .text.__sclose
                0x000000000000a3d4        0x8 /Applications/lpcxpresso_6.1.4_194/lpcxpresso/tools/bin/../lib/gcc/arm-none-eabi/4.6.2/../../../../arm-none-eabi/lib/armv7-m/libc.a(lib_a-stdio.o)
                0x000000000000a3d4                __sclose
 .text.strlen   0x000000000000a3dc       0x60 /Applications/lpcxpresso_6.1.4_194/lpcxpresso/tools/bin/../lib/gcc/arm-none-eabi/4.6.2/../../../../arm-none-eabi/lib/armv7-m/libc.a(lib_a-strlen.o)
                0x000000000000a3dc                strlen
 .text.__ssprint_r
                0x000000000000a43c       0xf8 /Applications/lpcxpresso_6.1.4_194/lpcxpresso/tools/bin/../lib/gcc/arm-none-eabi/4.6.2/../../../../arm-none-eabi/lib/armv7-m/libc.a(lib_a-svfiprintf.o)
                0x000000000000a43c                __ssprint_r
 .text.__sprint_r
                0x000000000000a534       0x80 /Applications/lpcxpresso_6.1.4_194/lpcxpresso/tools/bin/../lib/gcc/arm-none-eabi/4.6.2/../../../../arm-none-eabi/lib/armv7-m/libc.a(lib_a-vfiprintf.o)
                0x000000000000a534                __sprint_r
 .text._write_r
                0x000000000000a5b4       0x28 /Applications/lpcxpresso_6.1.4_194/lpcxpresso/tools/bin/../lib/gcc/arm-none-eabi/4.6.2/../../../../arm-none-eabi/lib/armv7-m/libc.a(lib_a-writer.o)
                0x000000000000a5b4                _write_r
 .text._calloc_r
                0x000000000000a5dc       0x60 /Applications/lpcxpresso_6.1.4_194/lpcxpresso/tools/bin/../lib/gcc/arm-none-eabi/4.6.2/../../../../arm-none-eabi/lib/armv7-m/libc.a(lib_a-callocr.o)
                0x000000000000a5dc                _calloc_r
 .text._close_r
                0x000000000000a63c       0x24 /Applications/lpcxpresso_6.1.4_194/lpcxpresso/tools/bin/../lib/gcc/arm-none-eabi/4.6.2/../../../../arm-none-eabi/lib/armv7-m/libc.a(lib_a-closer.o)
                0x000000000000a63c                _close_r
 .text._fclose_r
                0x000000000000a660       0x90 /Applications/lpcxpresso_6.1.4_194/lpcxpresso/tools/bin/../lib/gcc/arm-none-eabi/4.6.2/../../../../arm-none-eabi/lib/armv7-m/libc.a(lib_a-fclose.o)
                0x000000000000a660                _fclose_r
 .text.fclose   0x000000000000a6f0       0x14 /Applications/lpcxpresso_6.1.4_194/lpcxpresso/tools/bin/../lib/gcc/arm-none-eabi/4.6.2/../../../../arm-none-eabi/lib/armv7-m/libc.a(lib_a-fclose.o)
                0x000000000000a6f0                fclose
 .text._fputwc_r
                0x000000000000a704       0xd0 /Applications/lpcxpresso_6.1.4_194/lpcxpresso/tools/bin/../lib/gcc/arm-none-eabi/4.6.2/../../../../arm-none-eabi/lib/armv7-m/libc.a(lib_a-fputwc.o)
                0x000000000000a704                _fputwc_r
 .text._fstat_r
                0x000000000000a7d4       0x28 /Applications/lpcxpresso_6.1.4_194/lpcxpresso/tools/bin/../lib/gcc/arm-none-eabi/4.6.2/../../../../arm-none-eabi/lib/armv7-m/libc.a(lib_a-fstatr.o)
                0x000000000000a7d4                _fstat_r
 .text.__sfvwrite_r
                0x000000000000a7fc      0x2e8 /Applications/lpcxpresso_6.1.4_194/lpcxpresso/tools/bin/../lib/gcc/arm-none-eabi/4.6.2/../../../../arm-none-eabi/lib/armv7-m/libc.a(lib_a-fvwrite.o)
                0x000000000000a7fc                __sfvwrite_r
 .text._isatty_r
                0x000000000000aae4       0x24 /Applications/lpcxpresso_6.1.4_194/lpcxpresso/tools/bin/../lib/gcc/arm-none-eabi/4.6.2/../../../../arm-none-eabi/lib/armv7-m/libc.a(lib_a-isattyr.o)
                0x000000000000aae4                _isatty_r
 .text._lseek_r
                0x000000000000ab08       0x28 /Applications/lpcxpresso_6.1.4_194/lpcxpresso/tools/bin/../lib/gcc/arm-none-eabi/4.6.2/../../../../arm-none-eabi/lib/armv7-m/libc.a(lib_a-lseekr.o)
                0x000000000000ab08                _lseek_r
 .text.memmove  0x000000000000ab30       0xb0 /Applications/lpcxpresso_6.1.4_194/lpcxpresso/tools/bin/../lib/gcc/arm-none-eabi/4.6.2/../../../../arm-none-eabi/lib/armv7-m/libc.a(lib_a-memmove.o)
                0x000000000000ab30                memmove
 .text._read_r  0x000000000000abe0       0x28 /Applications/lpcxpresso_6.1.4_194/lpcxpresso/tools/bin/../lib/gcc/arm-none-eabi/4.6.2/../../../../arm-none-eabi/lib/armv7-m/libc.a(lib_a-readr.o)
                0x000000000000abe0                _read_r
 .text._realloc_r
                0x000000000000ac08      0x3f4 /Applications/lpcxpresso_6.1.4_194/lpcxpresso/tools/bin/../lib/gcc/arm-none-eabi/4.6.2/../../../../arm-none-eabi/lib/armv7-m/libc.a(lib_a-reallocr.o)
                0x000000000000ac08                _realloc_r
 .text.__swbuf_r
                0x000000000000affc       0xc0 /Applications/lpcxpresso_6.1.4_194/lpcxpresso/tools/bin/../lib/gcc/arm-none-eabi/4.6.2/../../../../arm-none-eabi/lib/armv7-m/libc.a(lib_a-wbuf.o)
                0x000000000000affc                __swbuf_r
 .text._wcrtomb_r
                0x000000000000b0bc       0x4c /Applications/lpcxpresso_6.1.4_194/lpcxpresso/tools/bin/../lib/gcc/arm-none-eabi/4.6.2/../../../../arm-none-eabi/lib/armv7-m/libc.a(lib_a-wcrtomb.o)
                0x000000000000b0bc                _wcrtomb_r
 .text.__ascii_wctomb
                0x000000000000b108       0x1c /Applications/lpcxpresso_6.1.4_194/lpcxpresso/tools/bin/../lib/gcc/arm-none-eabi/4.6.2/../../../../arm-none-eabi/lib/armv7-m/libc.a(lib_a-wctomb_r.o)
                0x000000000000b108                __ascii_wctomb
 .text._sbrk    0x000000000000b124       0x3c /Applications/lpcxpresso_6.1.4_194/lpcxpresso/tools/bin/../lib/gcc/arm-none-eabi/4.6.2/../../../../arm-none-eabi/lib/armv7-m/libcr_newlib_semihost.a(_cr_sbrk.o)
                0x000000000000b124                _sbrk
 .text.do_AngelSWI
                0x000000000000b160       0x12 /Applications/lpcxpresso_6.1.4_194/lpcxpresso/tools/bin/../lib/gcc/arm-none-eabi/4.6.2/../../../../arm-none-eabi/lib/armv7-m/libcr_newlib_semihost.a(syscalls.o)
 *fill*         0x000000000000b172        0x2 00
 .text.initialise_monitor_handles
                0x000000000000b174       0x9c /Applications/lpcxpresso_6.1.4_194/lpcxpresso/tools/bin/../lib/gcc/arm-none-eabi/4.6.2/../../../../arm-none-eabi/lib/armv7-m/libcr_newlib_semihost.a(syscalls.o)
 .text.findslot
                0x000000000000b210       0x2c /Applications/lpcxpresso_6.1.4_194/lpcxpresso/tools/bin/../lib/gcc/arm-none-eabi/4.6.2/../../../../arm-none-eabi/lib/armv7-m/libcr_newlib_semihost.a(syscalls.o)
 .text.error    0x000000000000b23c       0x18 /Applications/lpcxpresso_6.1.4_194/lpcxpresso/tools/bin/../lib/gcc/arm-none-eabi/4.6.2/../../../../arm-none-eabi/lib/armv7-m/libcr_newlib_semihost.a(syscalls.o)
 .text.checkerror
                0x000000000000b254        0xc /Applications/lpcxpresso_6.1.4_194/lpcxpresso/tools/bin/../lib/gcc/arm-none-eabi/4.6.2/../../../../arm-none-eabi/lib/armv7-m/libcr_newlib_semihost.a(syscalls.o)
 .text._swiread
                0x000000000000b260       0x18 /Applications/lpcxpresso_6.1.4_194/lpcxpresso/tools/bin/../lib/gcc/arm-none-eabi/4.6.2/../../../../arm-none-eabi/lib/armv7-m/libcr_newlib_semihost.a(syscalls.o)
                0x000000000000b260                _swiread
 .text._read    0x000000000000b278       0x36 /Applications/lpcxpresso_6.1.4_194/lpcxpresso/tools/bin/../lib/gcc/arm-none-eabi/4.6.2/../../../../arm-none-eabi/lib/armv7-m/libcr_newlib_semihost.a(syscalls.o)
                0x000000000000b278                _read
 .text._swilseek
                0x000000000000b2ae       0x76 /Applications/lpcxpresso_6.1.4_194/lpcxpresso/tools/bin/../lib/gcc/arm-none-eabi/4.6.2/../../../../arm-none-eabi/lib/armv7-m/libcr_newlib_semihost.a(syscalls.o)
                0x000000000000b2ae                _swilseek
 .text._lseek   0x000000000000b324        0x4 /Applications/lpcxpresso_6.1.4_194/lpcxpresso/tools/bin/../lib/gcc/arm-none-eabi/4.6.2/../../../../arm-none-eabi/lib/armv7-m/libcr_newlib_semihost.a(syscalls.o)
                0x000000000000b324                _lseek
 .text._swiwrite
                0x000000000000b328       0x18 /Applications/lpcxpresso_6.1.4_194/lpcxpresso/tools/bin/../lib/gcc/arm-none-eabi/4.6.2/../../../../arm-none-eabi/lib/armv7-m/libcr_newlib_semihost.a(syscalls.o)
                0x000000000000b328                _swiwrite
 .text._write   0x000000000000b340       0x46 /Applications/lpcxpresso_6.1.4_194/lpcxpresso/tools/bin/../lib/gcc/arm-none-eabi/4.6.2/../../../../arm-none-eabi/lib/armv7-m/libcr_newlib_semihost.a(syscalls.o)
                0x000000000000b340                _write
 .text._swiclose
                0x000000000000b386       0x14 /Applications/lpcxpresso_6.1.4_194/lpcxpresso/tools/bin/../lib/gcc/arm-none-eabi/4.6.2/../../../../arm-none-eabi/lib/armv7-m/libcr_newlib_semihost.a(syscalls.o)
                0x000000000000b386                _swiclose
 *fill*         0x000000000000b39a        0x2 00
 .text._close   0x000000000000b39c       0x48 /Applications/lpcxpresso_6.1.4_194/lpcxpresso/tools/bin/../lib/gcc/arm-none-eabi/4.6.2/../../../../arm-none-eabi/lib/armv7-m/libcr_newlib_semihost.a(syscalls.o)
                0x000000000000b39c                _close
 .text._swistat
                0x000000000000b3e4       0x3e /Applications/lpcxpresso_6.1.4_194/lpcxpresso/tools/bin/../lib/gcc/arm-none-eabi/4.6.2/../../../../arm-none-eabi/lib/armv7-m/libcr_newlib_semihost.a(syscalls.o)
                0x000000000000b3e4                _swistat
 .text._fstat   0x000000000000b422       0x1c /Applications/lpcxpresso_6.1.4_194/lpcxpresso/tools/bin/../lib/gcc/arm-none-eabi/4.6.2/../../../../arm-none-eabi/lib/armv7-m/libcr_newlib_semihost.a(syscalls.o)
                0x000000000000b422                _fstat
 .text._clock   0x000000000000b43e        0x8 /Applications/lpcxpresso_6.1.4_194/lpcxpresso/tools/bin/../lib/gcc/arm-none-eabi/4.6.2/../../../../arm-none-eabi/lib/armv7-m/libcr_newlib_semihost.a(syscalls.o)
                0x000000000000b43e                _clock
 .text._times   0x000000000000b446       0x16 /Applications/lpcxpresso_6.1.4_194/lpcxpresso/tools/bin/../lib/gcc/arm-none-eabi/4.6.2/../../../../arm-none-eabi/lib/armv7-m/libcr_newlib_semihost.a(syscalls.o)
                0x000000000000b446                _times
 .text._isatty  0x000000000000b45c       0x26 /Applications/lpcxpresso_6.1.4_194/lpcxpresso/tools/bin/../lib/gcc/arm-none-eabi/4.6.2/../../../../arm-none-eabi/lib/armv7-m/libcr_newlib_semihost.a(syscalls.o)
                0x000000000000b45c                _isatty
 *fill*         0x000000000000b482        0x2 00
 .text.__check_heap_overflow
                0x000000000000b484       0x2c /Applications/lpcxpresso_6.1.4_194/lpcxpresso/tools/bin/../lib/gcc/arm-none-eabi/4.6.2/../../../../arm-none-eabi/lib/armv7-m/libcr_newlib_semihost.a(_cr_check_heap.o)
                0x000000000000b484                __check_heap_overflow
 .text          0x000000000000b4b0      0x110 /Applications/lpcxpresso_6.1.4_194/lpcxpresso/tools/bin/../lib/gcc/arm-none-eabi/4.6.2/armv7-m/libgcc.a(_arm_cmpdf2.o)
                0x000000000000b4b0                __gtdf2
                0x000000000000b4b0                __gedf2
                0x000000000000b4b8                __ltdf2
                0x000000000000b4b8                __ledf2
                0x000000000000b4c0                __eqdf2
                0x000000000000b4c0                __nedf2
                0x000000000000b4c0                __cmpdf2
                0x000000000000b53c                __aeabi_cdrcmple
                0x000000000000b54c                __aeabi_cdcmple
                0x000000000000b54c                __aeabi_cdcmpeq
                0x000000000000b55c                __aeabi_dcmpeq
                0x000000000000b570                __aeabi_dcmplt
                0x000000000000b584                __aeabi_dcmple
                0x000000000000b598                __aeabi_dcmpge
                0x000000000000b5ac                __aeabi_dcmpgt
 .text          0x000000000000b5c0       0x50 /Applications/lpcxpresso_6.1.4_194/lpcxpresso/tools/bin/../lib/gcc/arm-none-eabi/4.6.2/armv7-m/libgcc.a(_arm_fixdfsi.o)
                0x000000000000b5c0                __fixdfsi
                0x000000000000b5c0                __aeabi_d2iz
 .text.__errno  0x000000000000b610        0xc /Applications/lpcxpresso_6.1.4_194/lpcxpresso/tools/bin/../lib/gcc/arm-none-eabi/4.6.2/../../../../arm-none-eabi/lib/armv7-m/libc.a(lib_a-errno.o)
                0x000000000000b610                __errno
 *(.rodata .rodata.* .constdata .constdata.*)
 .rodata        0x000000000000b61c      0x134 ./src/main.o
 .rodata        0x000000000000b750        0x8 /Users/Wenhao/Documents/LPCXpresso_6.1.4/workspace/Lib_EaBaseBoard/Debug/libLib_EaBaseBoard.a(oled.o)
 .rodata        0x000000000000b758      0x300 /Users/Wenhao/Documents/LPCXpresso_6.1.4/workspace/Lib_EaBaseBoard/Debug/libLib_EaBaseBoard.a(font5x7.o)
                0x000000000000b758                font5x7
 .rodata        0x000000000000ba58       0x18 /Users/Wenhao/Documents/LPCXpresso_6.1.4/workspace/Lib_MCU/Debug/libLib_MCU.a(lpc17xx_i2c.o)
 .rodata        0x000000000000ba70       0x18 /Users/Wenhao/Documents/LPCXpresso_6.1.4/workspace/Lib_MCU/Debug/libLib_MCU.a(lpc17xx_ssp.o)
 .rodata        0x000000000000ba88       0x18 /Users/Wenhao/Documents/LPCXpresso_6.1.4/workspace/Lib_MCU/Debug/libLib_MCU.a(lpc17xx_timer.o)
 .rodata.str1.4
                0x000000000000baa0        0x2 /Applications/lpcxpresso_6.1.4_194/lpcxpresso/tools/bin/../lib/gcc/arm-none-eabi/4.6.2/../../../../arm-none-eabi/lib/armv7-m/libc.a(lib_a-impure.o)
                                          0x4 (size before relaxing)
 *fill*         0x000000000000baa2        0x2 00
 .rodata.zeroes.6590
                0x000000000000baa4       0x10 /Applications/lpcxpresso_6.1.4_194/lpcxpresso/tools/bin/../lib/gcc/arm-none-eabi/4.6.2/../../../../arm-none-eabi/lib/armv7-m/libc.a(lib_a-svfprintf.o)
 .rodata.str1.4
                0x000000000000bab4       0x42 /Applications/lpcxpresso_6.1.4_194/lpcxpresso/tools/bin/../lib/gcc/arm-none-eabi/4.6.2/../../../../arm-none-eabi/lib/armv7-m/libc.a(lib_a-svfprintf.o)
                                         0x44 (size before relaxing)
 *fill*         0x000000000000baf6        0x2 00
 .rodata.blanks.6589
                0x000000000000baf8       0x10 /Applications/lpcxpresso_6.1.4_194/lpcxpresso/tools/bin/../lib/gcc/arm-none-eabi/4.6.2/../../../../arm-none-eabi/lib/armv7-m/libc.a(lib_a-svfprintf.o)
 .rodata.zeroes.6605
                0x000000000000bb08       0x10 /Applications/lpcxpresso_6.1.4_194/lpcxpresso/tools/bin/../lib/gcc/arm-none-eabi/4.6.2/../../../../arm-none-eabi/lib/armv7-m/libc.a(lib_a-vfprintf.o)
 .rodata.str1.4
                0x0000000000000000       0x44 /Applications/lpcxpresso_6.1.4_194/lpcxpresso/tools/bin/../lib/gcc/arm-none-eabi/4.6.2/../../../../arm-none-eabi/lib/armv7-m/libc.a(lib_a-vfprintf.o)
 .rodata.blanks.6604
                0x000000000000bb18       0x10 /Applications/lpcxpresso_6.1.4_194/lpcxpresso/tools/bin/../lib/gcc/arm-none-eabi/4.6.2/../../../../arm-none-eabi/lib/armv7-m/libc.a(lib_a-vfprintf.o)
 .rodata.str1.4
                0x000000000000bb28       0x10 /Applications/lpcxpresso_6.1.4_194/lpcxpresso/tools/bin/../lib/gcc/arm-none-eabi/4.6.2/../../../../arm-none-eabi/lib/armv7-m/libc.a(lib_a-dtoa.o)
                                         0x14 (size before relaxing)
 .rodata.str1.4
                0x000000000000bb38        0xc /Applications/lpcxpresso_6.1.4_194/lpcxpresso/tools/bin/../lib/gcc/arm-none-eabi/4.6.2/../../../../arm-none-eabi/lib/armv7-m/libc.a(lib_a-locale.o)
                                         0x14 (size before relaxing)
 *fill*         0x000000000000bb44        0x4 00
 .rodata.__mprec_tens
                0x000000000000bb48       0xc8 /Applications/lpcxpresso_6.1.4_194/lpcxpresso/tools/bin/../lib/gcc/arm-none-eabi/4.6.2/../../../../arm-none-eabi/lib/armv7-m/libc.a(lib_a-mprec.o)
                0x000000000000bb48                __mprec_tens
 .rodata.__mprec_bigtens
                0x000000000000bc10       0x28 /Applications/lpcxpresso_6.1.4_194/lpcxpresso/tools/bin/../lib/gcc/arm-none-eabi/4.6.2/../../../../arm-none-eabi/lib/armv7-m/libc.a(lib_a-mprec.o)
                0x000000000000bc10                __mprec_bigtens
 .rodata.p05.5111
                0x000000000000bc38        0xc /Applications/lpcxpresso_6.1.4_194/lpcxpresso/tools/bin/../lib/gcc/arm-none-eabi/4.6.2/../../../../arm-none-eabi/lib/armv7-m/libc.a(lib_a-mprec.o)
 .rodata.str1.1
                0x000000000000bc44        0x4 /Applications/lpcxpresso_6.1.4_194/lpcxpresso/tools/bin/../lib/gcc/arm-none-eabi/4.6.2/../../../../arm-none-eabi/lib/armv7-m/libcr_newlib_semihost.a(syscalls.o)
                0x000000000000bc48                . = ALIGN (0x4)

.glue_7         0x000000000000bc48        0x0
 .glue_7        0x0000000000000000        0x0 linker stubs

.glue_7t        0x000000000000bc48        0x0
 .glue_7t       0x0000000000000000        0x0 linker stubs

.vfp11_veneer   0x000000000000bc48        0x0
 .vfp11_veneer  0x0000000000000000        0x0 linker stubs

.v4_bx          0x000000000000bc48        0x0
 .v4_bx         0x0000000000000000        0x0 linker stubs

.ARM.extab
 *(.ARM.extab* .gnu.linkonce.armextab.*)
                0x000000000000bc48                __exidx_start = .

.ARM.exidx      0x000000000000bc48        0x8
 *(.ARM.exidx* .gnu.linkonce.armexidx.*)
 .ARM.exidx     0x000000000000bc48        0x8 /Applications/lpcxpresso_6.1.4_194/lpcxpresso/tools/bin/../lib/gcc/arm-none-eabi/4.6.2/armv7-m/libgcc.a(_divdi3.o)
 .ARM.exidx     0x000000000000bc50        0x0 /Applications/lpcxpresso_6.1.4_194/lpcxpresso/tools/bin/../lib/gcc/arm-none-eabi/4.6.2/armv7-m/libgcc.a(_udivdi3.o)
                                          0x8 (size before relaxing)
                0x000000000000bc50                __exidx_end = .
                0x000000000000bc50                _etext = .

.data_RAM2      0x000000002007c000        0x0 load address 0x000000000000bc50
 FILL mask 0xff
 *(.data.$RAM2*)
 *(.data.$RamAHB32*)
                0x000000002007c000                . = ALIGN (0x4)

.uninit_RESERVED
                0x0000000010000000        0x0
 *(.bss.$RESERVED*)
                0x0000000010000000                . = ALIGN (0x4)
                0x0000000010000000                _end_uninit_RESERVED = .

.data           0x0000000010000000      0x934 load address 0x000000000000bc50
 FILL mask 0xff
                0x0000000010000000                _data = .
 *(vtable)
 *(.data*)
 .data          0x0000000010000000       0x3c ./src/main.o
 .data          0x000000001000003c        0x4 /Users/Wenhao/Documents/LPCXpresso_6.1.4/workspace/Lib_CMSISv1p30_LPC17xx/Debug/libCMSISv1p30_LPC17xx.a(system_LPC17xx.o)
                0x000000001000003c                SystemCoreClock
 .data          0x0000000010000040       0x50 /Users/Wenhao/Documents/LPCXpresso_6.1.4/workspace/Lib_EaBaseBoard/Debug/libLib_EaBaseBoard.a(led7seg.o)
 .data          0x0000000010000090        0x8 /Users/Wenhao/Documents/LPCXpresso_6.1.4/workspace/Lib_EaBaseBoard/Debug/libLib_EaBaseBoard.a(light.o)
 .data.impure_data
                0x0000000010000098      0x428 /Applications/lpcxpresso_6.1.4_194/lpcxpresso/tools/bin/../lib/gcc/arm-none-eabi/4.6.2/../../../../arm-none-eabi/lib/armv7-m/libc.a(lib_a-impure.o)
 .data._impure_ptr
                0x00000000100004c0        0x4 /Applications/lpcxpresso_6.1.4_194/lpcxpresso/tools/bin/../lib/gcc/arm-none-eabi/4.6.2/../../../../arm-none-eabi/lib/armv7-m/libc.a(lib_a-impure.o)
                0x00000000100004c0                _impure_ptr
 .data.lconv    0x00000000100004c4       0x38 /Applications/lpcxpresso_6.1.4_194/lpcxpresso/tools/bin/../lib/gcc/arm-none-eabi/4.6.2/../../../../arm-none-eabi/lib/armv7-m/libc.a(lib_a-locale.o)
 .data.lc_ctype_charset
                0x00000000100004fc       0x20 /Applications/lpcxpresso_6.1.4_194/lpcxpresso/tools/bin/../lib/gcc/arm-none-eabi/4.6.2/../../../../arm-none-eabi/lib/armv7-m/libc.a(lib_a-locale.o)
 .data.__mb_cur_max
                0x000000001000051c        0x4 /Applications/lpcxpresso_6.1.4_194/lpcxpresso/tools/bin/../lib/gcc/arm-none-eabi/4.6.2/../../../../arm-none-eabi/lib/armv7-m/libc.a(lib_a-locale.o)
                0x000000001000051c                __mb_cur_max
 .data.__malloc_av_
                0x0000000010000520      0x408 /Applications/lpcxpresso_6.1.4_194/lpcxpresso/tools/bin/../lib/gcc/arm-none-eabi/4.6.2/../../../../arm-none-eabi/lib/armv7-m/libc.a(lib_a-mallocr.o)
                0x0000000010000520                __malloc_av_
 .data.__malloc_trim_threshold
                0x0000000010000928        0x4 /Applications/lpcxpresso_6.1.4_194/lpcxpresso/tools/bin/../lib/gcc/arm-none-eabi/4.6.2/../../../../arm-none-eabi/lib/armv7-m/libc.a(lib_a-mallocr.o)
                0x0000000010000928                __malloc_trim_threshold
 .data.__malloc_sbrk_base
                0x000000001000092c        0x4 /Applications/lpcxpresso_6.1.4_194/lpcxpresso/tools/bin/../lib/gcc/arm-none-eabi/4.6.2/../../../../arm-none-eabi/lib/armv7-m/libc.a(lib_a-mallocr.o)
                0x000000001000092c                __malloc_sbrk_base
 .data.__wctomb
                0x0000000010000930        0x4 /Applications/lpcxpresso_6.1.4_194/lpcxpresso/tools/bin/../lib/gcc/arm-none-eabi/4.6.2/../../../../arm-none-eabi/lib/armv7-m/libc.a(lib_a-wctomb_r.o)
                0x0000000010000930                __wctomb
                0x0000000010000934                . = ALIGN (0x4)
                0x0000000010000934                _edata = .

.bss_RAM2       0x000000002007c000        0x0
 *(.bss.$RAM2*)
 *(.bss.$RamAHB32*)
                0x000000002007c000                . = ALIGN (0x4)

.bss            0x0000000010000934      0x430
                0x0000000010000934                _bss = .
 *(.bss*)
 .bss           0x0000000010000934       0x44 ./src/main.o
                0x0000000010000934                mode
                0x0000000010000935                condition
                0x0000000010000940                count1000
                0x0000000010000944                count3000
                0x0000000010000948                count100
                0x000000001000094c                count50
                0x0000000010000950                segDisplayNumber
                0x0000000010000954                xoff
                0x0000000010000958                yoff
                0x000000001000095c                zoff
                0x0000000010000960                x
                0x0000000010000961                y
                0x0000000010000962                z
                0x0000000010000964                isRgbOn
                0x0000000010000968                lastTemp
                0x000000001000096c                lastLight
                0x0000000010000970                lastVariance
                0x0000000010000974                queuePosition
 .bss           0x0000000010000978      0x300 /Users/Wenhao/Documents/LPCXpresso_6.1.4/workspace/Lib_EaBaseBoard/Debug/libLib_EaBaseBoard.a(oled.o)
 .bss           0x0000000010000c78        0x6 /Users/Wenhao/Documents/LPCXpresso_6.1.4/workspace/Lib_EaBaseBoard/Debug/libLib_EaBaseBoard.a(pca9532.o)
 *fill*         0x0000000010000c7e        0x2 00
 .bss           0x0000000010000c80        0x4 /Users/Wenhao/Documents/LPCXpresso_6.1.4/workspace/Lib_EaBaseBoard/Debug/libLib_EaBaseBoard.a(temp.o)
 .bss           0x0000000010000c84       0x24 /Users/Wenhao/Documents/LPCXpresso_6.1.4/workspace/Lib_MCU/Debug/libLib_MCU.a(lpc17xx_i2c.o)
 .bss           0x0000000010000ca8       0x18 /Users/Wenhao/Documents/LPCXpresso_6.1.4/workspace/Lib_MCU/Debug/libLib_MCU.a(lpc17xx_ssp.o)
 .bss.__malloc_max_total_mem
                0x0000000010000cc0        0x4 /Applications/lpcxpresso_6.1.4_194/lpcxpresso/tools/bin/../lib/gcc/arm-none-eabi/4.6.2/../../../../arm-none-eabi/lib/armv7-m/libc.a(lib_a-mallocr.o)
                0x0000000010000cc0                __malloc_max_total_mem
 .bss.__malloc_max_sbrked_mem
                0x0000000010000cc4        0x4 /Applications/lpcxpresso_6.1.4_194/lpcxpresso/tools/bin/../lib/gcc/arm-none-eabi/4.6.2/../../../../arm-none-eabi/lib/armv7-m/libc.a(lib_a-mallocr.o)
                0x0000000010000cc4                __malloc_max_sbrked_mem
 .bss.__malloc_top_pad
                0x0000000010000cc8        0x4 /Applications/lpcxpresso_6.1.4_194/lpcxpresso/tools/bin/../lib/gcc/arm-none-eabi/4.6.2/../../../../arm-none-eabi/lib/armv7-m/libc.a(lib_a-mallocr.o)
                0x0000000010000cc8                __malloc_top_pad
 .bss.__malloc_current_mallinfo
                0x0000000010000ccc       0x28 /Applications/lpcxpresso_6.1.4_194/lpcxpresso/tools/bin/../lib/gcc/arm-none-eabi/4.6.2/../../../../arm-none-eabi/lib/armv7-m/libc.a(lib_a-mallocr.o)
                0x0000000010000ccc                __malloc_current_mallinfo
 .bss.monitor_stdout
                0x0000000010000cf4        0x4 /Applications/lpcxpresso_6.1.4_194/lpcxpresso/tools/bin/../lib/gcc/arm-none-eabi/4.6.2/../../../../arm-none-eabi/lib/armv7-m/libcr_newlib_semihost.a(syscalls.o)
 .bss.monitor_stdin
                0x0000000010000cf8        0x4 /Applications/lpcxpresso_6.1.4_194/lpcxpresso/tools/bin/../lib/gcc/arm-none-eabi/4.6.2/../../../../arm-none-eabi/lib/armv7-m/libcr_newlib_semihost.a(syscalls.o)
 .bss.initialized.2429
                0x0000000010000cfc        0x4 /Applications/lpcxpresso_6.1.4_194/lpcxpresso/tools/bin/../lib/gcc/arm-none-eabi/4.6.2/../../../../arm-none-eabi/lib/armv7-m/libcr_newlib_semihost.a(syscalls.o)
 .bss.monitor_stderr
                0x0000000010000d00        0x4 /Applications/lpcxpresso_6.1.4_194/lpcxpresso/tools/bin/../lib/gcc/arm-none-eabi/4.6.2/../../../../arm-none-eabi/lib/armv7-m/libcr_newlib_semihost.a(syscalls.o)
 .bss.openfiles
                0x0000000010000d04       0x28 /Applications/lpcxpresso_6.1.4_194/lpcxpresso/tools/bin/../lib/gcc/arm-none-eabi/4.6.2/../../../../arm-none-eabi/lib/armv7-m/libcr_newlib_semihost.a(syscalls.o)
 *(COMMON)
 COMMON         0x0000000010000d2c       0x30 ./src/main.o
                0x0000000010000d2c                queue
                0x0000000010000d54                lastTime
                0x0000000010000d58                thisTime
 COMMON         0x0000000010000d5c        0x4 /Applications/lpcxpresso_6.1.4_194/lpcxpresso/tools/bin/../lib/gcc/arm-none-eabi/4.6.2/../../../../arm-none-eabi/lib/armv7-m/libc.a(lib_a-reent.o)
                0x0000000010000d5c                errno
 COMMON         0x0000000010000d60        0x4 /Applications/lpcxpresso_6.1.4_194/lpcxpresso/tools/bin/../lib/gcc/arm-none-eabi/4.6.2/../../../../arm-none-eabi/lib/armv7-m/libcr_newlib_semihost.a(_cr_sbrk.o)
                0x0000000010000d60                __end_of_heap
                0x0000000010000d64                . = ALIGN (0x4)
                0x0000000010000d64                _ebss = .
                0x0000000010000d64                PROVIDE (end, .)

.noinit_RAM2    0x000000002007c000        0x0
 *(.noinit.$RAM2*)
 *(.noinit.$RamAHB32*)
                0x000000002007c000                . = ALIGN (0x4)

.noinit         0x0000000010000d64        0x0
                0x0000000010000d64                _noinit = .
 *(.noinit*)
                0x0000000010000d64                . = ALIGN (0x4)
                0x0000000010000d64                _end_noinit = .
                0x0000000010000d64                PROVIDE (_pvHeapStart, .)
                0x0000000010008000                PROVIDE (_vStackTop, (__top_RamLoc32 - 0x0))
OUTPUT(demo.axf elf32-littlearm)

.debug_info     0x0000000000000000     0x7cb6
 .debug_info    0x0000000000000000      0x209 ./src/cr_startup_lpc17.o
 .debug_info    0x0000000000000209     0x128d ./src/main.o
 .debug_info    0x0000000000001496      0x357 /Users/Wenhao/Documents/LPCXpresso_6.1.4/workspace/Lib_CMSISv1p30_LPC17xx/Debug/libCMSISv1p30_LPC17xx.a(system_LPC17xx.o)
 .debug_info    0x00000000000017ed      0x53d /Users/Wenhao/Documents/LPCXpresso_6.1.4/workspace/Lib_EaBaseBoard/Debug/libLib_EaBaseBoard.a(acc.o)
 .debug_info    0x0000000000001d2a      0x10f /Users/Wenhao/Documents/LPCXpresso_6.1.4/workspace/Lib_EaBaseBoard/Debug/libLib_EaBaseBoard.a(joystick.o)
 .debug_info    0x0000000000001e39      0x282 /Users/Wenhao/Documents/LPCXpresso_6.1.4/workspace/Lib_EaBaseBoard/Debug/libLib_EaBaseBoard.a(led7seg.o)
 .debug_info    0x00000000000020bb      0x763 /Users/Wenhao/Documents/LPCXpresso_6.1.4/workspace/Lib_EaBaseBoard/Debug/libLib_EaBaseBoard.a(light.o)
 .debug_info    0x000000000000281e      0x97d /Users/Wenhao/Documents/LPCXpresso_6.1.4/workspace/Lib_EaBaseBoard/Debug/libLib_EaBaseBoard.a(oled.o)
 .debug_info    0x000000000000319b      0x642 /Users/Wenhao/Documents/LPCXpresso_6.1.4/workspace/Lib_EaBaseBoard/Debug/libLib_EaBaseBoard.a(pca9532.o)
 .debug_info    0x00000000000037dd       0xe4 /Users/Wenhao/Documents/LPCXpresso_6.1.4/workspace/Lib_EaBaseBoard/Debug/libLib_EaBaseBoard.a(rgb.o)
 .debug_info    0x00000000000038c1      0x154 /Users/Wenhao/Documents/LPCXpresso_6.1.4/workspace/Lib_EaBaseBoard/Debug/libLib_EaBaseBoard.a(temp.o)
 .debug_info    0x0000000000003a15       0x65 /Users/Wenhao/Documents/LPCXpresso_6.1.4/workspace/Lib_EaBaseBoard/Debug/libLib_EaBaseBoard.a(font5x7.o)
 .debug_info    0x0000000000003a7a      0xb95 /Users/Wenhao/Documents/LPCXpresso_6.1.4/workspace/Lib_MCU/Debug/libLib_MCU.a(lpc17xx_gpio.o)
 .debug_info    0x000000000000460f      0xcc3 /Users/Wenhao/Documents/LPCXpresso_6.1.4/workspace/Lib_MCU/Debug/libLib_MCU.a(lpc17xx_i2c.o)
 .debug_info    0x00000000000052d2      0x4b1 /Users/Wenhao/Documents/LPCXpresso_6.1.4/workspace/Lib_MCU/Debug/libLib_MCU.a(lpc17xx_pinsel.o)
 .debug_info    0x0000000000005783      0x867 /Users/Wenhao/Documents/LPCXpresso_6.1.4/workspace/Lib_MCU/Debug/libLib_MCU.a(lpc17xx_ssp.o)
 .debug_info    0x0000000000005fea      0x8e4 /Users/Wenhao/Documents/LPCXpresso_6.1.4/workspace/Lib_MCU/Debug/libLib_MCU.a(lpc17xx_timer.o)
 .debug_info    0x00000000000068ce      0x641 /Users/Wenhao/Documents/LPCXpresso_6.1.4/workspace/Lib_MCU/Debug/libLib_MCU.a(lpc17xx_clkpwr.o)
 .debug_info    0x0000000000006f0f      0x106 /Applications/lpcxpresso_6.1.4_194/lpcxpresso/tools/bin/../lib/gcc/arm-none-eabi/4.6.2/../../../../arm-none-eabi/lib/armv7-m/libcr_newlib_semihost.a(_cr_sbrk.o)
 .debug_info    0x0000000000007015      0xbec /Applications/lpcxpresso_6.1.4_194/lpcxpresso/tools/bin/../lib/gcc/arm-none-eabi/4.6.2/../../../../arm-none-eabi/lib/armv7-m/libcr_newlib_semihost.a(syscalls.o)
 .debug_info    0x0000000000007c01       0xb5 /Applications/lpcxpresso_6.1.4_194/lpcxpresso/tools/bin/../lib/gcc/arm-none-eabi/4.6.2/../../../../arm-none-eabi/lib/armv7-m/libcr_newlib_semihost.a(_cr_check_heap.o)

.debug_abbrev   0x0000000000000000     0x1c2b
 .debug_abbrev  0x0000000000000000       0xb4 ./src/cr_startup_lpc17.o
 .debug_abbrev  0x00000000000000b4      0x31d ./src/main.o
 .debug_abbrev  0x00000000000003d1       0xce /Users/Wenhao/Documents/LPCXpresso_6.1.4/workspace/Lib_CMSISv1p30_LPC17xx/Debug/libCMSISv1p30_LPC17xx.a(system_LPC17xx.o)
 .debug_abbrev  0x000000000000049f      0x15c /Users/Wenhao/Documents/LPCXpresso_6.1.4/workspace/Lib_EaBaseBoard/Debug/libLib_EaBaseBoard.a(acc.o)
 .debug_abbrev  0x00000000000005fb       0x90 /Users/Wenhao/Documents/LPCXpresso_6.1.4/workspace/Lib_EaBaseBoard/Debug/libLib_EaBaseBoard.a(joystick.o)
 .debug_abbrev  0x000000000000068b      0x155 /Users/Wenhao/Documents/LPCXpresso_6.1.4/workspace/Lib_EaBaseBoard/Debug/libLib_EaBaseBoard.a(led7seg.o)
 .debug_abbrev  0x00000000000007e0      0x1bd /Users/Wenhao/Documents/LPCXpresso_6.1.4/workspace/Lib_EaBaseBoard/Debug/libLib_EaBaseBoard.a(light.o)
 .debug_abbrev  0x000000000000099d      0x1f1 /Users/Wenhao/Documents/LPCXpresso_6.1.4/workspace/Lib_EaBaseBoard/Debug/libLib_EaBaseBoard.a(oled.o)
 .debug_abbrev  0x0000000000000b8e      0x1aa /Users/Wenhao/Documents/LPCXpresso_6.1.4/workspace/Lib_EaBaseBoard/Debug/libLib_EaBaseBoard.a(pca9532.o)
 .debug_abbrev  0x0000000000000d38       0x8e /Users/Wenhao/Documents/LPCXpresso_6.1.4/workspace/Lib_EaBaseBoard/Debug/libLib_EaBaseBoard.a(rgb.o)
 .debug_abbrev  0x0000000000000dc6       0xc2 /Users/Wenhao/Documents/LPCXpresso_6.1.4/workspace/Lib_EaBaseBoard/Debug/libLib_EaBaseBoard.a(temp.o)
 .debug_abbrev  0x0000000000000e88       0x4b /Users/Wenhao/Documents/LPCXpresso_6.1.4/workspace/Lib_EaBaseBoard/Debug/libLib_EaBaseBoard.a(font5x7.o)
 .debug_abbrev  0x0000000000000ed3      0x185 /Users/Wenhao/Documents/LPCXpresso_6.1.4/workspace/Lib_MCU/Debug/libLib_MCU.a(lpc17xx_gpio.o)
 .debug_abbrev  0x0000000000001058      0x24a /Users/Wenhao/Documents/LPCXpresso_6.1.4/workspace/Lib_MCU/Debug/libLib_MCU.a(lpc17xx_i2c.o)
 .debug_abbrev  0x00000000000012a2      0x10a /Users/Wenhao/Documents/LPCXpresso_6.1.4/workspace/Lib_MCU/Debug/libLib_MCU.a(lpc17xx_pinsel.o)
 .debug_abbrev  0x00000000000013ac      0x1d3 /Users/Wenhao/Documents/LPCXpresso_6.1.4/workspace/Lib_MCU/Debug/libLib_MCU.a(lpc17xx_ssp.o)
 .debug_abbrev  0x000000000000157f      0x19f /Users/Wenhao/Documents/LPCXpresso_6.1.4/workspace/Lib_MCU/Debug/libLib_MCU.a(lpc17xx_timer.o)
 .debug_abbrev  0x000000000000171e      0x174 /Users/Wenhao/Documents/LPCXpresso_6.1.4/workspace/Lib_MCU/Debug/libLib_MCU.a(lpc17xx_clkpwr.o)
 .debug_abbrev  0x0000000000001892       0xa8 /Applications/lpcxpresso_6.1.4_194/lpcxpresso/tools/bin/../lib/gcc/arm-none-eabi/4.6.2/../../../../arm-none-eabi/lib/armv7-m/libcr_newlib_semihost.a(_cr_sbrk.o)
 .debug_abbrev  0x000000000000193a      0x27f /Applications/lpcxpresso_6.1.4_194/lpcxpresso/tools/bin/../lib/gcc/arm-none-eabi/4.6.2/../../../../arm-none-eabi/lib/armv7-m/libcr_newlib_semihost.a(syscalls.o)
 .debug_abbrev  0x0000000000001bb9       0x72 /Applications/lpcxpresso_6.1.4_194/lpcxpresso/tools/bin/../lib/gcc/arm-none-eabi/4.6.2/../../../../arm-none-eabi/lib/armv7-m/libcr_newlib_semihost.a(_cr_check_heap.o)

.debug_loc      0x0000000000000000     0x34fc
 .debug_loc     0x0000000000000000      0x1f0 ./src/cr_startup_lpc17.o
 .debug_loc     0x00000000000001f0      0x600 ./src/main.o
 .debug_loc     0x00000000000007f0       0x58 /Users/Wenhao/Documents/LPCXpresso_6.1.4/workspace/Lib_CMSISv1p30_LPC17xx/Debug/libCMSISv1p30_LPC17xx.a(system_LPC17xx.o)
 .debug_loc     0x0000000000000848      0x1f0 /Users/Wenhao/Documents/LPCXpresso_6.1.4/workspace/Lib_EaBaseBoard/Debug/libLib_EaBaseBoard.a(acc.o)
 .debug_loc     0x0000000000000a38       0x64 /Users/Wenhao/Documents/LPCXpresso_6.1.4/workspace/Lib_EaBaseBoard/Debug/libLib_EaBaseBoard.a(joystick.o)
 .debug_loc     0x0000000000000a9c       0x64 /Users/Wenhao/Documents/LPCXpresso_6.1.4/workspace/Lib_EaBaseBoard/Debug/libLib_EaBaseBoard.a(led7seg.o)
 .debug_loc     0x0000000000000b00      0x378 /Users/Wenhao/Documents/LPCXpresso_6.1.4/workspace/Lib_EaBaseBoard/Debug/libLib_EaBaseBoard.a(light.o)
 .debug_loc     0x0000000000000e78      0x33e /Users/Wenhao/Documents/LPCXpresso_6.1.4/workspace/Lib_EaBaseBoard/Debug/libLib_EaBaseBoard.a(oled.o)
 .debug_loc     0x00000000000011b6      0x2d0 /Users/Wenhao/Documents/LPCXpresso_6.1.4/workspace/Lib_EaBaseBoard/Debug/libLib_EaBaseBoard.a(pca9532.o)
 .debug_loc     0x0000000000001486       0x64 /Users/Wenhao/Documents/LPCXpresso_6.1.4/workspace/Lib_EaBaseBoard/Debug/libLib_EaBaseBoard.a(rgb.o)
 .debug_loc     0x00000000000014ea       0x70 /Users/Wenhao/Documents/LPCXpresso_6.1.4/workspace/Lib_EaBaseBoard/Debug/libLib_EaBaseBoard.a(temp.o)
 .debug_loc     0x000000000000155a      0x4d0 /Users/Wenhao/Documents/LPCXpresso_6.1.4/workspace/Lib_MCU/Debug/libLib_MCU.a(lpc17xx_gpio.o)
 .debug_loc     0x0000000000001a2a      0x4e4 /Users/Wenhao/Documents/LPCXpresso_6.1.4/workspace/Lib_MCU/Debug/libLib_MCU.a(lpc17xx_i2c.o)
 .debug_loc     0x0000000000001f0e      0x150 /Users/Wenhao/Documents/LPCXpresso_6.1.4/workspace/Lib_MCU/Debug/libLib_MCU.a(lpc17xx_pinsel.o)
 .debug_loc     0x000000000000205e      0x448 /Users/Wenhao/Documents/LPCXpresso_6.1.4/workspace/Lib_MCU/Debug/libLib_MCU.a(lpc17xx_ssp.o)
 .debug_loc     0x00000000000024a6      0x3b8 /Users/Wenhao/Documents/LPCXpresso_6.1.4/workspace/Lib_MCU/Debug/libLib_MCU.a(lpc17xx_timer.o)
 .debug_loc     0x000000000000285e      0x1bc /Users/Wenhao/Documents/LPCXpresso_6.1.4/workspace/Lib_MCU/Debug/libLib_MCU.a(lpc17xx_clkpwr.o)
 .debug_loc     0x0000000000002a1a       0x55 /Applications/lpcxpresso_6.1.4_194/lpcxpresso/tools/bin/../lib/gcc/arm-none-eabi/4.6.2/../../../../arm-none-eabi/lib/armv7-m/libcr_newlib_semihost.a(_cr_sbrk.o)
 .debug_loc     0x0000000000002a6f      0xa64 /Applications/lpcxpresso_6.1.4_194/lpcxpresso/tools/bin/../lib/gcc/arm-none-eabi/4.6.2/../../../../arm-none-eabi/lib/armv7-m/libcr_newlib_semihost.a(syscalls.o)
 .debug_loc     0x00000000000034d3       0x29 /Applications/lpcxpresso_6.1.4_194/lpcxpresso/tools/bin/../lib/gcc/arm-none-eabi/4.6.2/../../../../arm-none-eabi/lib/armv7-m/libcr_newlib_semihost.a(_cr_check_heap.o)

.debug_aranges  0x0000000000000000      0x908
 .debug_aranges
                0x0000000000000000       0x70 ./src/cr_startup_lpc17.o
 .debug_aranges
                0x0000000000000070      0x100 ./src/main.o
 .debug_aranges
                0x0000000000000170       0x28 /Users/Wenhao/Documents/LPCXpresso_6.1.4/workspace/Lib_CMSISv1p30_LPC17xx/Debug/libCMSISv1p30_LPC17xx.a(system_LPC17xx.o)
 .debug_aranges
                0x0000000000000198       0x60 /Users/Wenhao/Documents/LPCXpresso_6.1.4/workspace/Lib_EaBaseBoard/Debug/libLib_EaBaseBoard.a(acc.o)
 .debug_aranges
                0x00000000000001f8       0x28 /Users/Wenhao/Documents/LPCXpresso_6.1.4/workspace/Lib_EaBaseBoard/Debug/libLib_EaBaseBoard.a(joystick.o)
 .debug_aranges
                0x0000000000000220       0x28 /Users/Wenhao/Documents/LPCXpresso_6.1.4/workspace/Lib_EaBaseBoard/Debug/libLib_EaBaseBoard.a(led7seg.o)
 .debug_aranges
                0x0000000000000248       0x98 /Users/Wenhao/Documents/LPCXpresso_6.1.4/workspace/Lib_EaBaseBoard/Debug/libLib_EaBaseBoard.a(light.o)
 .debug_aranges
                0x00000000000002e0       0x90 /Users/Wenhao/Documents/LPCXpresso_6.1.4/workspace/Lib_EaBaseBoard/Debug/libLib_EaBaseBoard.a(oled.o)
 .debug_aranges
                0x0000000000000370       0x80 /Users/Wenhao/Documents/LPCXpresso_6.1.4/workspace/Lib_EaBaseBoard/Debug/libLib_EaBaseBoard.a(pca9532.o)
 .debug_aranges
                0x00000000000003f0       0x28 /Users/Wenhao/Documents/LPCXpresso_6.1.4/workspace/Lib_EaBaseBoard/Debug/libLib_EaBaseBoard.a(rgb.o)
 .debug_aranges
                0x0000000000000418       0x28 /Users/Wenhao/Documents/LPCXpresso_6.1.4/workspace/Lib_EaBaseBoard/Debug/libLib_EaBaseBoard.a(temp.o)
 .debug_aranges
                0x0000000000000440       0xc8 /Users/Wenhao/Documents/LPCXpresso_6.1.4/workspace/Lib_MCU/Debug/libLib_MCU.a(lpc17xx_gpio.o)
 .debug_aranges
                0x0000000000000508       0xd0 /Users/Wenhao/Documents/LPCXpresso_6.1.4/workspace/Lib_MCU/Debug/libLib_MCU.a(lpc17xx_i2c.o)
 .debug_aranges
                0x00000000000005d8       0x48 /Users/Wenhao/Documents/LPCXpresso_6.1.4/workspace/Lib_MCU/Debug/libLib_MCU.a(lpc17xx_pinsel.o)
 .debug_aranges
                0x0000000000000620       0xb8 /Users/Wenhao/Documents/LPCXpresso_6.1.4/workspace/Lib_MCU/Debug/libLib_MCU.a(lpc17xx_ssp.o)
 .debug_aranges
                0x00000000000006d8       0xa0 /Users/Wenhao/Documents/LPCXpresso_6.1.4/workspace/Lib_MCU/Debug/libLib_MCU.a(lpc17xx_timer.o)
 .debug_aranges
                0x0000000000000778       0x60 /Users/Wenhao/Documents/LPCXpresso_6.1.4/workspace/Lib_MCU/Debug/libLib_MCU.a(lpc17xx_clkpwr.o)
 .debug_aranges
                0x00000000000007d8       0x20 /Applications/lpcxpresso_6.1.4_194/lpcxpresso/tools/bin/../lib/gcc/arm-none-eabi/4.6.2/../../../../arm-none-eabi/lib/armv7-m/libcr_newlib_semihost.a(_cr_sbrk.o)
 .debug_aranges
                0x00000000000007f8       0xf0 /Applications/lpcxpresso_6.1.4_194/lpcxpresso/tools/bin/../lib/gcc/arm-none-eabi/4.6.2/../../../../arm-none-eabi/lib/armv7-m/libcr_newlib_semihost.a(syscalls.o)
 .debug_aranges
                0x00000000000008e8       0x20 /Applications/lpcxpresso_6.1.4_194/lpcxpresso/tools/bin/../lib/gcc/arm-none-eabi/4.6.2/../../../../arm-none-eabi/lib/armv7-m/libcr_newlib_semihost.a(_cr_check_heap.o)

.debug_ranges   0x0000000000000000      0x840
 .debug_ranges  0x0000000000000000       0x60 ./src/cr_startup_lpc17.o
 .debug_ranges  0x0000000000000060      0x108 ./src/main.o
 .debug_ranges  0x0000000000000168       0x18 /Users/Wenhao/Documents/LPCXpresso_6.1.4/workspace/Lib_CMSISv1p30_LPC17xx/Debug/libCMSISv1p30_LPC17xx.a(system_LPC17xx.o)
 .debug_ranges  0x0000000000000180       0x50 /Users/Wenhao/Documents/LPCXpresso_6.1.4/workspace/Lib_EaBaseBoard/Debug/libLib_EaBaseBoard.a(acc.o)
 .debug_ranges  0x00000000000001d0       0x18 /Users/Wenhao/Documents/LPCXpresso_6.1.4/workspace/Lib_EaBaseBoard/Debug/libLib_EaBaseBoard.a(joystick.o)
 .debug_ranges  0x00000000000001e8       0x18 /Users/Wenhao/Documents/LPCXpresso_6.1.4/workspace/Lib_EaBaseBoard/Debug/libLib_EaBaseBoard.a(led7seg.o)
 .debug_ranges  0x0000000000000200       0x88 /Users/Wenhao/Documents/LPCXpresso_6.1.4/workspace/Lib_EaBaseBoard/Debug/libLib_EaBaseBoard.a(light.o)
 .debug_ranges  0x0000000000000288       0x80 /Users/Wenhao/Documents/LPCXpresso_6.1.4/workspace/Lib_EaBaseBoard/Debug/libLib_EaBaseBoard.a(oled.o)
 .debug_ranges  0x0000000000000308       0x70 /Users/Wenhao/Documents/LPCXpresso_6.1.4/workspace/Lib_EaBaseBoard/Debug/libLib_EaBaseBoard.a(pca9532.o)
 .debug_ranges  0x0000000000000378       0x18 /Users/Wenhao/Documents/LPCXpresso_6.1.4/workspace/Lib_EaBaseBoard/Debug/libLib_EaBaseBoard.a(rgb.o)
 .debug_ranges  0x0000000000000390       0x18 /Users/Wenhao/Documents/LPCXpresso_6.1.4/workspace/Lib_EaBaseBoard/Debug/libLib_EaBaseBoard.a(temp.o)
 .debug_ranges  0x00000000000003a8       0xb8 /Users/Wenhao/Documents/LPCXpresso_6.1.4/workspace/Lib_MCU/Debug/libLib_MCU.a(lpc17xx_gpio.o)
 .debug_ranges  0x0000000000000460       0xc0 /Users/Wenhao/Documents/LPCXpresso_6.1.4/workspace/Lib_MCU/Debug/libLib_MCU.a(lpc17xx_i2c.o)
 .debug_ranges  0x0000000000000520       0x38 /Users/Wenhao/Documents/LPCXpresso_6.1.4/workspace/Lib_MCU/Debug/libLib_MCU.a(lpc17xx_pinsel.o)
 .debug_ranges  0x0000000000000558       0xa8 /Users/Wenhao/Documents/LPCXpresso_6.1.4/workspace/Lib_MCU/Debug/libLib_MCU.a(lpc17xx_ssp.o)
 .debug_ranges  0x0000000000000600       0x90 /Users/Wenhao/Documents/LPCXpresso_6.1.4/workspace/Lib_MCU/Debug/libLib_MCU.a(lpc17xx_timer.o)
 .debug_ranges  0x0000000000000690       0x50 /Users/Wenhao/Documents/LPCXpresso_6.1.4/workspace/Lib_MCU/Debug/libLib_MCU.a(lpc17xx_clkpwr.o)
 .debug_ranges  0x00000000000006e0       0x10 /Applications/lpcxpresso_6.1.4_194/lpcxpresso/tools/bin/../lib/gcc/arm-none-eabi/4.6.2/../../../../arm-none-eabi/lib/armv7-m/libcr_newlib_semihost.a(_cr_sbrk.o)
 .debug_ranges  0x00000000000006f0      0x140 /Applications/lpcxpresso_6.1.4_194/lpcxpresso/tools/bin/../lib/gcc/arm-none-eabi/4.6.2/../../../../arm-none-eabi/lib/armv7-m/libcr_newlib_semihost.a(syscalls.o)
 .debug_ranges  0x0000000000000830       0x10 /Applications/lpcxpresso_6.1.4_194/lpcxpresso/tools/bin/../lib/gcc/arm-none-eabi/4.6.2/../../../../arm-none-eabi/lib/armv7-m/libcr_newlib_semihost.a(_cr_check_heap.o)

.debug_line     0x0000000000000000     0x6c72
 .debug_line    0x0000000000000000      0x38a ./src/cr_startup_lpc17.o
 .debug_line    0x000000000000038a      0xbda ./src/main.o
 .debug_line    0x0000000000000f64      0x430 /Users/Wenhao/Documents/LPCXpresso_6.1.4/workspace/Lib_CMSISv1p30_LPC17xx/Debug/libCMSISv1p30_LPC17xx.a(system_LPC17xx.o)
 .debug_line    0x0000000000001394      0x517 /Users/Wenhao/Documents/LPCXpresso_6.1.4/workspace/Lib_EaBaseBoard/Debug/libLib_EaBaseBoard.a(acc.o)
 .debug_line    0x00000000000018ab      0x482 /Users/Wenhao/Documents/LPCXpresso_6.1.4/workspace/Lib_EaBaseBoard/Debug/libLib_EaBaseBoard.a(joystick.o)
 .debug_line    0x0000000000001d2d      0x492 /Users/Wenhao/Documents/LPCXpresso_6.1.4/workspace/Lib_EaBaseBoard/Debug/libLib_EaBaseBoard.a(led7seg.o)
 .debug_line    0x00000000000021bf      0x5c3 /Users/Wenhao/Documents/LPCXpresso_6.1.4/workspace/Lib_EaBaseBoard/Debug/libLib_EaBaseBoard.a(light.o)
 .debug_line    0x0000000000002782      0x79c /Users/Wenhao/Documents/LPCXpresso_6.1.4/workspace/Lib_EaBaseBoard/Debug/libLib_EaBaseBoard.a(oled.o)
 .debug_line    0x0000000000002f1e      0x5ae /Users/Wenhao/Documents/LPCXpresso_6.1.4/workspace/Lib_EaBaseBoard/Debug/libLib_EaBaseBoard.a(pca9532.o)
 .debug_line    0x00000000000034cc      0x469 /Users/Wenhao/Documents/LPCXpresso_6.1.4/workspace/Lib_EaBaseBoard/Debug/libLib_EaBaseBoard.a(rgb.o)
 .debug_line    0x0000000000003935      0x490 /Users/Wenhao/Documents/LPCXpresso_6.1.4/workspace/Lib_EaBaseBoard/Debug/libLib_EaBaseBoard.a(temp.o)
 .debug_line    0x0000000000003dc5       0x88 /Users/Wenhao/Documents/LPCXpresso_6.1.4/workspace/Lib_EaBaseBoard/Debug/libLib_EaBaseBoard.a(font5x7.o)
 .debug_line    0x0000000000003e4d      0x60d /Users/Wenhao/Documents/LPCXpresso_6.1.4/workspace/Lib_MCU/Debug/libLib_MCU.a(lpc17xx_gpio.o)
 .debug_line    0x000000000000445a      0x928 /Users/Wenhao/Documents/LPCXpresso_6.1.4/workspace/Lib_MCU/Debug/libLib_MCU.a(lpc17xx_i2c.o)
 .debug_line    0x0000000000004d82      0x48c /Users/Wenhao/Documents/LPCXpresso_6.1.4/workspace/Lib_MCU/Debug/libLib_MCU.a(lpc17xx_pinsel.o)
 .debug_line    0x000000000000520e      0x85b /Users/Wenhao/Documents/LPCXpresso_6.1.4/workspace/Lib_MCU/Debug/libLib_MCU.a(lpc17xx_ssp.o)
 .debug_line    0x0000000000005a69      0x7b9 /Users/Wenhao/Documents/LPCXpresso_6.1.4/workspace/Lib_MCU/Debug/libLib_MCU.a(lpc17xx_timer.o)
 .debug_line    0x0000000000006222      0x4ed /Users/Wenhao/Documents/LPCXpresso_6.1.4/workspace/Lib_MCU/Debug/libLib_MCU.a(lpc17xx_clkpwr.o)
 .debug_line    0x000000000000670f       0xc0 /Applications/lpcxpresso_6.1.4_194/lpcxpresso/tools/bin/../lib/gcc/arm-none-eabi/4.6.2/../../../../arm-none-eabi/lib/armv7-m/libcr_newlib_semihost.a(_cr_sbrk.o)
 .debug_line    0x00000000000067cf      0x44f /Applications/lpcxpresso_6.1.4_194/lpcxpresso/tools/bin/../lib/gcc/arm-none-eabi/4.6.2/../../../../arm-none-eabi/lib/armv7-m/libcr_newlib_semihost.a(syscalls.o)
 .debug_line    0x0000000000006c1e       0x54 /Applications/lpcxpresso_6.1.4_194/lpcxpresso/tools/bin/../lib/gcc/arm-none-eabi/4.6.2/../../../../arm-none-eabi/lib/armv7-m/libcr_newlib_semihost.a(_cr_check_heap.o)

.debug_macinfo  0x0000000000000000    0x9c9f4
 .debug_macinfo
                0x0000000000000000     0x2c15 ./src/cr_startup_lpc17.o
 .debug_macinfo
                0x0000000000002c15     0xda73 ./src/main.o
 .debug_macinfo
                0x0000000000010688     0x83f8 /Users/Wenhao/Documents/LPCXpresso_6.1.4/workspace/Lib_CMSISv1p30_LPC17xx/Debug/libCMSISv1p30_LPC17xx.a(system_LPC17xx.o)
 .debug_macinfo
                0x0000000000018a80     0x8f1b /Users/Wenhao/Documents/LPCXpresso_6.1.4/workspace/Lib_EaBaseBoard/Debug/libLib_EaBaseBoard.a(acc.o)
 .debug_macinfo
                0x000000000002199b     0x858b /Users/Wenhao/Documents/LPCXpresso_6.1.4/workspace/Lib_EaBaseBoard/Debug/libLib_EaBaseBoard.a(joystick.o)
 .debug_macinfo
                0x0000000000029f26     0x96a3 /Users/Wenhao/Documents/LPCXpresso_6.1.4/workspace/Lib_EaBaseBoard/Debug/libLib_EaBaseBoard.a(led7seg.o)
 .debug_macinfo
                0x00000000000335c9     0x8e3a /Users/Wenhao/Documents/LPCXpresso_6.1.4/workspace/Lib_EaBaseBoard/Debug/libLib_EaBaseBoard.a(light.o)
 .debug_macinfo
                0x000000000003c403     0xa143 /Users/Wenhao/Documents/LPCXpresso_6.1.4/workspace/Lib_EaBaseBoard/Debug/libLib_EaBaseBoard.a(oled.o)
 .debug_macinfo
                0x0000000000046546     0x8e59 /Users/Wenhao/Documents/LPCXpresso_6.1.4/workspace/Lib_EaBaseBoard/Debug/libLib_EaBaseBoard.a(pca9532.o)
 .debug_macinfo
                0x000000000004f39f     0x854c /Users/Wenhao/Documents/LPCXpresso_6.1.4/workspace/Lib_EaBaseBoard/Debug/libLib_EaBaseBoard.a(rgb.o)
 .debug_macinfo
                0x00000000000578eb     0x85e6 /Users/Wenhao/Documents/LPCXpresso_6.1.4/workspace/Lib_EaBaseBoard/Debug/libLib_EaBaseBoard.a(temp.o)
 .debug_macinfo
                0x000000000005fed1     0x332a /Users/Wenhao/Documents/LPCXpresso_6.1.4/workspace/Lib_EaBaseBoard/Debug/libLib_EaBaseBoard.a(font5x7.o)
 .debug_macinfo
                0x00000000000631fb     0x86b8 /Users/Wenhao/Documents/LPCXpresso_6.1.4/workspace/Lib_MCU/Debug/libLib_MCU.a(lpc17xx_gpio.o)
 .debug_macinfo
                0x000000000006b8b3     0xa5d8 /Users/Wenhao/Documents/LPCXpresso_6.1.4/workspace/Lib_MCU/Debug/libLib_MCU.a(lpc17xx_i2c.o)
 .debug_macinfo
                0x0000000000075e8b     0x87d3 /Users/Wenhao/Documents/LPCXpresso_6.1.4/workspace/Lib_MCU/Debug/libLib_MCU.a(lpc17xx_pinsel.o)
 .debug_macinfo
                0x000000000007e65e     0xa8d0 /Users/Wenhao/Documents/LPCXpresso_6.1.4/workspace/Lib_MCU/Debug/libLib_MCU.a(lpc17xx_ssp.o)
 .debug_macinfo
                0x0000000000088f2e     0xa4cd /Users/Wenhao/Documents/LPCXpresso_6.1.4/workspace/Lib_MCU/Debug/libLib_MCU.a(lpc17xx_timer.o)
 .debug_macinfo
                0x00000000000933fb     0x95f9 /Users/Wenhao/Documents/LPCXpresso_6.1.4/workspace/Lib_MCU/Debug/libLib_MCU.a(lpc17xx_clkpwr.o)

.debug_str      0x0000000000000000     0x2648
 .debug_str     0x0000000000000000      0x1d0 ./src/cr_startup_lpc17.o
                                        0x20a (size before relaxing)
 .debug_str     0x00000000000001d0      0x840 ./src/main.o
                                        0x9a0 (size before relaxing)
 .debug_str     0x0000000000000a10       0x89 /Users/Wenhao/Documents/LPCXpresso_6.1.4/workspace/Lib_CMSISv1p30_LPC17xx/Debug/libCMSISv1p30_LPC17xx.a(system_LPC17xx.o)
                                        0x2a2 (size before relaxing)
 .debug_str     0x0000000000000a99      0x21f /Users/Wenhao/Documents/LPCXpresso_6.1.4/workspace/Lib_EaBaseBoard/Debug/libLib_EaBaseBoard.a(acc.o)
                                        0x39e (size before relaxing)
 .debug_str     0x0000000000000cb8       0x3a /Users/Wenhao/Documents/LPCXpresso_6.1.4/workspace/Lib_EaBaseBoard/Debug/libLib_EaBaseBoard.a(joystick.o)
                                        0x16f (size before relaxing)
 .debug_str     0x0000000000000cf2       0x95 /Users/Wenhao/Documents/LPCXpresso_6.1.4/workspace/Lib_EaBaseBoard/Debug/libLib_EaBaseBoard.a(led7seg.o)
                                        0x20a (size before relaxing)
 .debug_str     0x0000000000000d87      0x204 /Users/Wenhao/Documents/LPCXpresso_6.1.4/workspace/Lib_EaBaseBoard/Debug/libLib_EaBaseBoard.a(light.o)
                                        0x503 (size before relaxing)
 .debug_str     0x0000000000000f8b      0x1a9 /Users/Wenhao/Documents/LPCXpresso_6.1.4/workspace/Lib_EaBaseBoard/Debug/libLib_EaBaseBoard.a(oled.o)
                                        0x3bb (size before relaxing)
 .debug_str     0x0000000000001134      0x136 /Users/Wenhao/Documents/LPCXpresso_6.1.4/workspace/Lib_EaBaseBoard/Debug/libLib_EaBaseBoard.a(pca9532.o)
                                        0x3f5 (size before relaxing)
 .debug_str     0x000000000000126a       0x22 /Users/Wenhao/Documents/LPCXpresso_6.1.4/workspace/Lib_EaBaseBoard/Debug/libLib_EaBaseBoard.a(rgb.o)
                                        0x14f (size before relaxing)
 .debug_str     0x000000000000128c       0x2d /Users/Wenhao/Documents/LPCXpresso_6.1.4/workspace/Lib_EaBaseBoard/Debug/libLib_EaBaseBoard.a(temp.o)
                                        0x172 (size before relaxing)
 .debug_str     0x00000000000012b9       0x11 /Users/Wenhao/Documents/LPCXpresso_6.1.4/workspace/Lib_EaBaseBoard/Debug/libLib_EaBaseBoard.a(font5x7.o)
                                         0xc6 (size before relaxing)
 .debug_str     0x00000000000012ca      0x37f /Users/Wenhao/Documents/LPCXpresso_6.1.4/workspace/Lib_MCU/Debug/libLib_MCU.a(lpc17xx_gpio.o)
                                        0x477 (size before relaxing)
 .debug_str     0x0000000000001649      0x314 /Users/Wenhao/Documents/LPCXpresso_6.1.4/workspace/Lib_MCU/Debug/libLib_MCU.a(lpc17xx_i2c.o)
                                        0x80d (size before relaxing)
 .debug_str     0x000000000000195d      0x214 /Users/Wenhao/Documents/LPCXpresso_6.1.4/workspace/Lib_MCU/Debug/libLib_MCU.a(lpc17xx_pinsel.o)
                                        0x3ac (size before relaxing)
 .debug_str     0x0000000000001b71      0x20c /Users/Wenhao/Documents/LPCXpresso_6.1.4/workspace/Lib_MCU/Debug/libLib_MCU.a(lpc17xx_ssp.o)
                                        0x48a (size before relaxing)
 .debug_str     0x0000000000001d7d      0x42e /Users/Wenhao/Documents/LPCXpresso_6.1.4/workspace/Lib_MCU/Debug/libLib_MCU.a(lpc17xx_timer.o)
                                        0x5c0 (size before relaxing)
 .debug_str     0x00000000000021ab       0xcb /Users/Wenhao/Documents/LPCXpresso_6.1.4/workspace/Lib_MCU/Debug/libLib_MCU.a(lpc17xx_clkpwr.o)
                                        0x3a8 (size before relaxing)
 .debug_str     0x0000000000002276       0xbc /Applications/lpcxpresso_6.1.4_194/lpcxpresso/tools/bin/../lib/gcc/arm-none-eabi/4.6.2/../../../../arm-none-eabi/lib/armv7-m/libcr_newlib_semihost.a(_cr_sbrk.o)
                                        0x145 (size before relaxing)
 .debug_str     0x0000000000002332      0x2db /Applications/lpcxpresso_6.1.4_194/lpcxpresso/tools/bin/../lib/gcc/arm-none-eabi/4.6.2/../../../../arm-none-eabi/lib/armv7-m/libcr_newlib_semihost.a(syscalls.o)
                                        0x40b (size before relaxing)
 .debug_str     0x000000000000260d       0x3b /Applications/lpcxpresso_6.1.4_194/lpcxpresso/tools/bin/../lib/gcc/arm-none-eabi/4.6.2/../../../../arm-none-eabi/lib/armv7-m/libcr_newlib_semihost.a(_cr_check_heap.o)
                                         0xd1 (size before relaxing)

.comment        0x0000000000000000       0x9a