Archive member included because of file (symbol)

/Users/Wenhao/Documents/LPCXpresso_6.1.4/workspace/Lib_CMSISv1p30_LPC17xx/Debug/libCMSISv1p30_LPC17xx.a(system_LPC17xx.o)
                              ./src/main.o (SystemCoreClock)
/Users/Wenhao/Documents/LPCXpresso_6.1.4/workspace/Lib_EaBaseBoard/Debug/libLib_EaBaseBoard.a(acc.o)
                              ./src/main.o (acc_init)
/Users/Wenhao/Documents/LPCXpresso_6.1.4/workspace/Lib_EaBaseBoard/Debug/libLib_EaBaseBoard.a(joystick.o)
                              ./src/main.o (joystick_init)
/Users/Wenhao/Documents/LPCXpresso_6.1.4/workspace/Lib_EaBaseBoard/Debug/libLib_EaBaseBoard.a(led7seg.o)
                              ./src/main.o (led7seg_init)
/Users/Wenhao/Documents/LPCXpresso_6.1.4/workspace/Lib_EaBaseBoard/Debug/libLib_EaBaseBoard.a(light.o)
                              ./src/main.o (light_enable)
/Users/Wenhao/Documents/LPCXpresso_6.1.4/workspace/Lib_EaBaseBoard/Debug/libLib_EaBaseBoard.a(oled.o)
                              ./src/main.o (oled_init)
/Users/Wenhao/Documents/LPCXpresso_6.1.4/workspace/Lib_EaBaseBoard/Debug/libLib_EaBaseBoard.a(pca9532.o)
                              ./src/main.o (pca9532_init)
/Users/Wenhao/Documents/LPCXpresso_6.1.4/workspace/Lib_EaBaseBoard/Debug/libLib_EaBaseBoard.a(rgb.o)
                              ./src/main.o (rgb_init)
/Users/Wenhao/Documents/LPCXpresso_6.1.4/workspace/Lib_EaBaseBoard/Debug/libLib_EaBaseBoard.a(temp.o)
                              ./src/main.o (temp_init)
/Users/Wenhao/Documents/LPCXpresso_6.1.4/workspace/Lib_EaBaseBoard/Debug/libLib_EaBaseBoard.a(font5x7.o)
                              /Users/Wenhao/Documents/LPCXpresso_6.1.4/workspace/Lib_EaBaseBoard/Debug/libLib_EaBaseBoard.a(oled.o) (font5x7)
/Users/Wenhao/Documents/LPCXpresso_6.1.4/workspace/Lib_MCU/Debug/libLib_MCU.a(lpc17xx_gpio.o)
                              ./src/main.o (GPIO_SetDir)
/Users/Wenhao/Documents/LPCXpresso_6.1.4/workspace/Lib_MCU/Debug/libLib_MCU.a(lpc17xx_i2c.o)
                              ./src/main.o (I2C_Init)
/Users/Wenhao/Documents/LPCXpresso_6.1.4/workspace/Lib_MCU/Debug/libLib_MCU.a(lpc17xx_pinsel.o)
                              ./src/main.o (PINSEL_ConfigPin)
/Users/Wenhao/Documents/LPCXpresso_6.1.4/workspace/Lib_MCU/Debug/libLib_MCU.a(lpc17xx_ssp.o)
                              ./src/main.o (SSP_Init)
/Users/Wenhao/Documents/LPCXpresso_6.1.4/workspace/Lib_MCU/Debug/libLib_MCU.a(lpc17xx_timer.o)
                              ./src/main.o (Timer0_Wait)
/Users/Wenhao/Documents/LPCXpresso_6.1.4/workspace/Lib_MCU/Debug/libLib_MCU.a(lpc17xx_uart.o)
                              ./src/main.o (UART_TxCmd)
/Users/Wenhao/Documents/LPCXpresso_6.1.4/workspace/Lib_MCU/Debug/libLib_MCU.a(lpc17xx_clkpwr.o)
                              /Users/Wenhao/Documents/LPCXpresso_6.1.4/workspace/Lib_MCU/Debug/libLib_MCU.a(lpc17xx_i2c.o) (CLKPWR_SetPCLKDiv)
/Applications/lpcxpresso_6.1.4_194/lpcxpresso/tools/bin/../lib/gcc/arm-none-eabi/4.6.2/armv7-m/libgcc.a(_arm_addsubdf3.o)
                              ./src/main.o (__aeabi_i2d)
/Applications/lpcxpresso_6.1.4_194/lpcxpresso/tools/bin/../lib/gcc/arm-none-eabi/4.6.2/armv7-m/libgcc.a(_arm_muldivdf3.o)
                              ./src/main.o (__aeabi_ddiv)
/Applications/lpcxpresso_6.1.4_194/lpcxpresso/tools/bin/../lib/gcc/arm-none-eabi/4.6.2/armv7-m/libgcc.a(_arm_truncdfsf2.o)
                              ./src/main.o (__aeabi_d2f)
/Applications/lpcxpresso_6.1.4_194/lpcxpresso/tools/bin/../lib/gcc/arm-none-eabi/4.6.2/armv7-m/libgcc.a(_arm_cmpsf2.o)
                              ./src/main.o (__aeabi_fcmple)
/Applications/lpcxpresso_6.1.4_194/lpcxpresso/tools/bin/../lib/gcc/arm-none-eabi/4.6.2/armv7-m/libgcc.a(_aeabi_uldivmod.o)
                              /Users/Wenhao/Documents/LPCXpresso_6.1.4/workspace/Lib_CMSISv1p30_LPC17xx/Debug/libCMSISv1p30_LPC17xx.a(system_LPC17xx.o) (__aeabi_uldivmod)
/Applications/lpcxpresso_6.1.4_194/lpcxpresso/tools/bin/../lib/gcc/arm-none-eabi/4.6.2/armv7-m/libgcc.a(bpabi.o)
                              /Applications/lpcxpresso_6.1.4_194/lpcxpresso/tools/bin/../lib/gcc/arm-none-eabi/4.6.2/armv7-m/libgcc.a(_aeabi_uldivmod.o) (__gnu_uldivmod_helper)
/Applications/lpcxpresso_6.1.4_194/lpcxpresso/tools/bin/../lib/gcc/arm-none-eabi/4.6.2/armv7-m/libgcc.a(_dvmd_tls.o)
                              /Applications/lpcxpresso_6.1.4_194/lpcxpresso/tools/bin/../lib/gcc/arm-none-eabi/4.6.2/armv7-m/libgcc.a(_aeabi_uldivmod.o) (__aeabi_ldiv0)
/Applications/lpcxpresso_6.1.4_194/lpcxpresso/tools/bin/../lib/gcc/arm-none-eabi/4.6.2/armv7-m/libgcc.a(_divdi3.o)
                              /Applications/lpcxpresso_6.1.4_194/lpcxpresso/tools/bin/../lib/gcc/arm-none-eabi/4.6.2/armv7-m/libgcc.a(bpabi.o) (__divdi3)
/Applications/lpcxpresso_6.1.4_194/lpcxpresso/tools/bin/../lib/gcc/arm-none-eabi/4.6.2/armv7-m/libgcc.a(_udivdi3.o)
[...]
Memory Configuration

Name             Origin             Length             Attributes
MFlash512        0x0000000000000000 0x0000000000080000 xr
RamLoc32         0x0000000010000000 0x0000000000008000 xrw
RamAHB32         0x000000002007c000 0x0000000000008000 xrw
*default*        0x0000000000000000 0xffffffffffffffff

Linker script and memory map

LOAD ./src/cr_startup_lpc17.o
LOAD ./src/main.o
LOAD /Users/Wenhao/Documents/LPCXpresso_6.1.4/workspace/Lib_CMSISv1p30_LPC17xx/Debug/libCMSISv1p30_LPC17xx.a
LOAD /Users/Wenhao/Documents/LPCXpresso_6.1.4/workspace/Lib_EaBaseBoard/Debug/libLib_EaBaseBoard.a
LOAD /Users/Wenhao/Documents/LPCXpresso_6.1.4/workspace/Lib_MCU/Debug/libLib_MCU.a
START GROUP
LOAD /Applications/lpcxpresso_6.1.4_194/lpcxpresso/tools/bin/../lib/gcc/arm-none-eabi/4.6.2/armv7-m/libgcc.a
LOAD /Applications/lpcxpresso_6.1.4_194/lpcxpresso/tools/bin/../lib/gcc/arm-none-eabi/4.6.2/../../../../arm-none-eabi/lib/armv7-m/libc.a
LOAD /Applications/lpcxpresso_6.1.4_194/lpcxpresso/tools/bin/../lib/gcc/arm-none-eabi/4.6.2/../../../../arm-none-eabi/lib/armv7-m/libm.a
LOAD /Applications/lpcxpresso_6.1.4_194/lpcxpresso/tools/bin/../lib/gcc/arm-none-eabi/4.6.2/../../../../arm-none-eabi/lib/armv7-m/libcr_newlib_semihost.a
END GROUP
                0x0000000000080000                __top_MFlash512 = 0x80000
                0x0000000010008000                __top_RamLoc32 = 0x10008000
                0x0000000020084000                __top_RamAHB32 = 0x20084000

.text           0x0000000000000000     0xa594
 FILL mask 0xff
                0x0000000000000000                __vectors_start__ = ABSOLUTE (.)
 *(.isr_vector)
 .isr_vector    0x0000000000000000       0xcc ./src/cr_startup_lpc17.o
                0x0000000000000000                g_pfnVectors
                0x00000000000000cc                . = ALIGN (0x4)
                0x00000000000000cc                __section_table_start = .
                0x00000000000000cc                __data_section_table = .
                0x00000000000000cc        0x4 LONG 0xa59c LOADADDR (.data)
                0x00000000000000d0        0x4 LONG 0x10000000 ADDR (.data)
                0x00000000000000d4        0x4 LONG 0x99c SIZEOF (.data)
                0x00000000000000d8        0x4 LONG 0xa59c LOADADDR (.data_RAM2)
                0x00000000000000dc        0x4 LONG 0x2007c000 ADDR (.data_RAM2)
                0x00000000000000e0        0x4 LONG 0x0 SIZEOF (.data_RAM2)
                0x00000000000000e4                __data_section_table_end = .
                0x00000000000000e4                __bss_section_table = .
                0x00000000000000e4        0x4 LONG 0x1000099c ADDR (.bss)
                0x00000000000000e8        0x4 LONG 0x5e4 SIZEOF (.bss)
                0x00000000000000ec        0x4 LONG 0x2007c000 ADDR (.bss_RAM2)
                0x00000000000000f0        0x4 LONG 0x0 SIZEOF (.bss_RAM2)
                0x00000000000000f4                __bss_section_table_end = .
                0x00000000000000f4                __section_table_end = .
 *(.after_vectors*)
 *(.text*)
 .text.ResetISR
                0x00000000000000f4       0x68 ./src/cr_startup_lpc17.o
                0x00000000000000f4                ResetISR
 .text.NMI_Handler
                0x000000000000015c        0x8 ./src/cr_startup_lpc17.o
                0x000000000000015c                NMI_Handler
 .text.HardFault_Handler
                0x0000000000000164        0x8 ./src/cr_startup_lpc17.o
                0x0000000000000164                HardFault_Handler
 .text.MemManage_Handler
                0x000000000000016c        0x8 ./src/cr_startup_lpc17.o
                0x000000000000016c                MemManage_Handler
 .text.BusFault_Handler
                0x0000000000000174        0x8 ./src/cr_startup_lpc17.o
                0x0000000000000174                BusFault_Handler
 .text.UsageFault_Handler
                0x000000000000017c        0x8 ./src/cr_startup_lpc17.o
                0x000000000000017c                UsageFault_Handler
 .text.SVCall_Handler
                0x0000000000000184        0x8 ./src/cr_startup_lpc17.o
                0x0000000000000184                SVCall_Handler
 .text.DebugMon_Handler
                0x000000000000018c        0x8 ./src/cr_startup_lpc17.o
                0x000000000000018c                DebugMon_Handler
 .text.PendSV_Handler
                0x0000000000000194        0x8 ./src/cr_startup_lpc17.o
                0x0000000000000194                PendSV_Handler
 .text.IntDefaultHandler
                0x000000000000019c        0x8 ./src/cr_startup_lpc17.o
                0x000000000000019c                ENET_IRQHandler
                0x000000000000019c                RIT_IRQHandler
                0x000000000000019c                I2C0_IRQHandler
                0x000000000000019c                USBActivity_IRQHandler
                0x000000000000019c                PWM1_IRQHandler
                0x000000000000019c                I2C1_IRQHandler
                0x000000000000019c                EINT2_IRQHandler
                0x000000000000019c                UART1_IRQHandler
                0x000000000000019c                EINT3_IRQHandler
                0x000000000000019c                CANActivity_IRQHandler
                0x000000000000019c                TIMER3_IRQHandler
                0x000000000000019c                UART0_IRQHandler
                0x000000000000019c                IntDefaultHandler
                0x000000000000019c                PLL0_IRQHandler
                0x000000000000019c                CAN_IRQHandler
                0x000000000000019c                PLL1_IRQHandler
                0x000000000000019c                SSP0_IRQHandler
                0x000000000000019c                I2S_IRQHandler
                0x000000000000019c                I2C2_IRQHandler
                0x000000000000019c                RTC_IRQHandler
                0x000000000000019c                TIMER0_IRQHandler
                0x000000000000019c                SPI_IRQHandler
                0x000000000000019c                EINT1_IRQHandler
                0x000000000000019c                TIMER1_IRQHandler
                0x000000000000019c                UART2_IRQHandler
                0x000000000000019c                ADC_IRQHandler
                0x000000000000019c                SSP1_IRQHandler
                0x000000000000019c                USB_IRQHandler
                0x000000000000019c                BOD_IRQHandler
                0x000000000000019c                WDT_IRQHandler
                0x000000000000019c                QEI_IRQHandler
                0x000000000000019c                DMA_IRQHandler
                0x000000000000019c                MCPWM_IRQHandler
                0x000000000000019c                TIMER2_IRQHandler
 .text.NVIC_EnableIRQ
                0x00000000000001a4       0x38 ./src/main.o
 .text.NVIC_ClearPendingIRQ
                0x00000000000001dc       0x3c ./src/main.o
 .text.NVIC_SetPriority
                0x0000000000000218       0x5c ./src/main.o
 .text.NVIC_EncodePriority
                0x0000000000000274       0x78 ./src/main.o
 .text.SysTick_Config
                0x00000000000002ec       0x64 ./src/main.o
 .text.turnOffRgb
                0x0000000000000350       0x1c ./src/main.o
                0x0000000000000350                turnOffRgb
 .text.changeToRelay
                0x000000000000036c       0x18 ./src/main.o
                0x000000000000036c                changeToRelay
 .text.changeToRegular
                0x0000000000000384       0x18 ./src/main.o
                0x0000000000000384                changeToRegular
 .text.toggleMode
                0x000000000000039c       0x20 ./src/main.o
                0x000000000000039c                toggleMode
 .text.resetAcc
                0x00000000000003bc       0x70 ./src/main.o
                0x00000000000003bc                resetAcc
 .text.updateOledAcc
                0x000000000000042c       0x64 ./src/main.o
                0x000000000000042c                updateOledAcc
 .text.updateOledLight
                0x0000000000000490       0x64 ./src/main.o
                0x0000000000000490                updateOledLight
 .text.updateOledTemp
                0x00000000000004f4       0x84 ./src/main.o
                0x00000000000004f4                updateOledTemp
 .text.updateOledCondition
                0x0000000000000578       0xa0 ./src/main.o
                0x0000000000000578                updateOledCondition
 .text.updateOledMode
                0x0000000000000618       0x74 ./src/main.o
                0x0000000000000618                updateOledMode
 .text.updateOled
                0x000000000000068c      0x19c ./src/main.o
                0x000000000000068c                updateOled
 .text.init_ssp
                0x0000000000000828       0x98 ./src/main.o
 .text.init_i2c
                0x00000000000008c0       0x5c ./src/main.o
 .text.init_SW4
                0x000000000000091c       0x50 ./src/main.o
 .text.config_EINT0
                0x000000000000096c       0x10 ./src/main.o
                0x000000000000096c                config_EINT0
 .text.init_SW3
                0x000000000000097c       0x28 ./src/main.o
 .text.calculateAccVar
                0x00000000000009a4      0x148 ./src/main.o
                0x00000000000009a4                calculateAccVar
 .text.updateAcc
                0x0000000000000aec       0x68 ./src/main.o
                0x0000000000000aec                updateAcc
 .text.SysTick_Handler
                0x0000000000000b54      0x1bc ./src/main.o
                0x0000000000000b54                SysTick_Handler
 .text.getTicks
                0x0000000000000d10       0x18 ./src/main.o
                0x0000000000000d10                getTicks
 .text.turnOnAlarm
                0x0000000000000d28       0x18 ./src/main.o
                0x0000000000000d28                turnOnAlarm
 .text.playAlarm
                0x0000000000000d40       0x70 ./src/main.o
                0x0000000000000d40                playAlarm
 .text.turnOffAlarm
                0x0000000000000db0       0x18 ./src/main.o
                0x0000000000000db0                turnOffAlarm
 .text.updateLed7Seg
                0x0000000000000dc8       0x50 ./src/main.o
                0x0000000000000dc8                updateLed7Seg
 .text.updateLight
                0x0000000000000e18       0x1c ./src/main.o
                0x0000000000000e18                updateLight
 .text.updateTemp
                0x0000000000000e34       0x1c ./src/main.o
                0x0000000000000e34                updateTemp
 .text.updateCondition
                0x0000000000000e50       0x3c ./src/main.o
                0x0000000000000e50                updateCondition
 .text.checkAndUpdateAll
                0x0000000000000e8c      0x154 ./src/main.o
                0x0000000000000e8c                checkAndUpdateAll
 .text.EINT0_IRQHandler
                0x0000000000000fe0       0x2c ./src/main.o
                0x0000000000000fe0                EINT0_IRQHandler
 .text.readFromBuffer
                0x000000000000100c       0xac ./src/main.o
                0x000000000000100c                readFromBuffer
 .text.UART3_IRQHandler
                0x00000000000010b8       0x80 ./src/main.o
                0x00000000000010b8                UART3_IRQHandler
 .text.pinsel_uart3
                0x0000000000001138       0x38 ./src/main.o
                0x0000000000001138                pinsel_uart3
 .text.init_uart
                0x0000000000001170       0xc8 ./src/main.o
                0x0000000000001170                init_uart
 .text.initializeAll
                0x0000000000001238      0x130 ./src/main.o
                0x0000000000001238                initializeAll
 .text.printMsg
                0x0000000000001368      0x1cc ./src/main.o
                0x0000000000001368                printMsg
 .text.report   0x0000000000001534       0x20 ./src/main.o
                0x0000000000001534                report
 .text.checkAndReport
                0x0000000000001554       0x38 ./src/main.o
                0x0000000000001554                checkAndReport
 .text.main     0x000000000000158c       0x3c ./src/main.o
                0x000000000000158c                main
 .text.check_failed
                0x00000000000015c8        0xc ./src/main.o
                0x00000000000015c8                check_failed
 .text.SystemInit
                0x00000000000015d4      0x22c /Users/Wenhao/Documents/LPCXpresso_6.1.4/workspace/Lib_CMSISv1p30_LPC17xx/Debug/libCMSISv1p30_LPC17xx.a(system_LPC17xx.o)
                0x00000000000015d4                SystemInit
 .text.I2CRead  0x0000000000001800       0x5c /Users/Wenhao/Documents/LPCXpresso_6.1.4/workspace/Lib_EaBaseBoard/Debug/libLib_EaBaseBoard.a(acc.o)
 .text.I2CWrite
                0x000000000000185c       0x5c /Users/Wenhao/Documents/LPCXpresso_6.1.4/workspace/Lib_EaBaseBoard/Debug/libLib_EaBaseBoard.a(acc.o)
 .text.getStatus
                0x00000000000018b8       0x3c /Users/Wenhao/Documents/LPCXpresso_6.1.4/workspace/Lib_EaBaseBoard/Debug/libLib_EaBaseBoard.a(acc.o)
 .text.setModeControl
                0x00000000000018f4       0x30 /Users/Wenhao/Documents/LPCXpresso_6.1.4/workspace/Lib_EaBaseBoard/Debug/libLib_EaBaseBoard.a(acc.o)
 .text.acc_init
                0x0000000000001924       0x10 /Users/Wenhao/Documents/LPCXpresso_6.1.4/workspace/Lib_EaBaseBoard/Debug/libLib_EaBaseBoard.a(acc.o)
                0x0000000000001924                acc_init
 .text.acc_read
                0x0000000000001934       0xbc /Users/Wenhao/Documents/LPCXpresso_6.1.4/workspace/Lib_EaBaseBoard/Debug/libLib_EaBaseBoard.a(acc.o)
                0x0000000000001934                acc_read
 .text.joystick_init
                0x00000000000019f0       0x28 /Users/Wenhao/Documents/LPCXpresso_6.1.4/workspace/Lib_EaBaseBoard/Debug/libLib_EaBaseBoard.a(joystick.o)
                0x00000000000019f0                joystick_init
 .text.led7seg_init
                0x0000000000001a18       0x24 /Users/Wenhao/Documents/LPCXpresso_6.1.4/workspace/Lib_EaBaseBoard/Debug/libLib_EaBaseBoard.a(led7seg.o)
                0x0000000000001a18                led7seg_init
 .text.led7seg_setChar
                0x0000000000001a3c       0x88 /Users/Wenhao/Documents/LPCXpresso_6.1.4/workspace/Lib_EaBaseBoard/Debug/libLib_EaBaseBoard.a(led7seg.o)
                0x0000000000001a3c                led7seg_setChar
 .text.I2CRead  0x0000000000001ac4       0x5c /Users/Wenhao/Documents/LPCXpresso_6.1.4/workspace/Lib_EaBaseBoard/Debug/libLib_EaBaseBoard.a(light.o)
 .text.I2CWrite
                0x0000000000001b20       0x5c /Users/Wenhao/Documents/LPCXpresso_6.1.4/workspace/Lib_EaBaseBoard/Debug/libLib_EaBaseBoard.a(light.o)
 .text.readControlReg
                0x0000000000001b7c       0x3c /Users/Wenhao/Documents/LPCXpresso_6.1.4/workspace/Lib_EaBaseBoard/Debug/libLib_EaBaseBoard.a(light.o)
 .text.light_enable
                0x0000000000001bb8       0x48 /Users/Wenhao/Documents/LPCXpresso_6.1.4/workspace/Lib_EaBaseBoard/Debug/libLib_EaBaseBoard.a(light.o)
                0x0000000000001bb8                light_enable
 .text.light_read
                0x0000000000001c00       0x90 /Users/Wenhao/Documents/LPCXpresso_6.1.4/workspace/Lib_EaBaseBoard/Debug/libLib_EaBaseBoard.a(light.o)
                0x0000000000001c00                light_read
 .text.light_setRange
                0x0000000000001c90       0xac /Users/Wenhao/Documents/LPCXpresso_6.1.4/workspace/Lib_EaBaseBoard/Debug/libLib_EaBaseBoard.a(light.o)
                0x0000000000001c90                light_setRange
 .text.writeCommand
                0x0000000000001d3c       0x60 /Users/Wenhao/Documents/LPCXpresso_6.1.4/workspace/Lib_EaBaseBoard/Debug/libLib_EaBaseBoard.a(oled.o)
 .text.writeData
                0x0000000000001d9c       0x60 /Users/Wenhao/Documents/LPCXpresso_6.1.4/workspace/Lib_EaBaseBoard/Debug/libLib_EaBaseBoard.a(oled.o)
 .text.writeDataLen
                0x0000000000001dfc       0x8c /Users/Wenhao/Documents/LPCXpresso_6.1.4/workspace/Lib_EaBaseBoard/Debug/libLib_EaBaseBoard.a(oled.o)
 .text.runInitSequence
                0x0000000000001e88      0x118 /Users/Wenhao/Documents/LPCXpresso_6.1.4/workspace/Lib_EaBaseBoard/Debug/libLib_EaBaseBoard.a(oled.o)
 .text.hLine    0x0000000000001fa0       0x4c /Users/Wenhao/Documents/LPCXpresso_6.1.4/workspace/Lib_EaBaseBoard/Debug/libLib_EaBaseBoard.a(oled.o)
 .text.vLine    0x0000000000001fec       0x4c /Users/Wenhao/Documents/LPCXpresso_6.1.4/workspace/Lib_EaBaseBoard/Debug/libLib_EaBaseBoard.a(oled.o)
 .text.oled_init
                0x0000000000002038       0x9c /Users/Wenhao/Documents/LPCXpresso_6.1.4/workspace/Lib_EaBaseBoard/Debug/libLib_EaBaseBoard.a(oled.o)
                0x0000000000002038                oled_init
 .text.oled_putPixel
                0x00000000000020d4      0x188 /Users/Wenhao/Documents/LPCXpresso_6.1.4/workspace/Lib_EaBaseBoard/Debug/libLib_EaBaseBoard.a(oled.o)
                0x00000000000020d4                oled_putPixel
 .text.oled_fillRect
                0x000000000000225c       0x90 /Users/Wenhao/Documents/LPCXpresso_6.1.4/workspace/Lib_EaBaseBoard/Debug/libLib_EaBaseBoard.a(oled.o)
                0x000000000000225c                oled_fillRect
 .text.oled_clearScreen
                0x00000000000022ec       0x74 /Users/Wenhao/Documents/LPCXpresso_6.1.4/workspace/Lib_EaBaseBoard/Debug/libLib_EaBaseBoard.a(oled.o)
                0x00000000000022ec                oled_clearScreen
 .text.oled_putChar
                0x0000000000002360       0xf0 /Users/Wenhao/Documents/LPCXpresso_6.1.4/workspace/Lib_EaBaseBoard/Debug/libLib_EaBaseBoard.a(oled.o)
                0x0000000000002360                oled_putChar
 .text.oled_putString
                0x0000000000002450       0x54 /Users/Wenhao/Documents/LPCXpresso_6.1.4/workspace/Lib_EaBaseBoard/Debug/libLib_EaBaseBoard.a(oled.o)
                0x0000000000002450                oled_putString
 .text.pca9532_init
                0x00000000000024a4        0xc /Users/Wenhao/Documents/LPCXpresso_6.1.4/workspace/Lib_EaBaseBoard/Debug/libLib_EaBaseBoard.a(pca9532.o)
                0x00000000000024a4                pca9532_init
 .text.rgb_init
                0x00000000000024b0       0x38 /Users/Wenhao/Documents/LPCXpresso_6.1.4/workspace/Lib_EaBaseBoard/Debug/libLib_EaBaseBoard.a(rgb.o)
                0x00000000000024b0                rgb_init
 .text.rgb_setLeds
                0x00000000000024e8       0x38 /Users/Wenhao/Documents/LPCXpresso_6.1.4/workspace/Lib_EaBaseBoard/Debug/libLib_EaBaseBoard.a(rgb.o)
                0x00000000000024e8                rgb_setLeds
 .text.temp_init
                0x0000000000002520       0x2c /Users/Wenhao/Documents/LPCXpresso_6.1.4/workspace/Lib_EaBaseBoard/Debug/libLib_EaBaseBoard.a(temp.o)
                0x0000000000002520                temp_init
 .text.temp_read
                0x000000000000254c      0x10c /Users/Wenhao/Documents/LPCXpresso_6.1.4/workspace/Lib_EaBaseBoard/Debug/libLib_EaBaseBoard.a(temp.o)
                0x000000000000254c                temp_read
 .text.GPIO_GetPointer
                0x0000000000002658       0x7c /Users/Wenhao/Documents/LPCXpresso_6.1.4/workspace/Lib_MCU/Debug/libLib_MCU.a(lpc17xx_gpio.o)
 .text.GPIO_SetDir
                0x00000000000026d4       0x54 /Users/Wenhao/Documents/LPCXpresso_6.1.4/workspace/Lib_MCU/Debug/libLib_MCU.a(lpc17xx_gpio.o)
                0x00000000000026d4                GPIO_SetDir
 .text.GPIO_SetValue
                0x0000000000002728       0x2c /Users/Wenhao/Documents/LPCXpresso_6.1.4/workspace/Lib_MCU/Debug/libLib_MCU.a(lpc17xx_gpio.o)
                0x0000000000002728                GPIO_SetValue
 .text.GPIO_ClearValue
                0x0000000000002754       0x2c /Users/Wenhao/Documents/LPCXpresso_6.1.4/workspace/Lib_MCU/Debug/libLib_MCU.a(lpc17xx_gpio.o)
                0x0000000000002754                GPIO_ClearValue
 .text.GPIO_ReadValue
                0x0000000000002780       0x30 /Users/Wenhao/Documents/LPCXpresso_6.1.4/workspace/Lib_MCU/Debug/libLib_MCU.a(lpc17xx_gpio.o)
                0x0000000000002780                GPIO_ReadValue
 .text.NVIC_EnableIRQ
                0x00000000000027b0       0x38 /Users/Wenhao/Documents/LPCXpresso_6.1.4/workspace/Lib_MCU/Debug/libLib_MCU.a(lpc17xx_i2c.o)
 .text.NVIC_DisableIRQ
                0x00000000000027e8       0x3c /Users/Wenhao/Documents/LPCXpresso_6.1.4/workspace/Lib_MCU/Debug/libLib_MCU.a(lpc17xx_i2c.o)
 .text.I2C_getNum
                0x0000000000002824       0x54 /Users/Wenhao/Documents/LPCXpresso_6.1.4/workspace/Lib_MCU/Debug/libLib_MCU.a(lpc17xx_i2c.o)
 .text.I2C_Start
                0x0000000000002878       0x44 /Users/Wenhao/Documents/LPCXpresso_6.1.4/workspace/Lib_MCU/Debug/libLib_MCU.a(lpc17xx_i2c.o)
 .text.I2C_Stop
                0x00000000000028bc       0x38 /Users/Wenhao/Documents/LPCXpresso_6.1.4/workspace/Lib_MCU/Debug/libLib_MCU.a(lpc17xx_i2c.o)
 .text.I2C_SendByte
                0x00000000000028f4       0x50 /Users/Wenhao/Documents/LPCXpresso_6.1.4/workspace/Lib_MCU/Debug/libLib_MCU.a(lpc17xx_i2c.o)
 .text.I2C_GetByte
                0x0000000000002944       0x5c /Users/Wenhao/Documents/LPCXpresso_6.1.4/workspace/Lib_MCU/Debug/libLib_MCU.a(lpc17xx_i2c.o)
 .text.I2C_IntCmd
                0x00000000000029a0       0xa8 /Users/Wenhao/Documents/LPCXpresso_6.1.4/workspace/Lib_MCU/Debug/libLib_MCU.a(lpc17xx_i2c.o)
                0x00000000000029a0                I2C_IntCmd
 .text.I2C_MasterHandler
                0x0000000000002a48      0x408 /Users/Wenhao/Documents/LPCXpresso_6.1.4/workspace/Lib_MCU/Debug/libLib_MCU.a(lpc17xx_i2c.o)
                0x0000000000002a48                I2C_MasterHandler
 .text.I2C_SetClock
                0x0000000000002e50       0xc8 /Users/Wenhao/Documents/LPCXpresso_6.1.4/workspace/Lib_MCU/Debug/libLib_MCU.a(lpc17xx_i2c.o)
                0x0000000000002e50                I2C_SetClock
 .text.I2C_Init
                0x0000000000002f18       0xd8 /Users/Wenhao/Documents/LPCXpresso_6.1.4/workspace/Lib_MCU/Debug/libLib_MCU.a(lpc17xx_i2c.o)
                0x0000000000002f18                I2C_Init
 .text.I2C_Cmd  0x0000000000002ff0       0x84 /Users/Wenhao/Documents/LPCXpresso_6.1.4/workspace/Lib_MCU/Debug/libLib_MCU.a(lpc17xx_i2c.o)
                0x0000000000002ff0                I2C_Cmd
 .text.I2C_MasterTransferData
                0x0000000000003074      0x390 /Users/Wenhao/Documents/LPCXpresso_6.1.4/workspace/Lib_MCU/Debug/libLib_MCU.a(lpc17xx_i2c.o)
                0x0000000000003074                I2C_MasterTransferData
 .text.PINSEL_SetPinFunc
                0x0000000000003404       0x9c /Users/Wenhao/Documents/LPCXpresso_6.1.4/workspace/Lib_MCU/Debug/libLib_MCU.a(lpc17xx_pinsel.o)
                0x0000000000003404                PINSEL_SetPinFunc
 .text.PINSEL_SetResistorMode
                0x00000000000034a0       0x9c /Users/Wenhao/Documents/LPCXpresso_6.1.4/workspace/Lib_MCU/Debug/libLib_MCU.a(lpc17xx_pinsel.o)
                0x00000000000034a0                PINSEL_SetResistorMode
 .text.PINSEL_SetOpenDrainMode
                0x000000000000353c       0x7c /Users/Wenhao/Documents/LPCXpresso_6.1.4/workspace/Lib_MCU/Debug/libLib_MCU.a(lpc17xx_pinsel.o)
                0x000000000000353c                PINSEL_SetOpenDrainMode
 .text.PINSEL_ConfigPin
                0x00000000000035b8       0x54 /Users/Wenhao/Documents/LPCXpresso_6.1.4/workspace/Lib_MCU/Debug/libLib_MCU.a(lpc17xx_pinsel.o)
                0x00000000000035b8                PINSEL_ConfigPin
 .text.SSP_getNum
                0x000000000000360c       0x40 /Users/Wenhao/Documents/LPCXpresso_6.1.4/workspace/Lib_MCU/Debug/libLib_MCU.a(lpc17xx_ssp.o)
 .text.SSP_IntHandler
                0x000000000000364c      0x338 /Users/Wenhao/Documents/LPCXpresso_6.1.4/workspace/Lib_MCU/Debug/libLib_MCU.a(lpc17xx_ssp.o)
                0x000000000000364c                SSP_IntHandler
 .text.SSP_SetClock
                0x0000000000003984       0xf8 /Users/Wenhao/Documents/LPCXpresso_6.1.4/workspace/Lib_MCU/Debug/libLib_MCU.a(lpc17xx_ssp.o)
                0x0000000000003984                SSP_SetClock
 .text.SSP_Init
                0x0000000000003a7c      0x10c /Users/Wenhao/Documents/LPCXpresso_6.1.4/workspace/Lib_MCU/Debug/libLib_MCU.a(lpc17xx_ssp.o)
                0x0000000000003a7c                SSP_Init
 .text.SSP_ConfigStructInit
                0x0000000000003b88       0x48 /Users/Wenhao/Documents/LPCXpresso_6.1.4/workspace/Lib_MCU/Debug/libLib_MCU.a(lpc17xx_ssp.o)
                0x0000000000003b88                SSP_ConfigStructInit
 .text.SSP_Cmd  0x0000000000003bd0       0x7c /Users/Wenhao/Documents/LPCXpresso_6.1.4/workspace/Lib_MCU/Debug/libLib_MCU.a(lpc17xx_ssp.o)
                0x0000000000003bd0                SSP_Cmd
 .text.SSP_SendData
                0x0000000000003c4c       0x48 /Users/Wenhao/Documents/LPCXpresso_6.1.4/workspace/Lib_MCU/Debug/libLib_MCU.a(lpc17xx_ssp.o)
                0x0000000000003c4c                SSP_SendData
 .text.SSP_ReceiveData
                0x0000000000003c94       0x44 /Users/Wenhao/Documents/LPCXpresso_6.1.4/workspace/Lib_MCU/Debug/libLib_MCU.a(lpc17xx_ssp.o)
                0x0000000000003c94                SSP_ReceiveData
 .text.SSP_ReadWrite
                0x0000000000003cd8      0x440 /Users/Wenhao/Documents/LPCXpresso_6.1.4/workspace/Lib_MCU/Debug/libLib_MCU.a(lpc17xx_ssp.o)
                0x0000000000003cd8                SSP_ReadWrite
 .text.TIM_GetPClock
                0x0000000000004118       0x68 /Users/Wenhao/Documents/LPCXpresso_6.1.4/workspace/Lib_MCU/Debug/libLib_MCU.a(lpc17xx_timer.o)
                0x0000000000004118                TIM_GetPClock
 .text.TIM_ConverUSecToVal
                0x0000000000004180       0x64 /Users/Wenhao/Documents/LPCXpresso_6.1.4/workspace/Lib_MCU/Debug/libLib_MCU.a(lpc17xx_timer.o)
                0x0000000000004180                TIM_ConverUSecToVal
 .text.TIM_ConverPtrToTimeNum
                0x00000000000041e4       0x6c /Users/Wenhao/Documents/LPCXpresso_6.1.4/workspace/Lib_MCU/Debug/libLib_MCU.a(lpc17xx_timer.o)
                0x00000000000041e4                TIM_ConverPtrToTimeNum
 .text.TIM_GetIntStatus
                0x0000000000004250       0xb4 /Users/Wenhao/Documents/LPCXpresso_6.1.4/workspace/Lib_MCU/Debug/libLib_MCU.a(lpc17xx_timer.o)
                0x0000000000004250                TIM_GetIntStatus
 .text.TIM_ClearIntPending
                0x0000000000004304       0xa0 /Users/Wenhao/Documents/LPCXpresso_6.1.4/workspace/Lib_MCU/Debug/libLib_MCU.a(lpc17xx_timer.o)
                0x0000000000004304                TIM_ClearIntPending
 .text.TIM_Init
                0x00000000000043a4      0x1bc /Users/Wenhao/Documents/LPCXpresso_6.1.4/workspace/Lib_MCU/Debug/libLib_MCU.a(lpc17xx_timer.o)
                0x00000000000043a4                TIM_Init
 .text.TIM_Cmd  0x0000000000004560       0x78 /Users/Wenhao/Documents/LPCXpresso_6.1.4/workspace/Lib_MCU/Debug/libLib_MCU.a(lpc17xx_timer.o)
                0x0000000000004560                TIM_Cmd
 .text.TIM_ConfigMatch
                0x00000000000045d8      0x19c /Users/Wenhao/Documents/LPCXpresso_6.1.4/workspace/Lib_MCU/Debug/libLib_MCU.a(lpc17xx_timer.o)
                0x00000000000045d8                TIM_ConfigMatch
 .text.Timer0_Wait
                0x0000000000004774       0x8c /Users/Wenhao/Documents/LPCXpresso_6.1.4/workspace/Lib_MCU/Debug/libLib_MCU.a(lpc17xx_timer.o)
                0x0000000000004774                Timer0_Wait
 .text.Timer0_us_Wait
                0x0000000000004800       0x8c /Users/Wenhao/Documents/LPCXpresso_6.1.4/workspace/Lib_MCU/Debug/libLib_MCU.a(lpc17xx_timer.o)
                0x0000000000004800                Timer0_us_Wait
 .text.uart_set_divisors
                0x000000000000488c      0x26c /Users/Wenhao/Documents/LPCXpresso_6.1.4/workspace/Lib_MCU/Debug/libLib_MCU.a(lpc17xx_uart.o)
                0x000000000000488c                uart_set_divisors
 .text.UART_Init
                0x0000000000004af8      0x368 /Users/Wenhao/Documents/LPCXpresso_6.1.4/workspace/Lib_MCU/Debug/libLib_MCU.a(lpc17xx_uart.o)
                0x0000000000004af8                UART_Init
 .text.UART_SendData
                0x0000000000004e60       0x78 /Users/Wenhao/Documents/LPCXpresso_6.1.4/workspace/Lib_MCU/Debug/libLib_MCU.a(lpc17xx_uart.o)
                0x0000000000004e60                UART_SendData
 .text.UART_IntConfig
                0x0000000000004ed8      0x1c8 /Users/Wenhao/Documents/LPCXpresso_6.1.4/workspace/Lib_MCU/Debug/libLib_MCU.a(lpc17xx_uart.o)
                0x0000000000004ed8                UART_IntConfig
 .text.UART_TxCmd
                0x00000000000050a0       0xe8 /Users/Wenhao/Documents/LPCXpresso_6.1.4/workspace/Lib_MCU/Debug/libLib_MCU.a(lpc17xx_uart.o)
                0x00000000000050a0                UART_TxCmd
 .text.UART_Send
                0x0000000000005188      0x10c /Users/Wenhao/Documents/LPCXpresso_6.1.4/workspace/Lib_MCU/Debug/libLib_MCU.a(lpc17xx_uart.o)
                0x0000000000005188                UART_Send
 .text.UART_SendString
                0x0000000000005294       0x2c /Users/Wenhao/Documents/LPCXpresso_6.1.4/workspace/Lib_MCU/Debug/libLib_MCU.a(lpc17xx_uart.o)
                0x0000000000005294                UART_SendString
 .text.CLKPWR_SetPCLKDiv
                0x00000000000052c0       0xcc /Users/Wenhao/Documents/LPCXpresso_6.1.4/workspace/Lib_MCU/Debug/libLib_MCU.a(lpc17xx_clkpwr.o)
                0x00000000000052c0                CLKPWR_SetPCLKDiv
 .text.CLKPWR_GetPCLKSEL
                0x000000000000538c       0x54 /Users/Wenhao/Documents/LPCXpresso_6.1.4/workspace/Lib_MCU/Debug/libLib_MCU.a(lpc17xx_clkpwr.o)
                0x000000000000538c                CLKPWR_GetPCLKSEL
 .text.CLKPWR_GetPCLK
                0x00000000000053e0       0x74 /Users/Wenhao/Documents/LPCXpresso_6.1.4/workspace/Lib_MCU/Debug/libLib_MCU.a(lpc17xx_clkpwr.o)
                0x00000000000053e0                CLKPWR_GetPCLK
 .text.CLKPWR_ConfigPPWR
                0x0000000000005454       0x78 /Users/Wenhao/Documents/LPCXpresso_6.1.4/workspace/Lib_MCU/Debug/libLib_MCU.a(lpc17xx_clkpwr.o)
                0x0000000000005454                CLKPWR_ConfigPPWR
 .text          0x00000000000054cc      0x370 /Applications/lpcxpresso_6.1.4_194/lpcxpresso/tools/bin/../lib/gcc/arm-none-eabi/4.6.2/armv7-m/libgcc.a(_arm_addsubdf3.o)
                0x00000000000054cc                __aeabi_drsub
                0x00000000000054d4                __subdf3
                0x00000000000054d4                __aeabi_dsub
                0x00000000000054d8                __aeabi_dadd
                0x00000000000054d8                __adddf3
                0x0000000000005750                __aeabi_ui2d
                0x0000000000005750                __floatunsidf
                0x0000000000005770                __floatsidf
                0x0000000000005770                __aeabi_i2d
                0x0000000000005794                __extendsfdf2
                0x0000000000005794                __aeabi_f2d
                0x00000000000057d0                __aeabi_ul2d
                0x00000000000057d0                __floatundidf
                0x00000000000057e0                __aeabi_l2d
                0x00000000000057e0                __floatdidf
 .text          0x000000000000583c      0x424 /Applications/lpcxpresso_6.1.4_194/lpcxpresso/tools/bin/../lib/gcc/arm-none-eabi/4.6.2/armv7-m/libgcc.a(_arm_muldivdf3.o)
                0x000000000000583c                __aeabi_dmul
                0x000000000000583c                __muldf3
                0x0000000000005a90                __aeabi_ddiv
                0x0000000000005a90                __divdf3
 .text          0x0000000000005c60       0xa0 /Applications/lpcxpresso_6.1.4_194/lpcxpresso/tools/bin/../lib/gcc/arm-none-eabi/4.6.2/armv7-m/libgcc.a(_arm_truncdfsf2.o)
                0x0000000000005c60                __aeabi_d2f
                0x0000000000005c60                __truncdfsf2
 .text          0x0000000000005d00       0xec /Applications/lpcxpresso_6.1.4_194/lpcxpresso/tools/bin/../lib/gcc/arm-none-eabi/4.6.2/armv7-m/libgcc.a(_arm_cmpsf2.o)
                0x0000000000005d00                __gesf2
                0x0000000000005d00                __gtsf2
                0x0000000000005d08                __ltsf2
                0x0000000000005d08                __lesf2
                0x0000000000005d10                __nesf2
                0x0000000000005d10                __eqsf2
                0x0000000000005d10                __cmpsf2
                0x0000000000005d70                __aeabi_cfrcmple
                0x0000000000005d78                __aeabi_cfcmpeq
                0x0000000000005d78                __aeabi_cfcmple
                0x0000000000005d88                __aeabi_fcmpeq
                0x0000000000005d9c                __aeabi_fcmplt
                0x0000000000005db0                __aeabi_fcmple
                0x0000000000005dc4                __aeabi_fcmpge
                0x0000000000005dd8                __aeabi_fcmpgt
 .text          0x0000000000005dec       0x2c /Applications/lpcxpresso_6.1.4_194/lpcxpresso/tools/bin/../lib/gcc/arm-none-eabi/4.6.2/armv7-m/libgcc.a(_aeabi_uldivmod.o)
                0x0000000000005dec                __aeabi_uldivmod
 .text          0x0000000000005e18       0x5c /Applications/lpcxpresso_6.1.4_194/lpcxpresso/tools/bin/../lib/gcc/arm-none-eabi/4.6.2/armv7-m/libgcc.a(bpabi.o)
                0x0000000000005e18                __gnu_ldivmod_helper
                0x0000000000005e48                __gnu_uldivmod_helper
 .text          0x0000000000005e74        0x4 /Applications/lpcxpresso_6.1.4_194/lpcxpresso/tools/bin/../lib/gcc/arm-none-eabi/4.6.2/armv7-m/libgcc.a(_dvmd_tls.o)
                0x0000000000005e74                __aeabi_ldiv0
                0x0000000000005e74                __aeabi_idiv0
 .text          0x0000000000005e78      0x2c8 /Applications/lpcxpresso_6.1.4_194/lpcxpresso/tools/bin/../lib/gcc/arm-none-eabi/4.6.2/armv7-m/libgcc.a(_divdi3.o)
                0x0000000000005e78                __divdi3
 .text          0x0000000000006140      0x298 /Applications/lpcxpresso_6.1.4_194/lpcxpresso/tools/bin/../lib/gcc/arm-none-eabi/4.6.2/armv7-m/libgcc.a(_udivdi3.o)
                0x0000000000006140                __udivdi3
 .text.clock    0x00000000000063d8       0x28 /Applications/lpcxpresso_6.1.4_194/lpcxpresso/tools/bin/../lib/gcc/arm-none-eabi/4.6.2/../../../../arm-none-eabi/lib/armv7-m/libc.a(lib_a-clock.o)
                0x00000000000063d8                clock
 .text.memset   0x0000000000006400       0x90 /Applications/lpcxpresso_6.1.4_194/lpcxpresso/tools/bin/../lib/gcc/arm-none-eabi/4.6.2/../../../../arm-none-eabi/lib/armv7-m/libc.a(lib_a-memset.o)
                0x0000000000006400                memset
 .text.sprintf  0x0000000000006490       0x50 /Applications/lpcxpresso_6.1.4_194/lpcxpresso/tools/bin/../lib/gcc/arm-none-eabi/4.6.2/../../../../arm-none-eabi/lib/armv7-m/libc.a(lib_a-sprintf.o)
                0x0000000000006490                sprintf
 .text.strlen   0x00000000000064e0       0x60 /Applications/lpcxpresso_6.1.4_194/lpcxpresso/tools/bin/../lib/gcc/arm-none-eabi/4.6.2/../../../../arm-none-eabi/lib/armv7-m/libc.a(lib_a-strlen.o)
                0x00000000000064e0                strlen
 .text._svfprintf_r
                0x0000000000006540     0x1408 /Applications/lpcxpresso_6.1.4_194/lpcxpresso/tools/bin/../lib/gcc/arm-none-eabi/4.6.2/../../../../arm-none-eabi/lib/armv7-m/libc.a(lib_a-svfprintf.o)
                0x0000000000006540                _svfprintf_r
 .text._times_r
                0x0000000000007948        0x8 /Applications/lpcxpresso_6.1.4_194/lpcxpresso/tools/bin/../lib/gcc/arm-none-eabi/4.6.2/../../../../arm-none-eabi/lib/armv7-m/libc.a(lib_a-timesr.o)
                0x0000000000007948                _times_r
 .text.quorem   0x0000000000007950      0x150 /Applications/lpcxpresso_6.1.4_194/lpcxpresso/tools/bin/../lib/gcc/arm-none-eabi/4.6.2/../../../../arm-none-eabi/lib/armv7-m/libc.a(lib_a-dtoa.o)
 .text._dtoa_r  0x0000000000007aa0      0xe60 /Applications/lpcxpresso_6.1.4_194/lpcxpresso/tools/bin/../lib/gcc/arm-none-eabi/4.6.2/../../../../arm-none-eabi/lib/armv7-m/libc.a(lib_a-dtoa.o)
                0x0000000000007aa0                _dtoa_r
 .text._localeconv_r
                0x0000000000008900        0xc /Applications/lpcxpresso_6.1.4_194/lpcxpresso/tools/bin/../lib/gcc/arm-none-eabi/4.6.2/../../../../arm-none-eabi/lib/armv7-m/libc.a(lib_a-locale.o)
                0x0000000000008900                _localeconv_r
 .text._malloc_r
                0x000000000000890c      0x528 /Applications/lpcxpresso_6.1.4_194/lpcxpresso/tools/bin/../lib/gcc/arm-none-eabi/4.6.2/../../../../arm-none-eabi/lib/armv7-m/libc.a(lib_a-mallocr.o)
                0x000000000000890c                _malloc_r
 .text.memchr   0x0000000000008e34       0x84 /Applications/lpcxpresso_6.1.4_194/lpcxpresso/tools/bin/../lib/gcc/arm-none-eabi/4.6.2/../../../../arm-none-eabi/lib/armv7-m/libc.a(lib_a-memchr.o)
                0x0000000000008e34                memchr
 .text.memcpy   0x0000000000008eb8       0x84 /Applications/lpcxpresso_6.1.4_194/lpcxpresso/tools/bin/../lib/gcc/arm-none-eabi/4.6.2/../../../../arm-none-eabi/lib/armv7-m/libc.a(lib_a-memcpy.o)
                0x0000000000008eb8                memcpy
 .text.__malloc_lock
                0x0000000000008f3c        0x4 /Applications/lpcxpresso_6.1.4_194/lpcxpresso/tools/bin/../lib/gcc/arm-none-eabi/4.6.2/../../../../arm-none-eabi/lib/armv7-m/libc.a(lib_a-mlock.o)
                0x0000000000008f3c                __malloc_lock
 .text.__malloc_unlock
                0x0000000000008f40        0x4 /Applications/lpcxpresso_6.1.4_194/lpcxpresso/tools/bin/../lib/gcc/arm-none-eabi/4.6.2/../../../../arm-none-eabi/lib/armv7-m/libc.a(lib_a-mlock.o)
                0x0000000000008f40                __malloc_unlock
 .text._Balloc  0x0000000000008f44       0x4c /Applications/lpcxpresso_6.1.4_194/lpcxpresso/tools/bin/../lib/gcc/arm-none-eabi/4.6.2/../../../../arm-none-eabi/lib/armv7-m/libc.a(lib_a-mprec.o)
                0x0000000000008f44                _Balloc
 .text._Bfree   0x0000000000008f90       0x14 /Applications/lpcxpresso_6.1.4_194/lpcxpresso/tools/bin/../lib/gcc/arm-none-eabi/4.6.2/../../../../arm-none-eabi/lib/armv7-m/libc.a(lib_a-mprec.o)
                0x0000000000008f90                _Bfree
 .text.__multadd
                0x0000000000008fa4       0x84 /Applications/lpcxpresso_6.1.4_194/lpcxpresso/tools/bin/../lib/gcc/arm-none-eabi/4.6.2/../../../../arm-none-eabi/lib/armv7-m/libc.a(lib_a-mprec.o)
                0x0000000000008fa4                __multadd
 .text.__hi0bits
                0x0000000000009028       0x3c /Applications/lpcxpresso_6.1.4_194/lpcxpresso/tools/bin/../lib/gcc/arm-none-eabi/4.6.2/../../../../arm-none-eabi/lib/armv7-m/libc.a(lib_a-mprec.o)
                0x0000000000009028                __hi0bits
 .text.__lo0bits
                0x0000000000009064       0x5c /Applications/lpcxpresso_6.1.4_194/lpcxpresso/tools/bin/../lib/gcc/arm-none-eabi/4.6.2/../../../../arm-none-eabi/lib/armv7-m/libc.a(lib_a-mprec.o)
                0x0000000000009064                __lo0bits
 .text.__i2b    0x00000000000090c0       0x14 /Applications/lpcxpresso_6.1.4_194/lpcxpresso/tools/bin/../lib/gcc/arm-none-eabi/4.6.2/../../../../arm-none-eabi/lib/armv7-m/libc.a(lib_a-mprec.o)
                0x00000000000090c0                __i2b
 .text.__multiply
                0x00000000000090d4      0x144 /Applications/lpcxpresso_6.1.4_194/lpcxpresso/tools/bin/../lib/gcc/arm-none-eabi/4.6.2/../../../../arm-none-eabi/lib/armv7-m/libc.a(lib_a-mprec.o)
                0x00000000000090d4                __multiply
 .text.__pow5mult
                0x0000000000009218       0x98 /Applications/lpcxpresso_6.1.4_194/lpcxpresso/tools/bin/../lib/gcc/arm-none-eabi/4.6.2/../../../../arm-none-eabi/lib/armv7-m/libc.a(lib_a-mprec.o)
                0x0000000000009218                __pow5mult
 .text.__lshift
                0x00000000000092b0       0xc0 /Applications/lpcxpresso_6.1.4_194/lpcxpresso/tools/bin/../lib/gcc/arm-none-eabi/4.6.2/../../../../arm-none-eabi/lib/armv7-m/libc.a(lib_a-mprec.o)
                0x00000000000092b0                __lshift
 .text.__mcmp   0x0000000000009370       0x3c /Applications/lpcxpresso_6.1.4_194/lpcxpresso/tools/bin/../lib/gcc/arm-none-eabi/4.6.2/../../../../arm-none-eabi/lib/armv7-m/libc.a(lib_a-mprec.o)
                0x0000000000009370                __mcmp
 .text.__mdiff  0x00000000000093ac       0xd8 /Applications/lpcxpresso_6.1.4_194/lpcxpresso/tools/bin/../lib/gcc/arm-none-eabi/4.6.2/../../../../arm-none-eabi/lib/armv7-m/libc.a(lib_a-mprec.o)
                0x00000000000093ac                __mdiff
 .text.__d2b    0x0000000000009484       0xcc /Applications/lpcxpresso_6.1.4_194/lpcxpresso/tools/bin/../lib/gcc/arm-none-eabi/4.6.2/../../../../arm-none-eabi/lib/armv7-m/libc.a(lib_a-mprec.o)
                0x0000000000009484                __d2b
 .text.__fpclassifyd
                0x0000000000009550       0x68 /Applications/lpcxpresso_6.1.4_194/lpcxpresso/tools/bin/../lib/gcc/arm-none-eabi/4.6.2/../../../../arm-none-eabi/lib/armv7-m/libc.a(lib_a-s_fpclassify.o)
                0x0000000000009550                __fpclassifyd
 .text._sbrk_r  0x00000000000095b8       0x24 /Applications/lpcxpresso_6.1.4_194/lpcxpresso/tools/bin/../lib/gcc/arm-none-eabi/4.6.2/../../../../arm-none-eabi/lib/armv7-m/libc.a(lib_a-sbrkr.o)
                0x00000000000095b8                _sbrk_r
 .text.__ssprint_r
                0x00000000000095dc       0xf8 /Applications/lpcxpresso_6.1.4_194/lpcxpresso/tools/bin/../lib/gcc/arm-none-eabi/4.6.2/../../../../arm-none-eabi/lib/armv7-m/libc.a(lib_a-svfiprintf.o)
                0x00000000000095dc                __ssprint_r
 .text._calloc_r
                0x00000000000096d4       0x60 /Applications/lpcxpresso_6.1.4_194/lpcxpresso/tools/bin/../lib/gcc/arm-none-eabi/4.6.2/../../../../arm-none-eabi/lib/armv7-m/libc.a(lib_a-callocr.o)
                0x00000000000096d4                _calloc_r
 .text._malloc_trim_r
                0x0000000000009734       0xa0 /Applications/lpcxpresso_6.1.4_194/lpcxpresso/tools/bin/../lib/gcc/arm-none-eabi/4.6.2/../../../../arm-none-eabi/lib/armv7-m/libc.a(lib_a-freer.o)
                0x0000000000009734                _malloc_trim_r
 .text._free_r  0x00000000000097d4      0x190 /Applications/lpcxpresso_6.1.4_194/lpcxpresso/tools/bin/../lib/gcc/arm-none-eabi/4.6.2/../../../../arm-none-eabi/lib/armv7-m/libc.a(lib_a-freer.o)
                0x00000000000097d4                _free_r
 .text.memmove  0x0000000000009964       0xb0 /Applications/lpcxpresso_6.1.4_194/lpcxpresso/tools/bin/../lib/gcc/arm-none-eabi/4.6.2/../../../../arm-none-eabi/lib/armv7-m/libc.a(lib_a-memmove.o)
                0x0000000000009964                memmove
 .text._realloc_r
                0x0000000000009a14      0x3f4 /Applications/lpcxpresso_6.1.4_194/lpcxpresso/tools/bin/../lib/gcc/arm-none-eabi/4.6.2/../../../../arm-none-eabi/lib/armv7-m/libc.a(lib_a-reallocr.o)
                0x0000000000009a14                _realloc_r
 .text._sbrk    0x0000000000009e08       0x3c /Applications/lpcxpresso_6.1.4_194/lpcxpresso/tools/bin/../lib/gcc/arm-none-eabi/4.6.2/../../../../arm-none-eabi/lib/armv7-m/libcr_newlib_semihost.a(_cr_sbrk.o)
                0x0000000000009e08                _sbrk
 .text.do_AngelSWI
                0x0000000000009e44       0x12 /Applications/lpcxpresso_6.1.4_194/lpcxpresso/tools/bin/../lib/gcc/arm-none-eabi/4.6.2/../../../../arm-none-eabi/lib/armv7-m/libcr_newlib_semihost.a(syscalls.o)
 .text._clock   0x0000000000009e56        0x8 /Applications/lpcxpresso_6.1.4_194/lpcxpresso/tools/bin/../lib/gcc/arm-none-eabi/4.6.2/../../../../arm-none-eabi/lib/armv7-m/libcr_newlib_semihost.a(syscalls.o)
                0x0000000000009e56                _clock
 .text._times   0x0000000000009e5e       0x16 /Applications/lpcxpresso_6.1.4_194/lpcxpresso/tools/bin/../lib/gcc/arm-none-eabi/4.6.2/../../../../arm-none-eabi/lib/armv7-m/libcr_newlib_semihost.a(syscalls.o)
                0x0000000000009e5e                _times
 .text.__check_heap_overflow
                0x0000000000009e74       0x2c /Applications/lpcxpresso_6.1.4_194/lpcxpresso/tools/bin/../lib/gcc/arm-none-eabi/4.6.2/../../../../arm-none-eabi/lib/armv7-m/libcr_newlib_semihost.a(_cr_check_heap.o)
                0x0000000000009e74                __check_heap_overflow
 .text          0x0000000000009ea0      0x110 /Applications/lpcxpresso_6.1.4_194/lpcxpresso/tools/bin/../lib/gcc/arm-none-eabi/4.6.2/armv7-m/libgcc.a(_arm_cmpdf2.o)
                0x0000000000009ea0                __gtdf2
                0x0000000000009ea0                __gedf2
                0x0000000000009ea8                __ltdf2
                0x0000000000009ea8                __ledf2
                0x0000000000009eb0                __eqdf2
                0x0000000000009eb0                __nedf2
                0x0000000000009eb0                __cmpdf2
                0x0000000000009f2c                __aeabi_cdrcmple
                0x0000000000009f3c                __aeabi_cdcmple
                0x0000000000009f3c                __aeabi_cdcmpeq
                0x0000000000009f4c                __aeabi_dcmpeq
                0x0000000000009f60                __aeabi_dcmplt
                0x0000000000009f74                __aeabi_dcmple
                0x0000000000009f88                __aeabi_dcmpge
                0x0000000000009f9c                __aeabi_dcmpgt
 .text          0x0000000000009fb0       0x50 /Applications/lpcxpresso_6.1.4_194/lpcxpresso/tools/bin/../lib/gcc/arm-none-eabi/4.6.2/armv7-m/libgcc.a(_arm_fixdfsi.o)
                0x0000000000009fb0                __fixdfsi
                0x0000000000009fb0                __aeabi_d2iz
 .text.__errno  0x000000000000a000        0xc /Applications/lpcxpresso_6.1.4_194/lpcxpresso/tools/bin/../lib/gcc/arm-none-eabi/4.6.2/../../../../arm-none-eabi/lib/armv7-m/libc.a(lib_a-errno.o)
                0x000000000000a000                __errno
 *(.rodata .rodata.* .constdata .constdata.*)
 .rodata        0x000000000000a00c       0x9c ./src/main.o
 .rodata        0x000000000000a0a8        0x8 /Users/Wenhao/Documents/LPCXpresso_6.1.4/workspace/Lib_EaBaseBoard/Debug/libLib_EaBaseBoard.a(oled.o)
 .rodata        0x000000000000a0b0      0x300 /Users/Wenhao/Documents/LPCXpresso_6.1.4/workspace/Lib_EaBaseBoard/Debug/libLib_EaBaseBoard.a(font5x7.o)
                0x000000000000a0b0                font5x7
 .rodata        0x000000000000a3b0       0x18 /Users/Wenhao/Documents/LPCXpresso_6.1.4/workspace/Lib_MCU/Debug/libLib_MCU.a(lpc17xx_i2c.o)
 .rodata        0x000000000000a3c8       0x18 /Users/Wenhao/Documents/LPCXpresso_6.1.4/workspace/Lib_MCU/Debug/libLib_MCU.a(lpc17xx_ssp.o)
 .rodata        0x000000000000a3e0       0x18 /Users/Wenhao/Documents/LPCXpresso_6.1.4/workspace/Lib_MCU/Debug/libLib_MCU.a(lpc17xx_timer.o)
 .rodata        0x000000000000a3f8       0x18 /Users/Wenhao/Documents/LPCXpresso_6.1.4/workspace/Lib_MCU/Debug/libLib_MCU.a(lpc17xx_uart.o)
 .rodata.str1.4
                0x000000000000a410        0x2 /Applications/lpcxpresso_6.1.4_194/lpcxpresso/tools/bin/../lib/gcc/arm-none-eabi/4.6.2/../../../../arm-none-eabi/lib/armv7-m/libc.a(lib_a-impure.o)
                                          0x4 (size before relaxing)
 *fill*         0x000000000000a412        0x2 00
 .rodata.zeroes.6590
                0x000000000000a414       0x10 /Applications/lpcxpresso_6.1.4_194/lpcxpresso/tools/bin/../lib/gcc/arm-none-eabi/4.6.2/../../../../arm-none-eabi/lib/armv7-m/libc.a(lib_a-svfprintf.o)
 .rodata.str1.4
                0x000000000000a424       0x42 /Applications/lpcxpresso_6.1.4_194/lpcxpresso/tools/bin/../lib/gcc/arm-none-eabi/4.6.2/../../../../arm-none-eabi/lib/armv7-m/libc.a(lib_a-svfprintf.o)
                                         0x44 (size before relaxing)
 *fill*         0x000000000000a466        0x2 00
 .rodata.blanks.6589
                0x000000000000a468       0x10 /Applications/lpcxpresso_6.1.4_194/lpcxpresso/tools/bin/../lib/gcc/arm-none-eabi/4.6.2/../../../../arm-none-eabi/lib/armv7-m/libc.a(lib_a-svfprintf.o)
 .rodata.str1.4
                0x000000000000a478       0x10 /Applications/lpcxpresso_6.1.4_194/lpcxpresso/tools/bin/../lib/gcc/arm-none-eabi/4.6.2/../../../../arm-none-eabi/lib/armv7-m/libc.a(lib_a-dtoa.o)
                                         0x14 (size before relaxing)
 .rodata.str1.4
                0x000000000000a488        0xc /Applications/lpcxpresso_6.1.4_194/lpcxpresso/tools/bin/../lib/gcc/arm-none-eabi/4.6.2/../../../../arm-none-eabi/lib/armv7-m/libc.a(lib_a-locale.o)
                                         0x14 (size before relaxing)
 *fill*         0x000000000000a494        0x4 00
 .rodata.__mprec_tens
                0x000000000000a498       0xc8 /Applications/lpcxpresso_6.1.4_194/lpcxpresso/tools/bin/../lib/gcc/arm-none-eabi/4.6.2/../../../../arm-none-eabi/lib/armv7-m/libc.a(lib_a-mprec.o)
                0x000000000000a498                __mprec_tens
 .rodata.__mprec_bigtens
                0x000000000000a560       0x28 /Applications/lpcxpresso_6.1.4_194/lpcxpresso/tools/bin/../lib/gcc/arm-none-eabi/4.6.2/../../../../arm-none-eabi/lib/armv7-m/libc.a(lib_a-mprec.o)
                0x000000000000a560                __mprec_bigtens
 .rodata.p05.5111
                0x000000000000a588        0xc /Applications/lpcxpresso_6.1.4_194/lpcxpresso/tools/bin/../lib/gcc/arm-none-eabi/4.6.2/../../../../arm-none-eabi/lib/armv7-m/libc.a(lib_a-mprec.o)
                0x000000000000a594                . = ALIGN (0x4)

.glue_7         0x000000000000a594        0x0
 .glue_7        0x0000000000000000        0x0 linker stubs

.glue_7t        0x000000000000a594        0x0
 .glue_7t       0x0000000000000000        0x0 linker stubs

.vfp11_veneer   0x000000000000a594        0x0
 .vfp11_veneer  0x0000000000000000        0x0 linker stubs

.v4_bx          0x000000000000a594        0x0
 .v4_bx         0x0000000000000000        0x0 linker stubs

.ARM.extab
 *(.ARM.extab* .gnu.linkonce.armextab.*)
                0x000000000000a594                __exidx_start = .

.ARM.exidx      0x000000000000a594        0x8
 *(.ARM.exidx* .gnu.linkonce.armexidx.*)
 .ARM.exidx     0x000000000000a594        0x8 /Applications/lpcxpresso_6.1.4_194/lpcxpresso/tools/bin/../lib/gcc/arm-none-eabi/4.6.2/armv7-m/libgcc.a(_divdi3.o)
 .ARM.exidx     0x000000000000a59c        0x0 /Applications/lpcxpresso_6.1.4_194/lpcxpresso/tools/bin/../lib/gcc/arm-none-eabi/4.6.2/armv7-m/libgcc.a(_udivdi3.o)
                                          0x8 (size before relaxing)
                0x000000000000a59c                __exidx_end = .
                0x000000000000a59c                _etext = .

.data_RAM2      0x000000002007c000        0x0 load address 0x000000000000a59c
 FILL mask 0xff
 *(.data.$RAM2*)
 *(.data.$RamAHB32*)
                0x000000002007c000                . = ALIGN (0x4)

.uninit_RESERVED
                0x0000000010000000        0x0
 *(.bss.$RESERVED*)
                0x0000000010000000                . = ALIGN (0x4)
                0x0000000010000000                _end_uninit_RESERVED = .

.data           0x0000000010000000      0x99c load address 0x000000000000a59c
 FILL mask 0xff
                0x0000000010000000                _data = .
 *(vtable)
 *(.data*)
 .data          0x0000000010000000       0xcc ./src/main.o
                0x0000000010000000                condition
                0x0000000010000001                lastCondition
 .data          0x00000000100000cc        0x4 /Users/Wenhao/Documents/LPCXpresso_6.1.4/workspace/Lib_CMSISv1p30_LPC17xx/Debug/libCMSISv1p30_LPC17xx.a(system_LPC17xx.o)
                0x00000000100000cc                SystemCoreClock
 .data          0x00000000100000d0       0x50 /Users/Wenhao/Documents/LPCXpresso_6.1.4/workspace/Lib_EaBaseBoard/Debug/libLib_EaBaseBoard.a(led7seg.o)
 .data          0x0000000010000120        0x8 /Users/Wenhao/Documents/LPCXpresso_6.1.4/workspace/Lib_EaBaseBoard/Debug/libLib_EaBaseBoard.a(light.o)
 .data.impure_data
                0x0000000010000128      0x428 /Applications/lpcxpresso_6.1.4_194/lpcxpresso/tools/bin/../lib/gcc/arm-none-eabi/4.6.2/../../../../arm-none-eabi/lib/armv7-m/libc.a(lib_a-impure.o)
 .data._impure_ptr
                0x0000000010000550        0x4 /Applications/lpcxpresso_6.1.4_194/lpcxpresso/tools/bin/../lib/gcc/arm-none-eabi/4.6.2/../../../../arm-none-eabi/lib/armv7-m/libc.a(lib_a-impure.o)
                0x0000000010000550                _impure_ptr
 .data.lconv    0x0000000010000554       0x38 /Applications/lpcxpresso_6.1.4_194/lpcxpresso/tools/bin/../lib/gcc/arm-none-eabi/4.6.2/../../../../arm-none-eabi/lib/armv7-m/libc.a(lib_a-locale.o)
 .data.__malloc_av_
                0x000000001000058c      0x408 /Applications/lpcxpresso_6.1.4_194/lpcxpresso/tools/bin/../lib/gcc/arm-none-eabi/4.6.2/../../../../arm-none-eabi/lib/armv7-m/libc.a(lib_a-mallocr.o)
                0x000000001000058c                __malloc_av_
 .data.__malloc_trim_threshold
                0x0000000010000994        0x4 /Applications/lpcxpresso_6.1.4_194/lpcxpresso/tools/bin/../lib/gcc/arm-none-eabi/4.6.2/../../../../arm-none-eabi/lib/armv7-m/libc.a(lib_a-mallocr.o)
                0x0000000010000994                __malloc_trim_threshold
 .data.__malloc_sbrk_base
                0x0000000010000998        0x4 /Applications/lpcxpresso_6.1.4_194/lpcxpresso/tools/bin/../lib/gcc/arm-none-eabi/4.6.2/../../../../arm-none-eabi/lib/armv7-m/libc.a(lib_a-mallocr.o)
                0x0000000010000998                __malloc_sbrk_base
                0x000000001000099c                . = ALIGN (0x4)
                0x000000001000099c                _edata = .

.bss_RAM2       0x000000002007c000        0x0
 *(.bss.$RAM2*)
 *(.bss.$RamAHB32*)
                0x000000002007c000                . = ALIGN (0x4)

.bss            0x000000001000099c      0x5e4
                0x000000001000099c                _bss = .
 *(.bss*)
 .bss           0x000000001000099c       0x68 ./src/main.o
                0x000000001000099c                isRecMsgReadyToPrint
                0x00000000100009a0                bufferPtr
                0x00000000100009a4                mode
                0x00000000100009b0                count1000
                0x00000000100009b4                count2000
                0x00000000100009b8                count3000
                0x00000000100009bc                count100
                0x00000000100009c0                count50
                0x00000000100009c4                count5000
                0x00000000100009c8                segDisplayNumber
                0x00000000100009cc                xoff
                0x00000000100009d0                yoff
                0x00000000100009d4                zoff
                0x00000000100009d8                x
                0x00000000100009d9                y
                0x00000000100009da                z
                0x00000000100009dc                isRgbOn
                0x00000000100009e0                isAlarmOn
                0x00000000100009e4                isDisableChangeMade
                0x00000000100009e8                isEnableChangeMade
                0x00000000100009ec                lastTemp
                0x00000000100009f0                lastLight
                0x00000000100009f4                lastVariance
                0x00000000100009f8                queuePosition
                0x00000000100009fc                data
                0x0000000010000a00                len
 .bss           0x0000000010000a04      0x300 /Users/Wenhao/Documents/LPCXpresso_6.1.4/workspace/Lib_EaBaseBoard/Debug/libLib_EaBaseBoard.a(oled.o)
 .bss           0x0000000010000d04        0x4 /Users/Wenhao/Documents/LPCXpresso_6.1.4/workspace/Lib_EaBaseBoard/Debug/libLib_EaBaseBoard.a(temp.o)
 .bss           0x0000000010000d08       0x24 /Users/Wenhao/Documents/LPCXpresso_6.1.4/workspace/Lib_MCU/Debug/libLib_MCU.a(lpc17xx_i2c.o)
 .bss           0x0000000010000d2c       0x18 /Users/Wenhao/Documents/LPCXpresso_6.1.4/workspace/Lib_MCU/Debug/libLib_MCU.a(lpc17xx_ssp.o)
 .bss.__malloc_max_total_mem
                0x0000000010000d44        0x4 /Applications/lpcxpresso_6.1.4_194/lpcxpresso/tools/bin/../lib/gcc/arm-none-eabi/4.6.2/../../../../arm-none-eabi/lib/armv7-m/libc.a(lib_a-mallocr.o)
                0x0000000010000d44                __malloc_max_total_mem
 .bss.__malloc_max_sbrked_mem
                0x0000000010000d48        0x4 /Applications/lpcxpresso_6.1.4_194/lpcxpresso/tools/bin/../lib/gcc/arm-none-eabi/4.6.2/../../../../arm-none-eabi/lib/armv7-m/libc.a(lib_a-mallocr.o)
                0x0000000010000d48                __malloc_max_sbrked_mem
 .bss.__malloc_top_pad
                0x0000000010000d4c        0x4 /Applications/lpcxpresso_6.1.4_194/lpcxpresso/tools/bin/../lib/gcc/arm-none-eabi/4.6.2/../../../../arm-none-eabi/lib/armv7-m/libc.a(lib_a-mallocr.o)
                0x0000000010000d4c                __malloc_top_pad
 .bss.__malloc_current_mallinfo
                0x0000000010000d50       0x28 /Applications/lpcxpresso_6.1.4_194/lpcxpresso/tools/bin/../lib/gcc/arm-none-eabi/4.6.2/../../../../arm-none-eabi/lib/armv7-m/libc.a(lib_a-mallocr.o)
                0x0000000010000d50                __malloc_current_mallinfo
 *(COMMON)
 COMMON         0x0000000010000d78      0x200 ./src/main.o
                0x0000000010000d78                relayMsg
                0x0000000010000ddc                queue
                0x0000000010000e04                line
                0x0000000010000e44                buffer
                0x0000000010000f0c                lastTime
                0x0000000010000f10                myMsg
                0x0000000010000f74                thisTime
 COMMON         0x0000000010000f78        0x4 /Applications/lpcxpresso_6.1.4_194/lpcxpresso/tools/bin/../lib/gcc/arm-none-eabi/4.6.2/../../../../arm-none-eabi/lib/armv7-m/libc.a(lib_a-reent.o)
                0x0000000010000f78                errno
 COMMON         0x0000000010000f7c        0x4 /Applications/lpcxpresso_6.1.4_194/lpcxpresso/tools/bin/../lib/gcc/arm-none-eabi/4.6.2/../../../../arm-none-eabi/lib/armv7-m/libcr_newlib_semihost.a(_cr_sbrk.o)
                0x0000000010000f7c                __end_of_heap
                0x0000000010000f80                . = ALIGN (0x4)
                0x0000000010000f80                _ebss = .
                0x0000000010000f80                PROVIDE (end, .)

.noinit_RAM2    0x000000002007c000        0x0
 *(.noinit.$RAM2*)
 *(.noinit.$RamAHB32*)
                0x000000002007c000                . = ALIGN (0x4)

.noinit         0x0000000010000f80        0x0
                0x0000000010000f80                _noinit = .
 *(.noinit*)
                0x0000000010000f80                . = ALIGN (0x4)
                0x0000000010000f80                _end_noinit = .
                0x0000000010000f80                PROVIDE (_pvHeapStart, .)
                0x0000000010008000                PROVIDE (_vStackTop, (__top_RamLoc32 - 0x0))
OUTPUT(ee2024project2.axf elf32-littlearm)

.debug_info     0x0000000000000000     0x96e9
 .debug_info    0x0000000000000000      0x209 ./src/cr_startup_lpc17.o
 .debug_info    0x0000000000000209     0x17e1 ./src/main.o
 .debug_info    0x00000000000019ea      0x357 /Users/Wenhao/Documents/LPCXpresso_6.1.4/workspace/Lib_CMSISv1p30_LPC17xx/Debug/libCMSISv1p30_LPC17xx.a(system_LPC17xx.o)
 .debug_info    0x0000000000001d41      0x53d /Users/Wenhao/Documents/LPCXpresso_6.1.4/workspace/Lib_EaBaseBoard/Debug/libLib_EaBaseBoard.a(acc.o)
 .debug_info    0x000000000000227e      0x10f /Users/Wenhao/Documents/LPCXpresso_6.1.4/workspace/Lib_EaBaseBoard/Debug/libLib_EaBaseBoard.a(joystick.o)
 .debug_info    0x000000000000238d      0x282 /Users/Wenhao/Documents/LPCXpresso_6.1.4/workspace/Lib_EaBaseBoard/Debug/libLib_EaBaseBoard.a(led7seg.o)
 .debug_info    0x000000000000260f      0x763 /Users/Wenhao/Documents/LPCXpresso_6.1.4/workspace/Lib_EaBaseBoard/Debug/libLib_EaBaseBoard.a(light.o)
 .debug_info    0x0000000000002d72      0x97d /Users/Wenhao/Documents/LPCXpresso_6.1.4/workspace/Lib_EaBaseBoard/Debug/libLib_EaBaseBoard.a(oled.o)
 .debug_info    0x00000000000036ef      0x642 /Users/Wenhao/Documents/LPCXpresso_6.1.4/workspace/Lib_EaBaseBoard/Debug/libLib_EaBaseBoard.a(pca9532.o)
 .debug_info    0x0000000000003d31       0xe4 /Users/Wenhao/Documents/LPCXpresso_6.1.4/workspace/Lib_EaBaseBoard/Debug/libLib_EaBaseBoard.a(rgb.o)
 .debug_info    0x0000000000003e15      0x154 /Users/Wenhao/Documents/LPCXpresso_6.1.4/workspace/Lib_EaBaseBoard/Debug/libLib_EaBaseBoard.a(temp.o)
 .debug_info    0x0000000000003f69       0x65 /Users/Wenhao/Documents/LPCXpresso_6.1.4/workspace/Lib_EaBaseBoard/Debug/libLib_EaBaseBoard.a(font5x7.o)
 .debug_info    0x0000000000003fce      0xb95 /Users/Wenhao/Documents/LPCXpresso_6.1.4/workspace/Lib_MCU/Debug/libLib_MCU.a(lpc17xx_gpio.o)
 .debug_info    0x0000000000004b63      0xcc3 /Users/Wenhao/Documents/LPCXpresso_6.1.4/workspace/Lib_MCU/Debug/libLib_MCU.a(lpc17xx_i2c.o)
 .debug_info    0x0000000000005826      0x4b1 /Users/Wenhao/Documents/LPCXpresso_6.1.4/workspace/Lib_MCU/Debug/libLib_MCU.a(lpc17xx_pinsel.o)
 .debug_info    0x0000000000005cd7      0x867 /Users/Wenhao/Documents/LPCXpresso_6.1.4/workspace/Lib_MCU/Debug/libLib_MCU.a(lpc17xx_ssp.o)
 .debug_info    0x000000000000653e      0x8e4 /Users/Wenhao/Documents/LPCXpresso_6.1.4/workspace/Lib_MCU/Debug/libLib_MCU.a(lpc17xx_timer.o)
 .debug_info    0x0000000000006e22     0x14df /Users/Wenhao/Documents/LPCXpresso_6.1.4/workspace/Lib_MCU/Debug/libLib_MCU.a(lpc17xx_uart.o)
 .debug_info    0x0000000000008301      0x641 /Users/Wenhao/Documents/LPCXpresso_6.1.4/workspace/Lib_MCU/Debug/libLib_MCU.a(lpc17xx_clkpwr.o)
 .debug_info    0x0000000000008942      0x106 /Applications/lpcxpresso_6.1.4_194/lpcxpresso/tools/bin/../lib/gcc/arm-none-eabi/4.6.2/../../../../arm-none-eabi/lib/armv7-m/libcr_newlib_semihost.a(_cr_sbrk.o)
 .debug_info    0x0000000000008a48      0xbec /Applications/lpcxpresso_6.1.4_194/lpcxpresso/tools/bin/../lib/gcc/arm-none-eabi/4.6.2/../../../../arm-none-eabi/lib/armv7-m/libcr_newlib_semihost.a(syscalls.o)
 .debug_info    0x0000000000009634       0xb5 /Applications/lpcxpresso_6.1.4_194/lpcxpresso/tools/bin/../lib/gcc/arm-none-eabi/4.6.2/../../../../arm-none-eabi/lib/armv7-m/libcr_newlib_semihost.a(_cr_check_heap.o)

.debug_abbrev   0x0000000000000000     0x1e3c
 .debug_abbrev  0x0000000000000000       0xb4 ./src/cr_startup_lpc17.o
 .debug_abbrev  0x00000000000000b4      0x2d5 ./src/main.o
 .debug_abbrev  0x0000000000000389       0xce /Users/Wenhao/Documents/LPCXpresso_6.1.4/workspace/Lib_CMSISv1p30_LPC17xx/Debug/libCMSISv1p30_LPC17xx.a(system_LPC17xx.o)
 .debug_abbrev  0x0000000000000457      0x15c /Users/Wenhao/Documents/LPCXpresso_6.1.4/workspace/Lib_EaBaseBoard/Debug/libLib_EaBaseBoard.a(acc.o)
 .debug_abbrev  0x00000000000005b3       0x90 /Users/Wenhao/Documents/LPCXpresso_6.1.4/workspace/Lib_EaBaseBoard/Debug/libLib_EaBaseBoard.a(joystick.o)
 .debug_abbrev  0x0000000000000643      0x155 /Users/Wenhao/Documents/LPCXpresso_6.1.4/workspace/Lib_EaBaseBoard/Debug/libLib_EaBaseBoard.a(led7seg.o)
 .debug_abbrev  0x0000000000000798      0x1bd /Users/Wenhao/Documents/LPCXpresso_6.1.4/workspace/Lib_EaBaseBoard/Debug/libLib_EaBaseBoard.a(light.o)
 .debug_abbrev  0x0000000000000955      0x1f1 /Users/Wenhao/Documents/LPCXpresso_6.1.4/workspace/Lib_EaBaseBoard/Debug/libLib_EaBaseBoard.a(oled.o)
 .debug_abbrev  0x0000000000000b46      0x1aa /Users/Wenhao/Documents/LPCXpresso_6.1.4/workspace/Lib_EaBaseBoard/Debug/libLib_EaBaseBoard.a(pca9532.o)
 .debug_abbrev  0x0000000000000cf0       0x8e /Users/Wenhao/Documents/LPCXpresso_6.1.4/workspace/Lib_EaBaseBoard/Debug/libLib_EaBaseBoard.a(rgb.o)
 .debug_abbrev  0x0000000000000d7e       0xc2 /Users/Wenhao/Documents/LPCXpresso_6.1.4/workspace/Lib_EaBaseBoard/Debug/libLib_EaBaseBoard.a(temp.o)
 .debug_abbrev  0x0000000000000e40       0x4b /Users/Wenhao/Documents/LPCXpresso_6.1.4/workspace/Lib_EaBaseBoard/Debug/libLib_EaBaseBoard.a(font5x7.o)
 .debug_abbrev  0x0000000000000e8b      0x185 /Users/Wenhao/Documents/LPCXpresso_6.1.4/workspace/Lib_MCU/Debug/libLib_MCU.a(lpc17xx_gpio.o)
 .debug_abbrev  0x0000000000001010      0x24a /Users/Wenhao/Documents/LPCXpresso_6.1.4/workspace/Lib_MCU/Debug/libLib_MCU.a(lpc17xx_i2c.o)
 .debug_abbrev  0x000000000000125a      0x10a /Users/Wenhao/Documents/LPCXpresso_6.1.4/workspace/Lib_MCU/Debug/libLib_MCU.a(lpc17xx_pinsel.o)
 .debug_abbrev  0x0000000000001364      0x1d3 /Users/Wenhao/Documents/LPCXpresso_6.1.4/workspace/Lib_MCU/Debug/libLib_MCU.a(lpc17xx_ssp.o)
 .debug_abbrev  0x0000000000001537      0x19f /Users/Wenhao/Documents/LPCXpresso_6.1.4/workspace/Lib_MCU/Debug/libLib_MCU.a(lpc17xx_timer.o)
 .debug_abbrev  0x00000000000016d6      0x259 /Users/Wenhao/Documents/LPCXpresso_6.1.4/workspace/Lib_MCU/Debug/libLib_MCU.a(lpc17xx_uart.o)
 .debug_abbrev  0x000000000000192f      0x174 /Users/Wenhao/Documents/LPCXpresso_6.1.4/workspace/Lib_MCU/Debug/libLib_MCU.a(lpc17xx_clkpwr.o)
 .debug_abbrev  0x0000000000001aa3       0xa8 /Applications/lpcxpresso_6.1.4_194/lpcxpresso/tools/bin/../lib/gcc/arm-none-eabi/4.6.2/../../../../arm-none-eabi/lib/armv7-m/libcr_newlib_semihost.a(_cr_sbrk.o)
 .debug_abbrev  0x0000000000001b4b      0x27f /Applications/lpcxpresso_6.1.4_194/lpcxpresso/tools/bin/../lib/gcc/arm-none-eabi/4.6.2/../../../../arm-none-eabi/lib/armv7-m/libcr_newlib_semihost.a(syscalls.o)
 .debug_abbrev  0x0000000000001dca       0x72 /Applications/lpcxpresso_6.1.4_194/lpcxpresso/tools/bin/../lib/gcc/arm-none-eabi/4.6.2/../../../../arm-none-eabi/lib/armv7-m/libcr_newlib_semihost.a(_cr_check_heap.o)

.debug_loc      0x0000000000000000     0x3f6e
 .debug_loc     0x0000000000000000      0x1f0 ./src/cr_startup_lpc17.o
 .debug_loc     0x00000000000001f0      0x8f8 ./src/main.o
 .debug_loc     0x0000000000000ae8       0x58 /Users/Wenhao/Documents/LPCXpresso_6.1.4/workspace/Lib_CMSISv1p30_LPC17xx/Debug/libCMSISv1p30_LPC17xx.a(system_LPC17xx.o)
 .debug_loc     0x0000000000000b40      0x1f0 /Users/Wenhao/Documents/LPCXpresso_6.1.4/workspace/Lib_EaBaseBoard/Debug/libLib_EaBaseBoard.a(acc.o)
 .debug_loc     0x0000000000000d30       0x64 /Users/Wenhao/Documents/LPCXpresso_6.1.4/workspace/Lib_EaBaseBoard/Debug/libLib_EaBaseBoard.a(joystick.o)
 .debug_loc     0x0000000000000d94       0x64 /Users/Wenhao/Documents/LPCXpresso_6.1.4/workspace/Lib_EaBaseBoard/Debug/libLib_EaBaseBoard.a(led7seg.o)
 .debug_loc     0x0000000000000df8      0x378 /Users/Wenhao/Documents/LPCXpresso_6.1.4/workspace/Lib_EaBaseBoard/Debug/libLib_EaBaseBoard.a(light.o)
 .debug_loc     0x0000000000001170      0x33e /Users/Wenhao/Documents/LPCXpresso_6.1.4/workspace/Lib_EaBaseBoard/Debug/libLib_EaBaseBoard.a(oled.o)
 .debug_loc     0x00000000000014ae      0x2d0 /Users/Wenhao/Documents/LPCXpresso_6.1.4/workspace/Lib_EaBaseBoard/Debug/libLib_EaBaseBoard.a(pca9532.o)
 .debug_loc     0x000000000000177e       0x64 /Users/Wenhao/Documents/LPCXpresso_6.1.4/workspace/Lib_EaBaseBoard/Debug/libLib_EaBaseBoard.a(rgb.o)
 .debug_loc     0x00000000000017e2       0x70 /Users/Wenhao/Documents/LPCXpresso_6.1.4/workspace/Lib_EaBaseBoard/Debug/libLib_EaBaseBoard.a(temp.o)
 .debug_loc     0x0000000000001852      0x4d0 /Users/Wenhao/Documents/LPCXpresso_6.1.4/workspace/Lib_MCU/Debug/libLib_MCU.a(lpc17xx_gpio.o)
 .debug_loc     0x0000000000001d22      0x4e4 /Users/Wenhao/Documents/LPCXpresso_6.1.4/workspace/Lib_MCU/Debug/libLib_MCU.a(lpc17xx_i2c.o)
 .debug_loc     0x0000000000002206      0x150 /Users/Wenhao/Documents/LPCXpresso_6.1.4/workspace/Lib_MCU/Debug/libLib_MCU.a(lpc17xx_pinsel.o)
 .debug_loc     0x0000000000002356      0x448 /Users/Wenhao/Documents/LPCXpresso_6.1.4/workspace/Lib_MCU/Debug/libLib_MCU.a(lpc17xx_ssp.o)
 .debug_loc     0x000000000000279e      0x3b8 /Users/Wenhao/Documents/LPCXpresso_6.1.4/workspace/Lib_MCU/Debug/libLib_MCU.a(lpc17xx_timer.o)
 .debug_loc     0x0000000000002b56      0x77a /Users/Wenhao/Documents/LPCXpresso_6.1.4/workspace/Lib_MCU/Debug/libLib_MCU.a(lpc17xx_uart.o)
 .debug_loc     0x00000000000032d0      0x1bc /Users/Wenhao/Documents/LPCXpresso_6.1.4/workspace/Lib_MCU/Debug/libLib_MCU.a(lpc17xx_clkpwr.o)
 .debug_loc     0x000000000000348c       0x55 /Applications/lpcxpresso_6.1.4_194/lpcxpresso/tools/bin/../lib/gcc/arm-none-eabi/4.6.2/../../../../arm-none-eabi/lib/armv7-m/libcr_newlib_semihost.a(_cr_sbrk.o)
 .debug_loc     0x00000000000034e1      0xa64 /Applications/lpcxpresso_6.1.4_194/lpcxpresso/tools/bin/../lib/gcc/arm-none-eabi/4.6.2/../../../../arm-none-eabi/lib/armv7-m/libcr_newlib_semihost.a(syscalls.o)
 .debug_loc     0x0000000000003f45       0x29 /Applications/lpcxpresso_6.1.4_194/lpcxpresso/tools/bin/../lib/gcc/arm-none-eabi/4.6.2/../../../../arm-none-eabi/lib/armv7-m/libcr_newlib_semihost.a(_cr_check_heap.o)

.debug_aranges  0x0000000000000000      0xac0
 .debug_aranges
                0x0000000000000000       0x70 ./src/cr_startup_lpc17.o
 .debug_aranges
                0x0000000000000070      0x188 ./src/main.o
 .debug_aranges
                0x00000000000001f8       0x28 /Users/Wenhao/Documents/LPCXpresso_6.1.4/workspace/Lib_CMSISv1p30_LPC17xx/Debug/libCMSISv1p30_LPC17xx.a(system_LPC17xx.o)
 .debug_aranges
                0x0000000000000220       0x60 /Users/Wenhao/Documents/LPCXpresso_6.1.4/workspace/Lib_EaBaseBoard/Debug/libLib_EaBaseBoard.a(acc.o)
 .debug_aranges
                0x0000000000000280       0x28 /Users/Wenhao/Documents/LPCXpresso_6.1.4/workspace/Lib_EaBaseBoard/Debug/libLib_EaBaseBoard.a(joystick.o)
 .debug_aranges
                0x00000000000002a8       0x28 /Users/Wenhao/Documents/LPCXpresso_6.1.4/workspace/Lib_EaBaseBoard/Debug/libLib_EaBaseBoard.a(led7seg.o)
 .debug_aranges
                0x00000000000002d0       0x98 /Users/Wenhao/Documents/LPCXpresso_6.1.4/workspace/Lib_EaBaseBoard/Debug/libLib_EaBaseBoard.a(light.o)
 .debug_aranges
                0x0000000000000368       0x90 /Users/Wenhao/Documents/LPCXpresso_6.1.4/workspace/Lib_EaBaseBoard/Debug/libLib_EaBaseBoard.a(oled.o)
 .debug_aranges
                0x00000000000003f8       0x80 /Users/Wenhao/Documents/LPCXpresso_6.1.4/workspace/Lib_EaBaseBoard/Debug/libLib_EaBaseBoard.a(pca9532.o)
 .debug_aranges
                0x0000000000000478       0x28 /Users/Wenhao/Documents/LPCXpresso_6.1.4/workspace/Lib_EaBaseBoard/Debug/libLib_EaBaseBoard.a(rgb.o)
 .debug_aranges
                0x00000000000004a0       0x28 /Users/Wenhao/Documents/LPCXpresso_6.1.4/workspace/Lib_EaBaseBoard/Debug/libLib_EaBaseBoard.a(temp.o)
 .debug_aranges
                0x00000000000004c8       0xc8 /Users/Wenhao/Documents/LPCXpresso_6.1.4/workspace/Lib_MCU/Debug/libLib_MCU.a(lpc17xx_gpio.o)
 .debug_aranges
                0x0000000000000590       0xd0 /Users/Wenhao/Documents/LPCXpresso_6.1.4/workspace/Lib_MCU/Debug/libLib_MCU.a(lpc17xx_i2c.o)
 .debug_aranges
                0x0000000000000660       0x48 /Users/Wenhao/Documents/LPCXpresso_6.1.4/workspace/Lib_MCU/Debug/libLib_MCU.a(lpc17xx_pinsel.o)
 .debug_aranges
                0x00000000000006a8       0xb8 /Users/Wenhao/Documents/LPCXpresso_6.1.4/workspace/Lib_MCU/Debug/libLib_MCU.a(lpc17xx_ssp.o)
 .debug_aranges
                0x0000000000000760       0xa0 /Users/Wenhao/Documents/LPCXpresso_6.1.4/workspace/Lib_MCU/Debug/libLib_MCU.a(lpc17xx_timer.o)
 .debug_aranges
                0x0000000000000800      0x130 /Users/Wenhao/Documents/LPCXpresso_6.1.4/workspace/Lib_MCU/Debug/libLib_MCU.a(lpc17xx_uart.o)
 .debug_aranges
                0x0000000000000930       0x60 /Users/Wenhao/Documents/LPCXpresso_6.1.4/workspace/Lib_MCU/Debug/libLib_MCU.a(lpc17xx_clkpwr.o)
 .debug_aranges
                0x0000000000000990       0x20 /Applications/lpcxpresso_6.1.4_194/lpcxpresso/tools/bin/../lib/gcc/arm-none-eabi/4.6.2/../../../../arm-none-eabi/lib/armv7-m/libcr_newlib_semihost.a(_cr_sbrk.o)
 .debug_aranges
                0x00000000000009b0       0xf0 /Applications/lpcxpresso_6.1.4_194/lpcxpresso/tools/bin/../lib/gcc/arm-none-eabi/4.6.2/../../../../arm-none-eabi/lib/armv7-m/libcr_newlib_semihost.a(syscalls.o)
 .debug_aranges
                0x0000000000000aa0       0x20 /Applications/lpcxpresso_6.1.4_194/lpcxpresso/tools/bin/../lib/gcc/arm-none-eabi/4.6.2/../../../../arm-none-eabi/lib/armv7-m/libcr_newlib_semihost.a(_cr_check_heap.o)

.debug_ranges   0x0000000000000000      0x9d0
 .debug_ranges  0x0000000000000000       0x60 ./src/cr_startup_lpc17.o
 .debug_ranges  0x0000000000000060      0x178 ./src/main.o
 .debug_ranges  0x00000000000001d8       0x18 /Users/Wenhao/Documents/LPCXpresso_6.1.4/workspace/Lib_CMSISv1p30_LPC17xx/Debug/libCMSISv1p30_LPC17xx.a(system_LPC17xx.o)
 .debug_ranges  0x00000000000001f0       0x50 /Users/Wenhao/Documents/LPCXpresso_6.1.4/workspace/Lib_EaBaseBoard/Debug/libLib_EaBaseBoard.a(acc.o)
 .debug_ranges  0x0000000000000240       0x18 /Users/Wenhao/Documents/LPCXpresso_6.1.4/workspace/Lib_EaBaseBoard/Debug/libLib_EaBaseBoard.a(joystick.o)
 .debug_ranges  0x0000000000000258       0x18 /Users/Wenhao/Documents/LPCXpresso_6.1.4/workspace/Lib_EaBaseBoard/Debug/libLib_EaBaseBoard.a(led7seg.o)
 .debug_ranges  0x0000000000000270       0x88 /Users/Wenhao/Documents/LPCXpresso_6.1.4/workspace/Lib_EaBaseBoard/Debug/libLib_EaBaseBoard.a(light.o)
 .debug_ranges  0x00000000000002f8       0x80 /Users/Wenhao/Documents/LPCXpresso_6.1.4/workspace/Lib_EaBaseBoard/Debug/libLib_EaBaseBoard.a(oled.o)
 .debug_ranges  0x0000000000000378       0x70 /Users/Wenhao/Documents/LPCXpresso_6.1.4/workspace/Lib_EaBaseBoard/Debug/libLib_EaBaseBoard.a(pca9532.o)
 .debug_ranges  0x00000000000003e8       0x18 /Users/Wenhao/Documents/LPCXpresso_6.1.4/workspace/Lib_EaBaseBoard/Debug/libLib_EaBaseBoard.a(rgb.o)
 .debug_ranges  0x0000000000000400       0x18 /Users/Wenhao/Documents/LPCXpresso_6.1.4/workspace/Lib_EaBaseBoard/Debug/libLib_EaBaseBoard.a(temp.o)
 .debug_ranges  0x0000000000000418       0xb8 /Users/Wenhao/Documents/LPCXpresso_6.1.4/workspace/Lib_MCU/Debug/libLib_MCU.a(lpc17xx_gpio.o)
 .debug_ranges  0x00000000000004d0       0xc0 /Users/Wenhao/Documents/LPCXpresso_6.1.4/workspace/Lib_MCU/Debug/libLib_MCU.a(lpc17xx_i2c.o)
 .debug_ranges  0x0000000000000590       0x38 /Users/Wenhao/Documents/LPCXpresso_6.1.4/workspace/Lib_MCU/Debug/libLib_MCU.a(lpc17xx_pinsel.o)
 .debug_ranges  0x00000000000005c8       0xa8 /Users/Wenhao/Documents/LPCXpresso_6.1.4/workspace/Lib_MCU/Debug/libLib_MCU.a(lpc17xx_ssp.o)
 .debug_ranges  0x0000000000000670       0x90 /Users/Wenhao/Documents/LPCXpresso_6.1.4/workspace/Lib_MCU/Debug/libLib_MCU.a(lpc17xx_timer.o)
 .debug_ranges  0x0000000000000700      0x120 /Users/Wenhao/Documents/LPCXpresso_6.1.4/workspace/Lib_MCU/Debug/libLib_MCU.a(lpc17xx_uart.o)
 .debug_ranges  0x0000000000000820       0x50 /Users/Wenhao/Documents/LPCXpresso_6.1.4/workspace/Lib_MCU/Debug/libLib_MCU.a(lpc17xx_clkpwr.o)
 .debug_ranges  0x0000000000000870       0x10 /Applications/lpcxpresso_6.1.4_194/lpcxpresso/tools/bin/../lib/gcc/arm-none-eabi/4.6.2/../../../../arm-none-eabi/lib/armv7-m/libcr_newlib_semihost.a(_cr_sbrk.o)
 .debug_ranges  0x0000000000000880      0x140 /Applications/lpcxpresso_6.1.4_194/lpcxpresso/tools/bin/../lib/gcc/arm-none-eabi/4.6.2/../../../../arm-none-eabi/lib/armv7-m/libcr_newlib_semihost.a(syscalls.o)
 .debug_ranges  0x00000000000009c0       0x10 /Applications/lpcxpresso_6.1.4_194/lpcxpresso/tools/bin/../lib/gcc/arm-none-eabi/4.6.2/../../../../arm-none-eabi/lib/armv7-m/libcr_newlib_semihost.a(_cr_check_heap.o)

.debug_line     0x0000000000000000     0x79e5
 .debug_line    0x0000000000000000      0x38a ./src/cr_startup_lpc17.o
 .debug_line    0x000000000000038a      0xda6 ./src/main.o
 .debug_line    0x0000000000001130      0x430 /Users/Wenhao/Documents/LPCXpresso_6.1.4/workspace/Lib_CMSISv1p30_LPC17xx/Debug/libCMSISv1p30_LPC17xx.a(system_LPC17xx.o)
 .debug_line    0x0000000000001560      0x517 /Users/Wenhao/Documents/LPCXpresso_6.1.4/workspace/Lib_EaBaseBoard/Debug/libLib_EaBaseBoard.a(acc.o)
 .debug_line    0x0000000000001a77      0x482 /Users/Wenhao/Documents/LPCXpresso_6.1.4/workspace/Lib_EaBaseBoard/Debug/libLib_EaBaseBoard.a(joystick.o)
 .debug_line    0x0000000000001ef9      0x492 /Users/Wenhao/Documents/LPCXpresso_6.1.4/workspace/Lib_EaBaseBoard/Debug/libLib_EaBaseBoard.a(led7seg.o)
 .debug_line    0x000000000000238b      0x5c3 /Users/Wenhao/Documents/LPCXpresso_6.1.4/workspace/Lib_EaBaseBoard/Debug/libLib_EaBaseBoard.a(light.o)
 .debug_line    0x000000000000294e      0x79c /Users/Wenhao/Documents/LPCXpresso_6.1.4/workspace/Lib_EaBaseBoard/Debug/libLib_EaBaseBoard.a(oled.o)
 .debug_line    0x00000000000030ea      0x5ae /Users/Wenhao/Documents/LPCXpresso_6.1.4/workspace/Lib_EaBaseBoard/Debug/libLib_EaBaseBoard.a(pca9532.o)
 .debug_line    0x0000000000003698      0x469 /Users/Wenhao/Documents/LPCXpresso_6.1.4/workspace/Lib_EaBaseBoard/Debug/libLib_EaBaseBoard.a(rgb.o)
 .debug_line    0x0000000000003b01      0x490 /Users/Wenhao/Documents/LPCXpresso_6.1.4/workspace/Lib_EaBaseBoard/Debug/libLib_EaBaseBoard.a(temp.o)
 .debug_line    0x0000000000003f91       0x88 /Users/Wenhao/Documents/LPCXpresso_6.1.4/workspace/Lib_EaBaseBoard/Debug/libLib_EaBaseBoard.a(font5x7.o)
 .debug_line    0x0000000000004019      0x60d /Users/Wenhao/Documents/LPCXpresso_6.1.4/workspace/Lib_MCU/Debug/libLib_MCU.a(lpc17xx_gpio.o)
 .debug_line    0x0000000000004626      0x928 /Users/Wenhao/Documents/LPCXpresso_6.1.4/workspace/Lib_MCU/Debug/libLib_MCU.a(lpc17xx_i2c.o)
 .debug_line    0x0000000000004f4e      0x48c /Users/Wenhao/Documents/LPCXpresso_6.1.4/workspace/Lib_MCU/Debug/libLib_MCU.a(lpc17xx_pinsel.o)
 .debug_line    0x00000000000053da      0x85b /Users/Wenhao/Documents/LPCXpresso_6.1.4/workspace/Lib_MCU/Debug/libLib_MCU.a(lpc17xx_ssp.o)
 .debug_line    0x0000000000005c35      0x7b9 /Users/Wenhao/Documents/LPCXpresso_6.1.4/workspace/Lib_MCU/Debug/libLib_MCU.a(lpc17xx_timer.o)
 .debug_line    0x00000000000063ee      0xba7 /Users/Wenhao/Documents/LPCXpresso_6.1.4/workspace/Lib_MCU/Debug/libLib_MCU.a(lpc17xx_uart.o)
 .debug_line    0x0000000000006f95      0x4ed /Users/Wenhao/Documents/LPCXpresso_6.1.4/workspace/Lib_MCU/Debug/libLib_MCU.a(lpc17xx_clkpwr.o)
 .debug_line    0x0000000000007482       0xc0 /Applications/lpcxpresso_6.1.4_194/lpcxpresso/tools/bin/../lib/gcc/arm-none-eabi/4.6.2/../../../../arm-none-eabi/lib/armv7-m/libcr_newlib_semihost.a(_cr_sbrk.o)
 .debug_line    0x0000000000007542      0x44f /Applications/lpcxpresso_6.1.4_194/lpcxpresso/tools/bin/../lib/gcc/arm-none-eabi/4.6.2/../../../../arm-none-eabi/lib/armv7-m/libcr_newlib_semihost.a(syscalls.o)
 .debug_line    0x0000000000007991       0x54 /Applications/lpcxpresso_6.1.4_194/lpcxpresso/tools/bin/../lib/gcc/arm-none-eabi/4.6.2/../../../../arm-none-eabi/lib/armv7-m/libcr_newlib_semihost.a(_cr_check_heap.o)

.debug_macinfo  0x0000000000000000    0xa9302
 .debug_macinfo
                0x0000000000000000     0x2c15 ./src/cr_startup_lpc17.o
 .debug_macinfo
                0x0000000000002c15     0xf342 ./src/main.o
 .debug_macinfo
                0x0000000000011f57     0x83f8 /Users/Wenhao/Documents/LPCXpresso_6.1.4/workspace/Lib_CMSISv1p30_LPC17xx/Debug/libCMSISv1p30_LPC17xx.a(system_LPC17xx.o)
 .debug_macinfo
                0x000000000001a34f     0x8f1b /Users/Wenhao/Documents/LPCXpresso_6.1.4/workspace/Lib_EaBaseBoard/Debug/libLib_EaBaseBoard.a(acc.o)
 .debug_macinfo
                0x000000000002326a     0x858b /Users/Wenhao/Documents/LPCXpresso_6.1.4/workspace/Lib_EaBaseBoard/Debug/libLib_EaBaseBoard.a(joystick.o)
 .debug_macinfo
                0x000000000002b7f5     0x96a3 /Users/Wenhao/Documents/LPCXpresso_6.1.4/workspace/Lib_EaBaseBoard/Debug/libLib_EaBaseBoard.a(led7seg.o)
 .debug_macinfo
                0x0000000000034e98     0x8e3a /Users/Wenhao/Documents/LPCXpresso_6.1.4/workspace/Lib_EaBaseBoard/Debug/libLib_EaBaseBoard.a(light.o)
 .debug_macinfo
                0x000000000003dcd2     0xa143 /Users/Wenhao/Documents/LPCXpresso_6.1.4/workspace/Lib_EaBaseBoard/Debug/libLib_EaBaseBoard.a(oled.o)
 .debug_macinfo
                0x0000000000047e15     0x8e59 /Users/Wenhao/Documents/LPCXpresso_6.1.4/workspace/Lib_EaBaseBoard/Debug/libLib_EaBaseBoard.a(pca9532.o)
 .debug_macinfo
                0x0000000000050c6e     0x854c /Users/Wenhao/Documents/LPCXpresso_6.1.4/workspace/Lib_EaBaseBoard/Debug/libLib_EaBaseBoard.a(rgb.o)
 .debug_macinfo
                0x00000000000591ba     0x85e6 /Users/Wenhao/Documents/LPCXpresso_6.1.4/workspace/Lib_EaBaseBoard/Debug/libLib_EaBaseBoard.a(temp.o)
 .debug_macinfo
                0x00000000000617a0     0x332a /Users/Wenhao/Documents/LPCXpresso_6.1.4/workspace/Lib_EaBaseBoard/Debug/libLib_EaBaseBoard.a(font5x7.o)
 .debug_macinfo
                0x0000000000064aca     0x86b8 /Users/Wenhao/Documents/LPCXpresso_6.1.4/workspace/Lib_MCU/Debug/libLib_MCU.a(lpc17xx_gpio.o)
 .debug_macinfo
                0x000000000006d182     0xa5d8 /Users/Wenhao/Documents/LPCXpresso_6.1.4/workspace/Lib_MCU/Debug/libLib_MCU.a(lpc17xx_i2c.o)
 .debug_macinfo
                0x000000000007775a     0x87d3 /Users/Wenhao/Documents/LPCXpresso_6.1.4/workspace/Lib_MCU/Debug/libLib_MCU.a(lpc17xx_pinsel.o)
 .debug_macinfo
                0x000000000007ff2d     0xa8d0 /Users/Wenhao/Documents/LPCXpresso_6.1.4/workspace/Lib_MCU/Debug/libLib_MCU.a(lpc17xx_ssp.o)
 .debug_macinfo
                0x000000000008a7fd     0xa4cd /Users/Wenhao/Documents/LPCXpresso_6.1.4/workspace/Lib_MCU/Debug/libLib_MCU.a(lpc17xx_timer.o)
 .debug_macinfo
                0x0000000000094cca     0xb03f /Users/Wenhao/Documents/LPCXpresso_6.1.4/workspace/Lib_MCU/Debug/libLib_MCU.a(lpc17xx_uart.o)
 .debug_macinfo
                0x000000000009fd09     0x95f9 /Users/Wenhao/Documents/LPCXpresso_6.1.4/workspace/Lib_MCU/Debug/libLib_MCU.a(lpc17xx_clkpwr.o)

.debug_str      0x0000000000000000     0x3275
 .debug_str     0x0000000000000000      0x1d3 ./src/cr_startup_lpc17.o
                                        0x20d (size before relaxing)
 .debug_str     0x00000000000001d3      0xba3 ./src/main.o
                                        0xd12 (size before relaxing)
 .debug_str     0x0000000000000d76       0x89 /Users/Wenhao/Documents/LPCXpresso_6.1.4/workspace/Lib_CMSISv1p30_LPC17xx/Debug/libCMSISv1p30_LPC17xx.a(system_LPC17xx.o)
                                        0x2a2 (size before relaxing)
 .debug_str     0x0000000000000dff      0x21f /Users/Wenhao/Documents/LPCXpresso_6.1.4/workspace/Lib_EaBaseBoard/Debug/libLib_EaBaseBoard.a(acc.o)
                                        0x39e (size before relaxing)
 .debug_str     0x000000000000101e       0x3a /Users/Wenhao/Documents/LPCXpresso_6.1.4/workspace/Lib_EaBaseBoard/Debug/libLib_EaBaseBoard.a(joystick.o)
                                        0x16f (size before relaxing)
 .debug_str     0x0000000000001058       0x95 /Users/Wenhao/Documents/LPCXpresso_6.1.4/workspace/Lib_EaBaseBoard/Debug/libLib_EaBaseBoard.a(led7seg.o)
                                        0x20a (size before relaxing)
 .debug_str     0x00000000000010ed      0x204 /Users/Wenhao/Documents/LPCXpresso_6.1.4/workspace/Lib_EaBaseBoard/Debug/libLib_EaBaseBoard.a(light.o)
                                        0x503 (size before relaxing)
 .debug_str     0x00000000000012f1      0x1b2 /Users/Wenhao/Documents/LPCXpresso_6.1.4/workspace/Lib_EaBaseBoard/Debug/libLib_EaBaseBoard.a(oled.o)
                                        0x3bb (size before relaxing)
 .debug_str     0x00000000000014a3      0x136 /Users/Wenhao/Documents/LPCXpresso_6.1.4/workspace/Lib_EaBaseBoard/Debug/libLib_EaBaseBoard.a(pca9532.o)
                                        0x3f5 (size before relaxing)
 .debug_str     0x00000000000015d9       0x22 /Users/Wenhao/Documents/LPCXpresso_6.1.4/workspace/Lib_EaBaseBoard/Debug/libLib_EaBaseBoard.a(rgb.o)
                                        0x14f (size before relaxing)
 .debug_str     0x00000000000015fb       0x33 /Users/Wenhao/Documents/LPCXpresso_6.1.4/workspace/Lib_EaBaseBoard/Debug/libLib_EaBaseBoard.a(temp.o)
                                        0x172 (size before relaxing)
 .debug_str     0x000000000000162e       0x11 /Users/Wenhao/Documents/LPCXpresso_6.1.4/workspace/Lib_EaBaseBoard/Debug/libLib_EaBaseBoard.a(font5x7.o)
                                         0xc6 (size before relaxing)
 .debug_str     0x000000000000163f      0x37f /Users/Wenhao/Documents/LPCXpresso_6.1.4/workspace/Lib_MCU/Debug/libLib_MCU.a(lpc17xx_gpio.o)
                                        0x477 (size before relaxing)
 .debug_str     0x00000000000019be      0x30f /Users/Wenhao/Documents/LPCXpresso_6.1.4/workspace/Lib_MCU/Debug/libLib_MCU.a(lpc17xx_i2c.o)
                                        0x80d (size before relaxing)
 .debug_str     0x0000000000001ccd      0x214 /Users/Wenhao/Documents/LPCXpresso_6.1.4/workspace/Lib_MCU/Debug/libLib_MCU.a(lpc17xx_pinsel.o)
                                        0x3ac (size before relaxing)
 .debug_str     0x0000000000001ee1      0x204 /Users/Wenhao/Documents/LPCXpresso_6.1.4/workspace/Lib_MCU/Debug/libLib_MCU.a(lpc17xx_ssp.o)
                                        0x48a (size before relaxing)
 .debug_str     0x00000000000020e5      0x42e /Users/Wenhao/Documents/LPCXpresso_6.1.4/workspace/Lib_MCU/Debug/libLib_MCU.a(lpc17xx_timer.o)
                                        0x5c0 (size before relaxing)
 .debug_str     0x0000000000002513      0x8c5 /Users/Wenhao/Documents/LPCXpresso_6.1.4/workspace/Lib_MCU/Debug/libLib_MCU.a(lpc17xx_uart.o)
                                        0xc60 (size before relaxing)
 .debug_str     0x0000000000002dd8       0xcb /Users/Wenhao/Documents/LPCXpresso_6.1.4/workspace/Lib_MCU/Debug/libLib_MCU.a(lpc17xx_clkpwr.o)
                                        0x3a8 (size before relaxing)
 .debug_str     0x0000000000002ea3       0xbc /Applications/lpcxpresso_6.1.4_194/lpcxpresso/tools/bin/../lib/gcc/arm-none-eabi/4.6.2/../../../../arm-none-eabi/lib/armv7-m/libcr_newlib_semihost.a(_cr_sbrk.o)
                                        0x145 (size before relaxing)
 .debug_str     0x0000000000002f5f      0x2db /Applications/lpcxpresso_6.1.4_194/lpcxpresso/tools/bin/../lib/gcc/arm-none-eabi/4.6.2/../../../../arm-none-eabi/lib/armv7-m/libcr_newlib_semihost.a(syscalls.o)
                                        0x40b (size before relaxing)
 .debug_str     0x000000000000323a       0x3b /Applications/lpcxpresso_6.1.4_194/lpcxpresso/tools/bin/../lib/gcc/arm-none-eabi/4.6.2/../../../../arm-none-eabi/lib/armv7-m/libcr_newlib_semihost.a(_cr_check_heap.o)
                                         0xd1 (size before relaxing)

.comment        0x0000000000000000       0x9a
 .comment       0x0000000000000000       0x70 ./src/cr_startup_lpc17.o
                                         0x71 (size before relaxing)
 .comment       0x0000000000000000       0x71 ./src/main.o
 .comment       0x0000000000000000       0x71 /Users/Wenhao/Documents/LPCXpresso_6.1.4/workspace/Lib_CMSISv1p30_LPC17xx/Debug/libCMSISv1p30_LPC17xx.a(system_LPC17xx.o)
 .comment       0x0000000000000000       0x71 /Users/Wenhao/Documents/LPCXpresso_6.1.4/workspace/Lib_EaBaseBoard/Debug/libLib_EaBaseBoard.a(acc.o)
 .comment       0x0000000000000000       0x71 /Users/Wenhao/Documents/LPCXpresso_6.1.4/workspace/Lib_EaBaseBoard/Debug/libLib_EaBaseBoard.a(joystick.o)
 .comment       0x0000000000000000       0x71 /Users/Wenhao/Documents/LPCXpresso_6.1.4/workspace/Lib_EaBaseBoard/Debug/libLib_EaBaseBoard.a(led7seg.o)
 .comment       0x0000000000000000       0x71 /Users/Wenhao/Documents/LPCXpresso_6.1.4/workspace/Lib_EaBaseBoard/Debug/libLib_EaBaseBoard.a(light.o)
 .comment       0x0000000000000000       0x71 /Users/Wenhao/Documents/LPCXpresso_6.1.4/workspace/Lib_EaBaseBoard/Debug/libLib_EaBaseBoard.a(oled.o)
 .comment       0x0000000000000000       0x71 /Users/Wenhao/Documents/LPCXpresso_6.1.4/workspace/Lib_EaBaseBoard/Debug/libLib_EaBaseBoard.a(pca9532.o)
 .comment       0x0000000000000000       0x71 /Users/Wenhao/Documents/LPCXpresso_6.1.4/workspace/Lib_EaBaseBoard/Debug/libLib_EaBaseBoard.a(rgb.o)
 .comment       0x0000000000000000       0x71 /Users/Wenhao/Documents/LPCXpresso_6.1.4/workspace/Lib_EaBaseBoard/Debug/libLib_EaBaseBoard.a(temp.o)
 .comment       0x0000000000000000       0x71 /Users/Wenhao/Documents/LPCXpresso_6.1.4/workspace/Lib_EaBaseBoard/Debug/libLib_EaBaseBoard.a(font5x7.o)
 .comment       0x0000000000000000       0x71 /Users/Wenhao/Documents/LPCXpresso_6.1.4/workspace/Lib_MCU/Debug/libLib_MCU.a(lpc17xx_gpio.o)
 .comment       0x0000000000000000       0x71 /Users/Wenhao/Documents/LPCXpresso_6.1.4/workspace/Lib_MCU/Debug/libLib_MCU.a(lpc17xx_i2c.o)
 .comment       0x0000000000000000       0x71 /Users/Wenhao/Documents/LPCXpresso_6.1.4/workspace/Lib_MCU/Debug/libLib_MCU.a(lpc17xx_pinsel.o)
 .comment       0x0000000000000000       0x71 /Users/Wenhao/Documents/LPCXpresso_6.1.4/workspace/Lib_MCU/Debug/libLib_MCU.a(lpc17xx_ssp.o)
 .comment       0x0000000000000000       0x71 /Users/Wenhao/Documents/LPCXpresso_6.1.4/workspace/Lib_MCU/Debug/libLib_MCU.a(lpc17xx_timer.o)
 .comment       0x0000000000000000       0x71 /Users/Wenhao/Documents/LPCXpresso_6.1.4/workspace/Lib_MCU/Debug/libLib_MCU.a(lpc17xx_uart.o)
 .comment       0x0000000000000000       0x71 /Users/Wenhao/Documents/LPCXpresso_6.1.4/workspace/Lib_MCU/Debug/libLib_MCU.a(lpc17xx_clkpwr.o)
 .comment       0x0000000000000070       0x2a /Applications/lpcxpresso_6.1.4_194/lpcxpresso/tools/bin/../lib/gcc/arm-none-eabi/4.6.2/../../../../arm-none-eabi/lib/armv7-m/libcr_newlib_semihost.a(_cr_sbrk.o)
                                         0x2b (size before relaxing)
 .comment       0x0000000000000000       0x2b /Applications/lpcxpresso_6.1.4_194/lpcxpresso/tools/bin/../lib/gcc/arm-none-eabi/4.6.2/../../../../arm-none-eabi/lib/armv7-m/libcr_newlib_semihost.a(syscalls.o)
 .comment       0x0000000000000000       0x2b /Applications/lpcxpresso_6.1.4_194/lpcxpresso/tools/bin/../lib/gcc/arm-none-eabi/4.6.2/../../../../arm-none-eabi/lib/armv7-m/libcr_newlib_semihost.a(_cr_check_heap.o)

.ARM.attributes
                0x0000000000000000       0x33
 .ARM.attributes
                0x0000000000000000       0x33 ./src/cr_startup_lpc17.o
 .ARM.attributes
                0x0000000000000033       0x33 ./src/main.o
 .ARM.attributes
                0x0000000000000066       0x33 /Users/Wenhao/Documents/LPCXpresso_6.1.4/workspace/Lib_CMSISv1p30_LPC17xx/Debug/libCMSISv1p30_LPC17xx.a(system_LPC17xx.o)
 .ARM.attributes
                0x0000000000000099       0x33 /Users/Wenhao/Documents/LPCXpresso_6.1.4/workspace/Lib_EaBaseBoard/Debug/libLib_EaBaseBoard.a(acc.o)
 .ARM.attributes
                0x00000000000000cc       0x33 /Users/Wenhao/Documents/LPCXpresso_6.1.4/workspace/Lib_EaBaseBoard/Debug/libLib_EaBaseBoard.a(joystick.o)
 .ARM.attributes
                0x00000000000000ff       0x33 /Users/Wenhao/Documents/LPCXpresso_6.1.4/workspace/Lib_EaBaseBoard/Debug/libLib_EaBaseBoard.a(led7seg.o)
 .ARM.attributes
                0x0000000000000132       0x33 /Users/Wenhao/Documents/LPCXpresso_6.1.4/workspace/Lib_EaBaseBoard/Debug/libLib_EaBaseBoard.a(light.o)
 .ARM.attributes
                0x0000000000000165       0x33 /Users/Wenhao/Documents/LPCXpresso_6.1.4/workspace/Lib_EaBaseBoard/Debug/libLib_EaBaseBoard.a(oled.o)
 .ARM.attributes
                0x0000000000000198       0x33 /Users/Wenhao/Documents/LPCXpresso_6.1.4/workspace/Lib_EaBaseBoard/Debug/libLib_EaBaseBoard.a(pca9532.o)
 .ARM.attributes
                0x00000000000001cb       0x33 /Users/Wenhao/Documents/LPCXpresso_6.1.4/workspace/Lib_EaBaseBoard/Debug/libLib_EaBaseBoard.a(rgb.o)
 .ARM.attributes
                0x00000000000001fe       0x33 /Users/Wenhao/Documents/LPCXpresso_6.1.4/workspace/Lib_EaBaseBoard/Debug/libLib_EaBaseBoard.a(temp.o)
 .ARM.attributes
                0x0000000000000231       0x33 /Users/Wenhao/Documents/LPCXpresso_6.1.4/workspace/Lib_EaBaseBoard/Debug/libLib_EaBaseBoard.a(font5x7.o)
 .ARM.attributes
                0x0000000000000264       0x33 /Users/Wenhao/Documents/LPCXpresso_6.1.4/workspace/Lib_MCU/Debug/libLib_MCU.a(lpc17xx_gpio.o)
 .ARM.attributes
                0x0000000000000297       0x33 /Users/Wenhao/Documents/LPCXpresso_6.1.4/workspace/Lib_MCU/Debug/libLib_MCU.a(lpc17xx_i2c.o)
 .ARM.attributes
                0x00000000000002ca       0x33 /Users/Wenhao/Documents/LPCXpresso_6.1.4/workspace/Lib_MCU/Debug/libLib_MCU.a(lpc17xx_pinsel.o)
 .ARM.attributes
                0x00000000000002fd       0x33 /Users/Wenhao/Documents/LPCXpresso_6.1.4/workspace/Lib_MCU/Debug/libLib_MCU.a(lpc17xx_ssp.o)
 .ARM.attributes
                0x0000000000000330       0x33 /Users/Wenhao/Documents/LPCXpresso_6.1.4/workspace/Lib_MCU/Debug/libLib_MCU.a(lpc17xx_timer.o)
 .ARM.attributes
                0x0000000000000363       0x33 /Users/Wenhao/Documents/LPCXpresso_6.1.4/workspace/Lib_MCU/Debug/libLib_MCU.a(lpc17xx_uart.o)
 .ARM.attributes
                0x0000000000000396       0x33 /Users/Wenhao/Documents/LPCXpresso_6.1.4/workspace/Lib_MCU/Debug/libLib_MCU.a(lpc17xx_clkpwr.o)
 .ARM.attributes
                0x00000000000003c9       0x1d /Applications/lpcxpresso_6.1.4_194/lpcxpresso/tools/bin/../lib/gcc/arm-none-eabi/4.6.2/armv7-m/libgcc.a(_arm_addsubdf3.o)
 .ARM.attributes
                0x00000000000003e6       0x1d /Applications/lpcxpresso_6.1.4_194/lpcxpresso/tools/bin/../lib/gcc/arm-none-eabi/4.6.2/armv7-m/libgcc.a(_arm_muldivdf3.o)
 .ARM.attributes
                0x0000000000000403       0x1d /Applications/lpcxpresso_6.1.4_194/lpcxpresso/tools/bin/../lib/gcc/arm-none-eabi/4.6.2/armv7-m/libgcc.a(_arm_truncdfsf2.o)
 .ARM.attributes
                0x0000000000000420       0x1d /Applications/lpcxpresso_6.1.4_194/lpcxpresso/tools/bin/../lib/gcc/arm-none-eabi/4.6.2/armv7-m/libgcc.a(_arm_cmpsf2.o)
 .ARM.attributes
                0x000000000000043d       0x1d /Applications/lpcxpresso_6.1.4_194/lpcxpresso/tools/bin/../lib/gcc/arm-none-eabi/4.6.2/armv7-m/libgcc.a(_aeabi_uldivmod.o)
 .ARM.attributes
                0x000000000000045a       0x2d /Applications/lpcxpresso_6.1.4_194/lpcxpresso/tools/bin/../lib/gcc/arm-none-eabi/4.6.2/armv7-m/libgcc.a(bpabi.o)
 .ARM.attributes
                0x0000000000000487       0x1d /Applications/lpcxpresso_6.1.4_194/lpcxpresso/tools/bin/../lib/gcc/arm-none-eabi/4.6.2/armv7-m/libgcc.a(_dvmd_tls.o)
 .ARM.attributes
                0x00000000000004a4       0x2d /Applications/lpcxpresso_6.1.4_194/lpcxpresso/tools/bin/../lib/gcc/arm-none-eabi/4.6.2/armv7-m/libgcc.a(_divdi3.o)
 .ARM.attributes