Archive member included because of file (symbol)

/Users/Wenhao/Documents/LPCXpresso_6.1.4/workspace/Lib_CMSISv1p30_LPC17xx/Debug/libCMSISv1p30_LPC17xx.a(system_LPC17xx.o)
                              ./src/main.o (SystemCoreClock)
/Users/Wenhao/Documents/LPCXpresso_6.1.4/workspace/Lib_EaBaseBoard/Debug/libLib_EaBaseBoard.a(acc.o)
                              ./src/main.o (acc_init)
/Users/Wenhao/Documents/LPCXpresso_6.1.4/workspace/Lib_EaBaseBoard/Debug/libLib_EaBaseBoard.a(joystick.o)
                              ./src/main.o (joystick_init)
/Users/Wenhao/Documents/LPCXpresso_6.1.4/workspace/Lib_EaBaseBoard/Debug/libLib_EaBaseBoard.a(led7seg.o)
                              ./src/main.o (led7seg_init)
/Users/Wenhao/Documents/LPCXpresso_6.1.4/workspace/Lib_EaBaseBoard/Debug/libLib_EaBaseBoard.a(light.o)
                              ./src/main.o (light_enable)
/Users/Wenhao/Documents/LPCXpresso_6.1.4/workspace/Lib_EaBaseBoard/Debug/libLib_EaBaseBoard.a(oled.o)
                              ./src/main.o (oled_init)
/Users/Wenhao/Documents/LPCXpresso_6.1.4/workspace/Lib_EaBaseBoard/Debug/libLib_EaBaseBoard.a(pca9532.o)
                              ./src/main.o (pca9532_init)
/Users/Wenhao/Documents/LPCXpresso_6.1.4/workspace/Lib_EaBaseBoard/Debug/libLib_EaBaseBoard.a(rgb.o)
                              ./src/main.o (rgb_init)
/Users/Wenhao/Documents/LPCXpresso_6.1.4/workspace/Lib_EaBaseBoard/Debug/libLib_EaBaseBoard.a(temp.o)
                              ./src/main.o (temp_init)
/Users/Wenhao/Documents/LPCXpresso_6.1.4/workspace/Lib_EaBaseBoard/Debug/libLib_EaBaseBoard.a(font5x7.o)
                              /Users/Wenhao/Documents/LPCXpresso_6.1.4/workspace/Lib_EaBaseBoard/Debug/libLib_EaBaseBoard.a(oled.o) (font5x7)
/Users/Wenhao/Documents/LPCXpresso_6.1.4/workspace/Lib_MCU/Debug/libLib_MCU.a(lpc17xx_gpio.o)
                              ./src/main.o (GPIO_SetDir)
/Users/Wenhao/Documents/LPCXpresso_6.1.4/workspace/Lib_MCU/Debug/libLib_MCU.a(lpc17xx_i2c.o)
                              ./src/main.o (I2C_Init)
/Users/Wenhao/Documents/LPCXpresso_6.1.4/workspace/Lib_MCU/Debug/libLib_MCU.a(lpc17xx_pinsel.o)
                              ./src/main.o (PINSEL_ConfigPin)
/Users/Wenhao/Documents/LPCXpresso_6.1.4/workspace/Lib_MCU/Debug/libLib_MCU.a(lpc17xx_ssp.o)
                              ./src/main.o (SSP_Init)
/Users/Wenhao/Documents/LPCXpresso_6.1.4/workspace/Lib_MCU/Debug/libLib_MCU.a(lpc17xx_timer.o)
                              ./src/main.o (Timer0_Wait)
/Users/Wenhao/Documents/LPCXpresso_6.1.4/workspace/Lib_MCU/Debug/libLib_MCU.a(lpc17xx_uart.o)
                              ./src/main.o (UART_TxCmd)
/Users/Wenhao/Documents/LPCXpresso_6.1.4/workspace/Lib_MCU/Debug/libLib_MCU.a(lpc17xx_clkpwr.o)
                              /Users/Wenhao/Documents/LPCXpresso_6.1.4/workspace/Lib_MCU/Debug/libLib_MCU.a(lpc17xx_i2c.o) (CLKPWR_SetPCLKDiv)
/Applications/lpcxpresso_6.1.4_194/lpcxpresso/tools/bin/../lib/gcc/arm-none-eabi/4.6.2/armv7-m/libgcc.a(_arm_addsubdf3.o)
                              ./src/main.o (__aeabi_i2d)
/Applications/lpcxpresso_6.1.4_194/lpcxpresso/tools/bin/../lib/gcc/arm-none-eabi/4.6.2/armv7-m/libgcc.a(_arm_muldivdf3.o)
                              ./src/main.o (__aeabi_ddiv)
/Applications/lpcxpresso_6.1.4_194/lpcxpresso/tools/bin/../lib/gcc/arm-none-eabi/4.6.2/armv7-m/libgcc.a(_arm_truncdfsf2.o)
                              ./src/main.o (__aeabi_d2f)
/Applications/lpcxpresso_6.1.4_194/lpcxpresso/tools/bin/../lib/gcc/arm-none-eabi/4.6.2/armv7-m/libgcc.a(_arm_cmpsf2.o)
                              ./src/main.o (__aeabi_fcmple)
/Applications/lpcxpresso_6.1.4_194/lpcxpresso/tools/bin/../lib/gcc/arm-none-eabi/4.6.2/armv7-m/libgcc.a(_aeabi_uldivmod.o)
                              /Users/Wenhao/Documents/LPCXpresso_6.1.4/workspace/Lib_CMSISv1p30_LPC17xx/Debug/libCMSISv1p30_LPC17xx.a(system_LPC17xx.o) (__aeabi_uldivmod)
/Applications/lpcxpresso_6.1.4_194/lpcxpresso/tools/bin/../lib/gcc/arm-none-eabi/4.6.2/armv7-m/libgcc.a(bpabi.o)
                              /Applications/lpcxpresso_6.1.4_194/lpcxpresso/tools/bin/../lib/gcc/arm-none-eabi/4.6.2/armv7-m/libgcc.a(_aeabi_uldivmod.o) (__gnu_uldivmod_helper)
/Applications/lpcxpresso_6.1.4_194/lpcxpresso/tools/bin/../lib/gcc/arm-none-eabi/4.6.2/armv7-m/libgcc.a(_dvmd_tls.o)
                              /Applications/lpcxpresso_6.1.4_194/lpcxpresso/tools/bin/../lib/gcc/arm-none-eabi/4.6.2/armv7-m/libgcc.a(_aeabi_uldivmod.o) (__aeabi_ldiv0)
/Applications/lpcxpresso_6.1.4_194/lpcxpresso/tools/bin/../lib/gcc/arm-none-eabi/4.6.2/armv7-m/libgcc.a(_divdi3.o)
                              /Applications/lpcxpresso_6.1.4_194/lpcxpresso/tools/bin/../lib/gcc/arm-none-eabi/4.6.2/armv7-m/libgcc.a(bpabi.o) (__divdi3)
/Applications/lpcxpresso_6.1.4_194/lpcxpresso/tools/bin/../lib/gcc/arm-none-eabi/4.6.2/armv7-m/libgcc.a(_udivdi3.o)
[...]
Memory Configuration

Name             Origin             Length             Attributes
MFlash512        0x0000000000000000 0x0000000000080000 xr
RamLoc32         0x0000000010000000 0x0000000000008000 xrw
RamAHB32         0x000000002007c000 0x0000000000008000 xrw
*default*        0x0000000000000000 0xffffffffffffffff

Linker script and memory map

LOAD ./src/cr_startup_lpc17.o
LOAD ./src/main.o
LOAD /Users/Wenhao/Documents/LPCXpresso_6.1.4/workspace/Lib_CMSISv1p30_LPC17xx/Debug/libCMSISv1p30_LPC17xx.a
LOAD /Users/Wenhao/Documents/LPCXpresso_6.1.4/workspace/Lib_EaBaseBoard/Debug/libLib_EaBaseBoard.a
LOAD /Users/Wenhao/Documents/LPCXpresso_6.1.4/workspace/Lib_MCU/Debug/libLib_MCU.a
START GROUP
LOAD /Applications/lpcxpresso_6.1.4_194/lpcxpresso/tools/bin/../lib/gcc/arm-none-eabi/4.6.2/armv7-m/libgcc.a
LOAD /Applications/lpcxpresso_6.1.4_194/lpcxpresso/tools/bin/../lib/gcc/arm-none-eabi/4.6.2/../../../../arm-none-eabi/lib/armv7-m/libc.a
LOAD /Applications/lpcxpresso_6.1.4_194/lpcxpresso/tools/bin/../lib/gcc/arm-none-eabi/4.6.2/../../../../arm-none-eabi/lib/armv7-m/libm.a
LOAD /Applications/lpcxpresso_6.1.4_194/lpcxpresso/tools/bin/../lib/gcc/arm-none-eabi/4.6.2/../../../../arm-none-eabi/lib/armv7-m/libcr_newlib_semihost.a
END GROUP
                0x0000000000080000                __top_MFlash512 = 0x80000
                0x0000000010008000                __top_RamLoc32 = 0x10008000
                0x0000000020084000                __top_RamAHB32 = 0x20084000

.text           0x0000000000000000     0xba74
 FILL mask 0xff
                0x0000000000000000                __vectors_start__ = ABSOLUTE (.)
 *(.isr_vector)
 .isr_vector    0x0000000000000000       0xcc ./src/cr_startup_lpc17.o
                0x0000000000000000                g_pfnVectors
                0x00000000000000cc                . = ALIGN (0x4)
                0x00000000000000cc                __section_table_start = .
                0x00000000000000cc                __data_section_table = .
                0x00000000000000cc        0x4 LONG 0xba7c LOADADDR (.data)
                0x00000000000000d0        0x4 LONG 0x10000000 ADDR (.data)
                0x00000000000000d4        0x4 LONG 0x9bc SIZEOF (.data)
                0x00000000000000d8        0x4 LONG 0xba7c LOADADDR (.data_RAM2)
                0x00000000000000dc        0x4 LONG 0x2007c000 ADDR (.data_RAM2)
                0x00000000000000e0        0x4 LONG 0x0 SIZEOF (.data_RAM2)
                0x00000000000000e4                __data_section_table_end = .
                0x00000000000000e4                __bss_section_table = .
                0x00000000000000e4        0x4 LONG 0x100009bc ADDR (.bss)
                0x00000000000000e8        0x4 LONG 0x620 SIZEOF (.bss)
                0x00000000000000ec        0x4 LONG 0x2007c000 ADDR (.bss_RAM2)
                0x00000000000000f0        0x4 LONG 0x0 SIZEOF (.bss_RAM2)
                0x00000000000000f4                __bss_section_table_end = .
                0x00000000000000f4                __section_table_end = .
 *(.after_vectors*)
 *(.text*)
 .text.ResetISR
                0x00000000000000f4       0x68 ./src/cr_startup_lpc17.o
                0x00000000000000f4                ResetISR
 .text.HardFault_Handler
                0x000000000000015c        0x8 ./src/cr_startup_lpc17.o
                0x000000000000015c                HardFault_Handler
 .text.SVCall_Handler
                0x0000000000000164        0x8 ./src/cr_startup_lpc17.o
                0x0000000000000164                SVCall_Handler
 .text.DebugMon_Handler
                0x000000000000016c        0x8 ./src/cr_startup_lpc17.o
                0x000000000000016c                DebugMon_Handler
 .text.PendSV_Handler
                0x0000000000000174        0x8 ./src/cr_startup_lpc17.o
                0x0000000000000174                PendSV_Handler
 .text.IntDefaultHandler
                0x000000000000017c        0x8 ./src/cr_startup_lpc17.o
                0x000000000000017c                ENET_IRQHandler
                0x000000000000017c                RIT_IRQHandler
                0x000000000000017c                I2C0_IRQHandler
                0x000000000000017c                USBActivity_IRQHandler
                0x000000000000017c                PWM1_IRQHandler
                0x000000000000017c                I2C1_IRQHandler
                0x000000000000017c                EINT2_IRQHandler
                0x000000000000017c                UART1_IRQHandler
                0x000000000000017c                EINT3_IRQHandler
                0x000000000000017c                CANActivity_IRQHandler
                0x000000000000017c                TIMER3_IRQHandler
                0x000000000000017c                UART0_IRQHandler
                0x000000000000017c                IntDefaultHandler
                0x000000000000017c                PLL0_IRQHandler
                0x000000000000017c                CAN_IRQHandler
                0x000000000000017c                PLL1_IRQHandler
                0x000000000000017c                SSP0_IRQHandler
                0x000000000000017c                I2S_IRQHandler
                0x000000000000017c                I2C2_IRQHandler
                0x000000000000017c                RTC_IRQHandler
                0x000000000000017c                TIMER0_IRQHandler
                0x000000000000017c                SPI_IRQHandler
                0x000000000000017c                EINT1_IRQHandler
                0x000000000000017c                TIMER1_IRQHandler
                0x000000000000017c                UART2_IRQHandler
                0x000000000000017c                ADC_IRQHandler
                0x000000000000017c                SSP1_IRQHandler
                0x000000000000017c                USB_IRQHandler
                0x000000000000017c                BOD_IRQHandler
                0x000000000000017c                WDT_IRQHandler
                0x000000000000017c                QEI_IRQHandler
                0x000000000000017c                DMA_IRQHandler
                0x000000000000017c                MCPWM_IRQHandler
                0x000000000000017c                TIMER2_IRQHandler
 .text.NVIC_EnableIRQ
                0x0000000000000184       0x38 ./src/main.o
 .text.NVIC_ClearPendingIRQ
                0x00000000000001bc       0x3c ./src/main.o
 .text.NVIC_SetPriority
                0x00000000000001f8       0x5c ./src/main.o
 .text.NVIC_EncodePriority
                0x0000000000000254       0x78 ./src/main.o
 .text.SysTick_Config
                0x00000000000002cc       0x64 ./src/main.o
 .text.startBlink
                0x0000000000000330       0x2c ./src/main.o
                0x0000000000000330                startBlink
 .text.stopBlink
                0x000000000000035c       0x2c ./src/main.o
                0x000000000000035c                stopBlink
 .text.toggleSelection
                0x0000000000000388       0x28 ./src/main.o
                0x0000000000000388                toggleSelection
 .text.ledMoveUp
                0x00000000000003b0       0x84 ./src/main.o
                0x00000000000003b0                ledMoveUp
 .text.ledMoveDown
                0x0000000000000434       0x84 ./src/main.o
                0x0000000000000434                ledMoveDown
 .text.ledMoveRight
                0x00000000000004b8       0x4c ./src/main.o
                0x00000000000004b8                ledMoveRight
 .text.ledMoveLeft
                0x0000000000000504       0x4c ./src/main.o
                0x0000000000000504                ledMoveLeft
 .text.selectIC
                0x0000000000000550       0xc4 ./src/main.o
                0x0000000000000550                selectIC
 .text.turnOffRgb
                0x0000000000000614       0x1c ./src/main.o
                0x0000000000000614                turnOffRgb
 .text.changeToRelay
                0x0000000000000630       0x34 ./src/main.o
                0x0000000000000630                changeToRelay
 .text.changeToRegular
                0x0000000000000664       0x34 ./src/main.o
                0x0000000000000664                changeToRegular
 .text.toggleMode
                0x0000000000000698       0x58 ./src/main.o
                0x0000000000000698                toggleMode
 .text.resetAcc
                0x00000000000006f0       0x80 ./src/main.o
                0x00000000000006f0                resetAcc
 .text.updateOledAcc
                0x0000000000000770       0xd4 ./src/main.o
                0x0000000000000770                updateOledAcc
 .text.updateOledLight
                0x0000000000000844       0xd4 ./src/main.o
                0x0000000000000844                updateOledLight
 .text.updateOledTemp
                0x0000000000000918       0xf4 ./src/main.o
                0x0000000000000918                updateOledTemp
 .text.updateOledCondition
                0x0000000000000a0c       0xf0 ./src/main.o
                0x0000000000000a0c                updateOledCondition
 .text.updateOledMode
                0x0000000000000afc       0xc8 ./src/main.o
                0x0000000000000afc                updateOledMode
 .text.updateOled
                0x0000000000000bc4      0x240 ./src/main.o
                0x0000000000000bc4                updateOled
 .text.turnOnReportIcon
                0x0000000000000e04       0x80 ./src/main.o
                0x0000000000000e04                turnOnReportIcon
 .text.turnOffReportIcon
                0x0000000000000e84       0x58 ./src/main.o
                0x0000000000000e84                turnOffReportIcon
 .text.turnOnAlarmIcon
                0x0000000000000edc       0x9c ./src/main.o
                0x0000000000000edc                turnOnAlarmIcon
 .text.turnOffAlarmIcon
                0x0000000000000f78       0x74 ./src/main.o
                0x0000000000000f78                turnOffAlarmIcon
 .text.turnOnRelayMsgIcon
                0x0000000000000fec       0xb8 ./src/main.o
                0x0000000000000fec                turnOnRelayMsgIcon
 .text.turnOffRelayMsgIcon
                0x00000000000010a4       0x58 ./src/main.o
                0x00000000000010a4                turnOffRelayMsgIcon
 .text.init_ssp
                0x00000000000010fc       0x98 ./src/main.o
 .text.init_i2c
                0x0000000000001194       0x5c ./src/main.o
 .text.init_SW4
                0x00000000000011f0       0x50 ./src/main.o
 .text.config_EINT0
                0x0000000000001240       0x10 ./src/main.o
                0x0000000000001240                config_EINT0
 .text.init_SW3
                0x0000000000001250       0x28 ./src/main.o
 .text.calculateAccVar
                0x0000000000001278      0x148 ./src/main.o
                0x0000000000001278                calculateAccVar
 .text.updateAcc
                0x00000000000013c0       0x98 ./src/main.o
                0x00000000000013c0                updateAcc
 .text.SysTick_Handler
                0x0000000000001458      0x22c ./src/main.o
                0x0000000000001458                SysTick_Handler
 .text.getTicks
                0x0000000000001684       0x18 ./src/main.o
                0x0000000000001684                getTicks
 .text.turnOnAlarm
                0x000000000000169c       0x18 ./src/main.o
                0x000000000000169c                turnOnAlarm
 .text.turnOffAlarm
                0x00000000000016b4       0x18 ./src/main.o
                0x00000000000016b4                turnOffAlarm
 .text.updateLed7Seg
                0x00000000000016cc       0x7c ./src/main.o
                0x00000000000016cc                updateLed7Seg
 .text.updateLight
                0x0000000000001748       0x38 ./src/main.o
                0x0000000000001748                updateLight
 .text.updateTemp
                0x0000000000001780       0x1c ./src/main.o
                0x0000000000001780                updateTemp
 .text.updateCondition
                0x000000000000179c       0x3c ./src/main.o
                0x000000000000179c                updateCondition
 .text.checkAndUpdateAll
                0x00000000000017d8      0x208 ./src/main.o
                0x00000000000017d8                checkAndUpdateAll
 .text.EINT0_IRQHandler
                0x00000000000019e0       0x2c ./src/main.o
                0x00000000000019e0                EINT0_IRQHandler
 .text.readFromBuffer
                0x0000000000001a0c       0xac ./src/main.o
                0x0000000000001a0c                readFromBuffer
 .text.UART3_IRQHandler
                0x0000000000001ab8       0x80 ./src/main.o
                0x0000000000001ab8                UART3_IRQHandler
 .text.pinsel_uart3
                0x0000000000001b38       0x38 ./src/main.o
                0x0000000000001b38                pinsel_uart3
 .text.init_uart
                0x0000000000001b70       0x98 ./src/main.o
                0x0000000000001b70                init_uart
 .text.initializeAll
                0x0000000000001c08      0x188 ./src/main.o
                0x0000000000001c08                initializeAll
 .text.testNum  0x0000000000001d90       0x2c ./src/main.o
                0x0000000000001d90                testNum
 .text.printMsg
                0x0000000000001dbc      0x324 ./src/main.o
                0x0000000000001dbc                printMsg
 .text.report   0x00000000000020e0       0x20 ./src/main.o
                0x00000000000020e0                report
 .text.checkAndReport
                0x0000000000002100       0x9c ./src/main.o
                0x0000000000002100                checkAndReport
 .text.main     0x000000000000219c       0x3c ./src/main.o
                0x000000000000219c                main
 .text.NMI_Handler
                0x00000000000021d8        0xc ./src/main.o
                0x00000000000021d8                NMI_Handler
 .text.MemManage_Handler
                0x00000000000021e4        0xc ./src/main.o
                0x00000000000021e4                MemManage_Handler
 .text.BusFault_Handler
                0x00000000000021f0        0xc ./src/main.o
                0x00000000000021f0                BusFault_Handler
 .text.UsageFault_Handler
                0x00000000000021fc        0xc ./src/main.o
                0x00000000000021fc                UsageFault_Handler
 .text.check_failed
                0x0000000000002208        0xc ./src/main.o
                0x0000000000002208                check_failed
 .text.SystemInit
                0x0000000000002214      0x22c /Users/Wenhao/Documents/LPCXpresso_6.1.4/workspace/Lib_CMSISv1p30_LPC17xx/Debug/libCMSISv1p30_LPC17xx.a(system_LPC17xx.o)
                0x0000000000002214                SystemInit
 .text.I2CRead  0x0000000000002440       0x5c /Users/Wenhao/Documents/LPCXpresso_6.1.4/workspace/Lib_EaBaseBoard/Debug/libLib_EaBaseBoard.a(acc.o)
 .text.I2CWrite
                0x000000000000249c       0x5c /Users/Wenhao/Documents/LPCXpresso_6.1.4/workspace/Lib_EaBaseBoard/Debug/libLib_EaBaseBoard.a(acc.o)
 .text.getStatus
                0x00000000000024f8       0x3c /Users/Wenhao/Documents/LPCXpresso_6.1.4/workspace/Lib_EaBaseBoard/Debug/libLib_EaBaseBoard.a(acc.o)
 .text.setModeControl
                0x0000000000002534       0x30 /Users/Wenhao/Documents/LPCXpresso_6.1.4/workspace/Lib_EaBaseBoard/Debug/libLib_EaBaseBoard.a(acc.o)
 .text.acc_init
                0x0000000000002564       0x10 /Users/Wenhao/Documents/LPCXpresso_6.1.4/workspace/Lib_EaBaseBoard/Debug/libLib_EaBaseBoard.a(acc.o)
                0x0000000000002564                acc_init
 .text.acc_read
                0x0000000000002574       0xbc /Users/Wenhao/Documents/LPCXpresso_6.1.4/workspace/Lib_EaBaseBoard/Debug/libLib_EaBaseBoard.a(acc.o)
                0x0000000000002574                acc_read
 .text.joystick_init
                0x0000000000002630       0x28 /Users/Wenhao/Documents/LPCXpresso_6.1.4/workspace/Lib_EaBaseBoard/Debug/libLib_EaBaseBoard.a(joystick.o)
                0x0000000000002630                joystick_init
 .text.joystick_read
                0x0000000000002658       0x98 /Users/Wenhao/Documents/LPCXpresso_6.1.4/workspace/Lib_EaBaseBoard/Debug/libLib_EaBaseBoard.a(joystick.o)
                0x0000000000002658                joystick_read
 .text.led7seg_init
                0x00000000000026f0       0x24 /Users/Wenhao/Documents/LPCXpresso_6.1.4/workspace/Lib_EaBaseBoard/Debug/libLib_EaBaseBoard.a(led7seg.o)
                0x00000000000026f0                led7seg_init
 .text.led7seg_setChar
                0x0000000000002714       0x88 /Users/Wenhao/Documents/LPCXpresso_6.1.4/workspace/Lib_EaBaseBoard/Debug/libLib_EaBaseBoard.a(led7seg.o)
                0x0000000000002714                led7seg_setChar
 .text.I2CRead  0x000000000000279c       0x5c /Users/Wenhao/Documents/LPCXpresso_6.1.4/workspace/Lib_EaBaseBoard/Debug/libLib_EaBaseBoard.a(light.o)
 .text.I2CWrite
                0x00000000000027f8       0x5c /Users/Wenhao/Documents/LPCXpresso_6.1.4/workspace/Lib_EaBaseBoard/Debug/libLib_EaBaseBoard.a(light.o)
 .text.readControlReg
                0x0000000000002854       0x3c /Users/Wenhao/Documents/LPCXpresso_6.1.4/workspace/Lib_EaBaseBoard/Debug/libLib_EaBaseBoard.a(light.o)
 .text.light_enable
                0x0000000000002890       0x48 /Users/Wenhao/Documents/LPCXpresso_6.1.4/workspace/Lib_EaBaseBoard/Debug/libLib_EaBaseBoard.a(light.o)
                0x0000000000002890                light_enable
 .text.light_read
                0x00000000000028d8       0x90 /Users/Wenhao/Documents/LPCXpresso_6.1.4/workspace/Lib_EaBaseBoard/Debug/libLib_EaBaseBoard.a(light.o)
                0x00000000000028d8                light_read
 .text.light_setRange
                0x0000000000002968       0xac /Users/Wenhao/Documents/LPCXpresso_6.1.4/workspace/Lib_EaBaseBoard/Debug/libLib_EaBaseBoard.a(light.o)
                0x0000000000002968                light_setRange
 .text.writeCommand
                0x0000000000002a14       0x60 /Users/Wenhao/Documents/LPCXpresso_6.1.4/workspace/Lib_EaBaseBoard/Debug/libLib_EaBaseBoard.a(oled.o)
 .text.writeData
                0x0000000000002a74       0x60 /Users/Wenhao/Documents/LPCXpresso_6.1.4/workspace/Lib_EaBaseBoard/Debug/libLib_EaBaseBoard.a(oled.o)
 .text.writeDataLen
                0x0000000000002ad4       0x8c /Users/Wenhao/Documents/LPCXpresso_6.1.4/workspace/Lib_EaBaseBoard/Debug/libLib_EaBaseBoard.a(oled.o)
 .text.runInitSequence
                0x0000000000002b60      0x118 /Users/Wenhao/Documents/LPCXpresso_6.1.4/workspace/Lib_EaBaseBoard/Debug/libLib_EaBaseBoard.a(oled.o)
 .text.hLine    0x0000000000002c78       0x4c /Users/Wenhao/Documents/LPCXpresso_6.1.4/workspace/Lib_EaBaseBoard/Debug/libLib_EaBaseBoard.a(oled.o)
 .text.vLine    0x0000000000002cc4       0x4c /Users/Wenhao/Documents/LPCXpresso_6.1.4/workspace/Lib_EaBaseBoard/Debug/libLib_EaBaseBoard.a(oled.o)
 .text.oled_init
                0x0000000000002d10       0x9c /Users/Wenhao/Documents/LPCXpresso_6.1.4/workspace/Lib_EaBaseBoard/Debug/libLib_EaBaseBoard.a(oled.o)
                0x0000000000002d10                oled_init
 .text.oled_putPixel
                0x0000000000002dac      0x188 /Users/Wenhao/Documents/LPCXpresso_6.1.4/workspace/Lib_EaBaseBoard/Debug/libLib_EaBaseBoard.a(oled.o)
                0x0000000000002dac                oled_putPixel
 .text.oled_line
                0x0000000000002f34      0x1d4 /Users/Wenhao/Documents/LPCXpresso_6.1.4/workspace/Lib_EaBaseBoard/Debug/libLib_EaBaseBoard.a(oled.o)
                0x0000000000002f34                oled_line
 .text.oled_circle
                0x0000000000003108      0x32c /Users/Wenhao/Documents/LPCXpresso_6.1.4/workspace/Lib_EaBaseBoard/Debug/libLib_EaBaseBoard.a(oled.o)
                0x0000000000003108                oled_circle
 .text.oled_rect
                0x0000000000003434       0x48 /Users/Wenhao/Documents/LPCXpresso_6.1.4/workspace/Lib_EaBaseBoard/Debug/libLib_EaBaseBoard.a(oled.o)
                0x0000000000003434                oled_rect
 .text.oled_fillRect
                0x000000000000347c       0x90 /Users/Wenhao/Documents/LPCXpresso_6.1.4/workspace/Lib_EaBaseBoard/Debug/libLib_EaBaseBoard.a(oled.o)
                0x000000000000347c                oled_fillRect
 .text.oled_clearScreen
                0x000000000000350c       0x74 /Users/Wenhao/Documents/LPCXpresso_6.1.4/workspace/Lib_EaBaseBoard/Debug/libLib_EaBaseBoard.a(oled.o)
                0x000000000000350c                oled_clearScreen
 .text.oled_putChar
                0x0000000000003580       0xf0 /Users/Wenhao/Documents/LPCXpresso_6.1.4/workspace/Lib_EaBaseBoard/Debug/libLib_EaBaseBoard.a(oled.o)
                0x0000000000003580                oled_putChar
 .text.oled_putString
                0x0000000000003670       0x54 /Users/Wenhao/Documents/LPCXpresso_6.1.4/workspace/Lib_EaBaseBoard/Debug/libLib_EaBaseBoard.a(oled.o)
                0x0000000000003670                oled_putString
 .text.I2CWrite
                0x00000000000036c4       0x5c /Users/Wenhao/Documents/LPCXpresso_6.1.4/workspace/Lib_EaBaseBoard/Debug/libLib_EaBaseBoard.a(pca9532.o)
 .text.setLsStates
                0x0000000000003720       0xc4 /Users/Wenhao/Documents/LPCXpresso_6.1.4/workspace/Lib_EaBaseBoard/Debug/libLib_EaBaseBoard.a(pca9532.o)
 .text.setLeds  0x00000000000037e4       0xa0 /Users/Wenhao/Documents/LPCXpresso_6.1.4/workspace/Lib_EaBaseBoard/Debug/libLib_EaBaseBoard.a(pca9532.o)
 .text.pca9532_init
                0x0000000000003884        0xc /Users/Wenhao/Documents/LPCXpresso_6.1.4/workspace/Lib_EaBaseBoard/Debug/libLib_EaBaseBoard.a(pca9532.o)
                0x0000000000003884                pca9532_init
 .text.pca9532_setLeds
                0x0000000000003890       0xa0 /Users/Wenhao/Documents/LPCXpresso_6.1.4/workspace/Lib_EaBaseBoard/Debug/libLib_EaBaseBoard.a(pca9532.o)
                0x0000000000003890                pca9532_setLeds
 .text.pca9532_setBlink0Period
                0x0000000000003930       0x30 /Users/Wenhao/Documents/LPCXpresso_6.1.4/workspace/Lib_EaBaseBoard/Debug/libLib_EaBaseBoard.a(pca9532.o)
                0x0000000000003930                pca9532_setBlink0Period
 .text.pca9532_setBlink0Duty
                0x0000000000003960       0x58 /Users/Wenhao/Documents/LPCXpresso_6.1.4/workspace/Lib_EaBaseBoard/Debug/libLib_EaBaseBoard.a(pca9532.o)
                0x0000000000003960                pca9532_setBlink0Duty
 .text.pca9532_setBlink0Leds
                0x00000000000039b8       0x30 /Users/Wenhao/Documents/LPCXpresso_6.1.4/workspace/Lib_EaBaseBoard/Debug/libLib_EaBaseBoard.a(pca9532.o)
                0x00000000000039b8                pca9532_setBlink0Leds
 .text.pca9532_setBlink1Leds
                0x00000000000039e8       0x30 /Users/Wenhao/Documents/LPCXpresso_6.1.4/workspace/Lib_EaBaseBoard/Debug/libLib_EaBaseBoard.a(pca9532.o)
                0x00000000000039e8                pca9532_setBlink1Leds
 .text.rgb_init
                0x0000000000003a18       0x38 /Users/Wenhao/Documents/LPCXpresso_6.1.4/workspace/Lib_EaBaseBoard/Debug/libLib_EaBaseBoard.a(rgb.o)
                0x0000000000003a18                rgb_init
 .text.rgb_setLeds
                0x0000000000003a50       0x38 /Users/Wenhao/Documents/LPCXpresso_6.1.4/workspace/Lib_EaBaseBoard/Debug/libLib_EaBaseBoard.a(rgb.o)
                0x0000000000003a50                rgb_setLeds
 .text.temp_init
                0x0000000000003a88       0x2c /Users/Wenhao/Documents/LPCXpresso_6.1.4/workspace/Lib_EaBaseBoard/Debug/libLib_EaBaseBoard.a(temp.o)
                0x0000000000003a88                temp_init
 .text.temp_read
                0x0000000000003ab4      0x10c /Users/Wenhao/Documents/LPCXpresso_6.1.4/workspace/Lib_EaBaseBoard/Debug/libLib_EaBaseBoard.a(temp.o)
                0x0000000000003ab4                temp_read
 .text.GPIO_GetPointer
                0x0000000000003bc0       0x7c /Users/Wenhao/Documents/LPCXpresso_6.1.4/workspace/Lib_MCU/Debug/libLib_MCU.a(lpc17xx_gpio.o)
 .text.GPIO_SetDir
                0x0000000000003c3c       0x54 /Users/Wenhao/Documents/LPCXpresso_6.1.4/workspace/Lib_MCU/Debug/libLib_MCU.a(lpc17xx_gpio.o)
                0x0000000000003c3c                GPIO_SetDir
 .text.GPIO_SetValue
                0x0000000000003c90       0x2c /Users/Wenhao/Documents/LPCXpresso_6.1.4/workspace/Lib_MCU/Debug/libLib_MCU.a(lpc17xx_gpio.o)
                0x0000000000003c90                GPIO_SetValue
 .text.GPIO_ClearValue
                0x0000000000003cbc       0x2c /Users/Wenhao/Documents/LPCXpresso_6.1.4/workspace/Lib_MCU/Debug/libLib_MCU.a(lpc17xx_gpio.o)
                0x0000000000003cbc                GPIO_ClearValue
 .text.GPIO_ReadValue
                0x0000000000003ce8       0x30 /Users/Wenhao/Documents/LPCXpresso_6.1.4/workspace/Lib_MCU/Debug/libLib_MCU.a(lpc17xx_gpio.o)
                0x0000000000003ce8                GPIO_ReadValue
 .text.NVIC_EnableIRQ
                0x0000000000003d18       0x38 /Users/Wenhao/Documents/LPCXpresso_6.1.4/workspace/Lib_MCU/Debug/libLib_MCU.a(lpc17xx_i2c.o)
 .text.NVIC_DisableIRQ
                0x0000000000003d50       0x3c /Users/Wenhao/Documents/LPCXpresso_6.1.4/workspace/Lib_MCU/Debug/libLib_MCU.a(lpc17xx_i2c.o)
 .text.I2C_getNum
                0x0000000000003d8c       0x54 /Users/Wenhao/Documents/LPCXpresso_6.1.4/workspace/Lib_MCU/Debug/libLib_MCU.a(lpc17xx_i2c.o)
 .text.I2C_Start
                0x0000000000003de0       0x44 /Users/Wenhao/Documents/LPCXpresso_6.1.4/workspace/Lib_MCU/Debug/libLib_MCU.a(lpc17xx_i2c.o)
 .text.I2C_Stop
                0x0000000000003e24       0x38 /Users/Wenhao/Documents/LPCXpresso_6.1.4/workspace/Lib_MCU/Debug/libLib_MCU.a(lpc17xx_i2c.o)
 .text.I2C_SendByte
                0x0000000000003e5c       0x50 /Users/Wenhao/Documents/LPCXpresso_6.1.4/workspace/Lib_MCU/Debug/libLib_MCU.a(lpc17xx_i2c.o)
 .text.I2C_GetByte
                0x0000000000003eac       0x5c /Users/Wenhao/Documents/LPCXpresso_6.1.4/workspace/Lib_MCU/Debug/libLib_MCU.a(lpc17xx_i2c.o)
 .text.I2C_IntCmd
                0x0000000000003f08       0xa8 /Users/Wenhao/Documents/LPCXpresso_6.1.4/workspace/Lib_MCU/Debug/libLib_MCU.a(lpc17xx_i2c.o)
                0x0000000000003f08                I2C_IntCmd
 .text.I2C_MasterHandler
                0x0000000000003fb0      0x408 /Users/Wenhao/Documents/LPCXpresso_6.1.4/workspace/Lib_MCU/Debug/libLib_MCU.a(lpc17xx_i2c.o)
                0x0000000000003fb0                I2C_MasterHandler
 .text.I2C_SetClock
                0x00000000000043b8       0xc8 /Users/Wenhao/Documents/LPCXpresso_6.1.4/workspace/Lib_MCU/Debug/libLib_MCU.a(lpc17xx_i2c.o)
                0x00000000000043b8                I2C_SetClock
 .text.I2C_Init
                0x0000000000004480       0xd8 /Users/Wenhao/Documents/LPCXpresso_6.1.4/workspace/Lib_MCU/Debug/libLib_MCU.a(lpc17xx_i2c.o)
                0x0000000000004480                I2C_Init
 .text.I2C_Cmd  0x0000000000004558       0x84 /Users/Wenhao/Documents/LPCXpresso_6.1.4/workspace/Lib_MCU/Debug/libLib_MCU.a(lpc17xx_i2c.o)
                0x0000000000004558                I2C_Cmd
 .text.I2C_MasterTransferData
                0x00000000000045dc      0x390 /Users/Wenhao/Documents/LPCXpresso_6.1.4/workspace/Lib_MCU/Debug/libLib_MCU.a(lpc17xx_i2c.o)
                0x00000000000045dc                I2C_MasterTransferData
 .text.PINSEL_SetPinFunc
                0x000000000000496c       0x9c /Users/Wenhao/Documents/LPCXpresso_6.1.4/workspace/Lib_MCU/Debug/libLib_MCU.a(lpc17xx_pinsel.o)
                0x000000000000496c                PINSEL_SetPinFunc
 .text.PINSEL_SetResistorMode
                0x0000000000004a08       0x9c /Users/Wenhao/Documents/LPCXpresso_6.1.4/workspace/Lib_MCU/Debug/libLib_MCU.a(lpc17xx_pinsel.o)
                0x0000000000004a08                PINSEL_SetResistorMode
 .text.PINSEL_SetOpenDrainMode
                0x0000000000004aa4       0x7c /Users/Wenhao/Documents/LPCXpresso_6.1.4/workspace/Lib_MCU/Debug/libLib_MCU.a(lpc17xx_pinsel.o)
                0x0000000000004aa4                PINSEL_SetOpenDrainMode
 .text.PINSEL_ConfigPin
                0x0000000000004b20       0x54 /Users/Wenhao/Documents/LPCXpresso_6.1.4/workspace/Lib_MCU/Debug/libLib_MCU.a(lpc17xx_pinsel.o)
                0x0000000000004b20                PINSEL_ConfigPin
 .text.SSP_getNum
                0x0000000000004b74       0x40 /Users/Wenhao/Documents/LPCXpresso_6.1.4/workspace/Lib_MCU/Debug/libLib_MCU.a(lpc17xx_ssp.o)
 .text.SSP_IntHandler
                0x0000000000004bb4      0x338 /Users/Wenhao/Documents/LPCXpresso_6.1.4/workspace/Lib_MCU/Debug/libLib_MCU.a(lpc17xx_ssp.o)
                0x0000000000004bb4                SSP_IntHandler
 .text.SSP_SetClock
                0x0000000000004eec       0xf8 /Users/Wenhao/Documents/LPCXpresso_6.1.4/workspace/Lib_MCU/Debug/libLib_MCU.a(lpc17xx_ssp.o)
                0x0000000000004eec                SSP_SetClock
 .text.SSP_Init
                0x0000000000004fe4      0x10c /Users/Wenhao/Documents/LPCXpresso_6.1.4/workspace/Lib_MCU/Debug/libLib_MCU.a(lpc17xx_ssp.o)
                0x0000000000004fe4                SSP_Init
 .text.SSP_ConfigStructInit
                0x00000000000050f0       0x48 /Users/Wenhao/Documents/LPCXpresso_6.1.4/workspace/Lib_MCU/Debug/libLib_MCU.a(lpc17xx_ssp.o)
                0x00000000000050f0                SSP_ConfigStructInit
 .text.SSP_Cmd  0x0000000000005138       0x7c /Users/Wenhao/Documents/LPCXpresso_6.1.4/workspace/Lib_MCU/Debug/libLib_MCU.a(lpc17xx_ssp.o)
                0x0000000000005138                SSP_Cmd
 .text.SSP_SendData
                0x00000000000051b4       0x48 /Users/Wenhao/Documents/LPCXpresso_6.1.4/workspace/Lib_MCU/Debug/libLib_MCU.a(lpc17xx_ssp.o)
                0x00000000000051b4                SSP_SendData
 .text.SSP_ReceiveData
                0x00000000000051fc       0x44 /Users/Wenhao/Documents/LPCXpresso_6.1.4/workspace/Lib_MCU/Debug/libLib_MCU.a(lpc17xx_ssp.o)
                0x00000000000051fc                SSP_ReceiveData
 .text.SSP_ReadWrite
                0x0000000000005240      0x440 /Users/Wenhao/Documents/LPCXpresso_6.1.4/workspace/Lib_MCU/Debug/libLib_MCU.a(lpc17xx_ssp.o)
                0x0000000000005240                SSP_ReadWrite
 .text.TIM_GetPClock
                0x0000000000005680       0x68 /Users/Wenhao/Documents/LPCXpresso_6.1.4/workspace/Lib_MCU/Debug/libLib_MCU.a(lpc17xx_timer.o)
                0x0000000000005680                TIM_GetPClock
 .text.TIM_ConverUSecToVal
                0x00000000000056e8       0x64 /Users/Wenhao/Documents/LPCXpresso_6.1.4/workspace/Lib_MCU/Debug/libLib_MCU.a(lpc17xx_timer.o)
                0x00000000000056e8                TIM_ConverUSecToVal
 .text.TIM_ConverPtrToTimeNum
                0x000000000000574c       0x6c /Users/Wenhao/Documents/LPCXpresso_6.1.4/workspace/Lib_MCU/Debug/libLib_MCU.a(lpc17xx_timer.o)
                0x000000000000574c                TIM_ConverPtrToTimeNum
 .text.TIM_GetIntStatus
                0x00000000000057b8       0xb4 /Users/Wenhao/Documents/LPCXpresso_6.1.4/workspace/Lib_MCU/Debug/libLib_MCU.a(lpc17xx_timer.o)
                0x00000000000057b8                TIM_GetIntStatus
 .text.TIM_ClearIntPending
                0x000000000000586c       0xa0 /Users/Wenhao/Documents/LPCXpresso_6.1.4/workspace/Lib_MCU/Debug/libLib_MCU.a(lpc17xx_timer.o)
                0x000000000000586c                TIM_ClearIntPending
 .text.TIM_Init
                0x000000000000590c      0x1bc /Users/Wenhao/Documents/LPCXpresso_6.1.4/workspace/Lib_MCU/Debug/libLib_MCU.a(lpc17xx_timer.o)
                0x000000000000590c                TIM_Init
 .text.TIM_Cmd  0x0000000000005ac8       0x78 /Users/Wenhao/Documents/LPCXpresso_6.1.4/workspace/Lib_MCU/Debug/libLib_MCU.a(lpc17xx_timer.o)
                0x0000000000005ac8                TIM_Cmd
 .text.TIM_ConfigMatch
                0x0000000000005b40      0x19c /Users/Wenhao/Documents/LPCXpresso_6.1.4/workspace/Lib_MCU/Debug/libLib_MCU.a(lpc17xx_timer.o)
                0x0000000000005b40                TIM_ConfigMatch
 .text.Timer0_Wait
                0x0000000000005cdc       0x8c /Users/Wenhao/Documents/LPCXpresso_6.1.4/workspace/Lib_MCU/Debug/libLib_MCU.a(lpc17xx_timer.o)
                0x0000000000005cdc                Timer0_Wait
 .text.uart_set_divisors
                0x0000000000005d68      0x26c /Users/Wenhao/Documents/LPCXpresso_6.1.4/workspace/Lib_MCU/Debug/libLib_MCU.a(lpc17xx_uart.o)
                0x0000000000005d68                uart_set_divisors
 .text.UART_Init
                0x0000000000005fd4      0x368 /Users/Wenhao/Documents/LPCXpresso_6.1.4/workspace/Lib_MCU/Debug/libLib_MCU.a(lpc17xx_uart.o)
                0x0000000000005fd4                UART_Init
 .text.UART_SendData
                0x000000000000633c       0x78 /Users/Wenhao/Documents/LPCXpresso_6.1.4/workspace/Lib_MCU/Debug/libLib_MCU.a(lpc17xx_uart.o)
                0x000000000000633c                UART_SendData
 .text.UART_IntConfig
                0x00000000000063b4      0x1c8 /Users/Wenhao/Documents/LPCXpresso_6.1.4/workspace/Lib_MCU/Debug/libLib_MCU.a(lpc17xx_uart.o)
                0x00000000000063b4                UART_IntConfig
 .text.UART_TxCmd
                0x000000000000657c       0xe8 /Users/Wenhao/Documents/LPCXpresso_6.1.4/workspace/Lib_MCU/Debug/libLib_MCU.a(lpc17xx_uart.o)
                0x000000000000657c                UART_TxCmd
 .text.UART_Send
                0x0000000000006664      0x10c /Users/Wenhao/Documents/LPCXpresso_6.1.4/workspace/Lib_MCU/Debug/libLib_MCU.a(lpc17xx_uart.o)
                0x0000000000006664                UART_Send
 .text.UART_SendString
                0x0000000000006770       0x2c /Users/Wenhao/Documents/LPCXpresso_6.1.4/workspace/Lib_MCU/Debug/libLib_MCU.a(lpc17xx_uart.o)
                0x0000000000006770                UART_SendString
 .text.CLKPWR_SetPCLKDiv
                0x000000000000679c       0xcc /Users/Wenhao/Documents/LPCXpresso_6.1.4/workspace/Lib_MCU/Debug/libLib_MCU.a(lpc17xx_clkpwr.o)
                0x000000000000679c                CLKPWR_SetPCLKDiv
 .text.CLKPWR_GetPCLKSEL
                0x0000000000006868       0x54 /Users/Wenhao/Documents/LPCXpresso_6.1.4/workspace/Lib_MCU/Debug/libLib_MCU.a(lpc17xx_clkpwr.o)
                0x0000000000006868                CLKPWR_GetPCLKSEL
 .text.CLKPWR_GetPCLK
                0x00000000000068bc       0x74 /Users/Wenhao/Documents/LPCXpresso_6.1.4/workspace/Lib_MCU/Debug/libLib_MCU.a(lpc17xx_clkpwr.o)
                0x00000000000068bc                CLKPWR_GetPCLK
 .text.CLKPWR_ConfigPPWR
                0x0000000000006930       0x78 /Users/Wenhao/Documents/LPCXpresso_6.1.4/workspace/Lib_MCU/Debug/libLib_MCU.a(lpc17xx_clkpwr.o)
                0x0000000000006930                CLKPWR_ConfigPPWR
 .text          0x00000000000069a8      0x370 /Applications/lpcxpresso_6.1.4_194/lpcxpresso/tools/bin/../lib/gcc/arm-none-eabi/4.6.2/armv7-m/libgcc.a(_arm_addsubdf3.o)
                0x00000000000069a8                __aeabi_drsub
                0x00000000000069b0                __subdf3
                0x00000000000069b0                __aeabi_dsub
                0x00000000000069b4                __aeabi_dadd
                0x00000000000069b4                __adddf3
                0x0000000000006c2c                __aeabi_ui2d
                0x0000000000006c2c                __floatunsidf
                0x0000000000006c4c                __floatsidf
                0x0000000000006c4c                __aeabi_i2d
                0x0000000000006c70                __extendsfdf2
                0x0000000000006c70                __aeabi_f2d
                0x0000000000006cac                __aeabi_ul2d
                0x0000000000006cac                __floatundidf
                0x0000000000006cbc                __aeabi_l2d
                0x0000000000006cbc                __floatdidf
 .text          0x0000000000006d18      0x424 /Applications/lpcxpresso_6.1.4_194/lpcxpresso/tools/bin/../lib/gcc/arm-none-eabi/4.6.2/armv7-m/libgcc.a(_arm_muldivdf3.o)
                0x0000000000006d18                __aeabi_dmul
                0x0000000000006d18                __muldf3
                0x0000000000006f6c                __aeabi_ddiv
                0x0000000000006f6c                __divdf3
 .text          0x000000000000713c       0xa0 /Applications/lpcxpresso_6.1.4_194/lpcxpresso/tools/bin/../lib/gcc/arm-none-eabi/4.6.2/armv7-m/libgcc.a(_arm_truncdfsf2.o)
                0x000000000000713c                __aeabi_d2f
                0x000000000000713c                __truncdfsf2
 .text          0x00000000000071dc       0xec /Applications/lpcxpresso_6.1.4_194/lpcxpresso/tools/bin/../lib/gcc/arm-none-eabi/4.6.2/armv7-m/libgcc.a(_arm_cmpsf2.o)
                0x00000000000071dc                __gesf2
                0x00000000000071dc                __gtsf2
                0x00000000000071e4                __ltsf2
                0x00000000000071e4                __lesf2
                0x00000000000071ec                __nesf2
                0x00000000000071ec                __eqsf2
                0x00000000000071ec                __cmpsf2
                0x000000000000724c                __aeabi_cfrcmple
                0x0000000000007254                __aeabi_cfcmpeq
                0x0000000000007254                __aeabi_cfcmple
                0x0000000000007264                __aeabi_fcmpeq
                0x0000000000007278                __aeabi_fcmplt
                0x000000000000728c                __aeabi_fcmple
                0x00000000000072a0                __aeabi_fcmpge
                0x00000000000072b4                __aeabi_fcmpgt
 .text          0x00000000000072c8       0x2c /Applications/lpcxpresso_6.1.4_194/lpcxpresso/tools/bin/../lib/gcc/arm-none-eabi/4.6.2/armv7-m/libgcc.a(_aeabi_uldivmod.o)
                0x00000000000072c8                __aeabi_uldivmod
 .text          0x00000000000072f4       0x5c /Applications/lpcxpresso_6.1.4_194/lpcxpresso/tools/bin/../lib/gcc/arm-none-eabi/4.6.2/armv7-m/libgcc.a(bpabi.o)
                0x00000000000072f4                __gnu_ldivmod_helper
                0x0000000000007324                __gnu_uldivmod_helper
 .text          0x0000000000007350        0x4 /Applications/lpcxpresso_6.1.4_194/lpcxpresso/tools/bin/../lib/gcc/arm-none-eabi/4.6.2/armv7-m/libgcc.a(_dvmd_tls.o)
                0x0000000000007350                __aeabi_ldiv0
                0x0000000000007350                __aeabi_idiv0
 .text          0x0000000000007354      0x2c8 /Applications/lpcxpresso_6.1.4_194/lpcxpresso/tools/bin/../lib/gcc/arm-none-eabi/4.6.2/armv7-m/libgcc.a(_divdi3.o)
                0x0000000000007354                __divdi3
 .text          0x000000000000761c      0x298 /Applications/lpcxpresso_6.1.4_194/lpcxpresso/tools/bin/../lib/gcc/arm-none-eabi/4.6.2/armv7-m/libgcc.a(_udivdi3.o)
                0x000000000000761c                __udivdi3
 .text.clock    0x00000000000078b4       0x28 /Applications/lpcxpresso_6.1.4_194/lpcxpresso/tools/bin/../lib/gcc/arm-none-eabi/4.6.2/../../../../arm-none-eabi/lib/armv7-m/libc.a(lib_a-clock.o)
                0x00000000000078b4                clock
 .text.memset   0x00000000000078dc       0x90 /Applications/lpcxpresso_6.1.4_194/lpcxpresso/tools/bin/../lib/gcc/arm-none-eabi/4.6.2/../../../../arm-none-eabi/lib/armv7-m/libc.a(lib_a-memset.o)
                0x00000000000078dc                memset
 .text.sprintf  0x000000000000796c       0x50 /Applications/lpcxpresso_6.1.4_194/lpcxpresso/tools/bin/../lib/gcc/arm-none-eabi/4.6.2/../../../../arm-none-eabi/lib/armv7-m/libc.a(lib_a-sprintf.o)
                0x000000000000796c                sprintf
 .text.strlen   0x00000000000079bc       0x60 /Applications/lpcxpresso_6.1.4_194/lpcxpresso/tools/bin/../lib/gcc/arm-none-eabi/4.6.2/../../../../arm-none-eabi/lib/armv7-m/libc.a(lib_a-strlen.o)
                0x00000000000079bc                strlen
 .text._svfprintf_r
                0x0000000000007a1c     0x1408 /Applications/lpcxpresso_6.1.4_194/lpcxpresso/tools/bin/../lib/gcc/arm-none-eabi/4.6.2/../../../../arm-none-eabi/lib/armv7-m/libc.a(lib_a-svfprintf.o)
                0x0000000000007a1c                _svfprintf_r
 .text._times_r
                0x0000000000008e24        0x8 /Applications/lpcxpresso_6.1.4_194/lpcxpresso/tools/bin/../lib/gcc/arm-none-eabi/4.6.2/../../../../arm-none-eabi/lib/armv7-m/libc.a(lib_a-timesr.o)
                0x0000000000008e24                _times_r
 .text.quorem   0x0000000000008e2c      0x150 /Applications/lpcxpresso_6.1.4_194/lpcxpresso/tools/bin/../lib/gcc/arm-none-eabi/4.6.2/../../../../arm-none-eabi/lib/armv7-m/libc.a(lib_a-dtoa.o)
 *fill*         0x0000000000008f7c        0x4 00
 .text._dtoa_r  0x0000000000008f80      0xe60 /Applications/lpcxpresso_6.1.4_194/lpcxpresso/tools/bin/../lib/gcc/arm-none-eabi/4.6.2/../../../../arm-none-eabi/lib/armv7-m/libc.a(lib_a-dtoa.o)
                0x0000000000008f80                _dtoa_r
 .text._localeconv_r
                0x0000000000009de0        0xc /Applications/lpcxpresso_6.1.4_194/lpcxpresso/tools/bin/../lib/gcc/arm-none-eabi/4.6.2/../../../../arm-none-eabi/lib/armv7-m/libc.a(lib_a-locale.o)
                0x0000000000009de0                _localeconv_r
 .text._malloc_r
                0x0000000000009dec      0x528 /Applications/lpcxpresso_6.1.4_194/lpcxpresso/tools/bin/../lib/gcc/arm-none-eabi/4.6.2/../../../../arm-none-eabi/lib/armv7-m/libc.a(lib_a-mallocr.o)
                0x0000000000009dec                _malloc_r
 .text.memchr   0x000000000000a314       0x84 /Applications/lpcxpresso_6.1.4_194/lpcxpresso/tools/bin/../lib/gcc/arm-none-eabi/4.6.2/../../../../arm-none-eabi/lib/armv7-m/libc.a(lib_a-memchr.o)
                0x000000000000a314                memchr
 .text.memcpy   0x000000000000a398       0x84 /Applications/lpcxpresso_6.1.4_194/lpcxpresso/tools/bin/../lib/gcc/arm-none-eabi/4.6.2/../../../../arm-none-eabi/lib/armv7-m/libc.a(lib_a-memcpy.o)
                0x000000000000a398                memcpy
 .text.__malloc_lock
                0x000000000000a41c        0x4 /Applications/lpcxpresso_6.1.4_194/lpcxpresso/tools/bin/../lib/gcc/arm-none-eabi/4.6.2/../../../../arm-none-eabi/lib/armv7-m/libc.a(lib_a-mlock.o)
                0x000000000000a41c                __malloc_lock
 .text.__malloc_unlock
                0x000000000000a420        0x4 /Applications/lpcxpresso_6.1.4_194/lpcxpresso/tools/bin/../lib/gcc/arm-none-eabi/4.6.2/../../../../arm-none-eabi/lib/armv7-m/libc.a(lib_a-mlock.o)
                0x000000000000a420                __malloc_unlock
 .text._Balloc  0x000000000000a424       0x4c /Applications/lpcxpresso_6.1.4_194/lpcxpresso/tools/bin/../lib/gcc/arm-none-eabi/4.6.2/../../../../arm-none-eabi/lib/armv7-m/libc.a(lib_a-mprec.o)
                0x000000000000a424                _Balloc
 .text._Bfree   0x000000000000a470       0x14 /Applications/lpcxpresso_6.1.4_194/lpcxpresso/tools/bin/../lib/gcc/arm-none-eabi/4.6.2/../../../../arm-none-eabi/lib/armv7-m/libc.a(lib_a-mprec.o)
                0x000000000000a470                _Bfree
 .text.__multadd
                0x000000000000a484       0x84 /Applications/lpcxpresso_6.1.4_194/lpcxpresso/tools/bin/../lib/gcc/arm-none-eabi/4.6.2/../../../../arm-none-eabi/lib/armv7-m/libc.a(lib_a-mprec.o)
                0x000000000000a484                __multadd
 .text.__hi0bits
                0x000000000000a508       0x3c /Applications/lpcxpresso_6.1.4_194/lpcxpresso/tools/bin/../lib/gcc/arm-none-eabi/4.6.2/../../../../arm-none-eabi/lib/armv7-m/libc.a(lib_a-mprec.o)
                0x000000000000a508                __hi0bits
 .text.__lo0bits
                0x000000000000a544       0x5c /Applications/lpcxpresso_6.1.4_194/lpcxpresso/tools/bin/../lib/gcc/arm-none-eabi/4.6.2/../../../../arm-none-eabi/lib/armv7-m/libc.a(lib_a-mprec.o)
                0x000000000000a544                __lo0bits
 .text.__i2b    0x000000000000a5a0       0x14 /Applications/lpcxpresso_6.1.4_194/lpcxpresso/tools/bin/../lib/gcc/arm-none-eabi/4.6.2/../../../../arm-none-eabi/lib/armv7-m/libc.a(lib_a-mprec.o)
                0x000000000000a5a0                __i2b
 .text.__multiply
                0x000000000000a5b4      0x144 /Applications/lpcxpresso_6.1.4_194/lpcxpresso/tools/bin/../lib/gcc/arm-none-eabi/4.6.2/../../../../arm-none-eabi/lib/armv7-m/libc.a(lib_a-mprec.o)
                0x000000000000a5b4                __multiply
 .text.__pow5mult
                0x000000000000a6f8       0x98 /Applications/lpcxpresso_6.1.4_194/lpcxpresso/tools/bin/../lib/gcc/arm-none-eabi/4.6.2/../../../../arm-none-eabi/lib/armv7-m/libc.a(lib_a-mprec.o)
                0x000000000000a6f8                __pow5mult
 .text.__lshift
                0x000000000000a790       0xc0 /Applications/lpcxpresso_6.1.4_194/lpcxpresso/tools/bin/../lib/gcc/arm-none-eabi/4.6.2/../../../../arm-none-eabi/lib/armv7-m/libc.a(lib_a-mprec.o)
                0x000000000000a790                __lshift
 .text.__mcmp   0x000000000000a850       0x3c /Applications/lpcxpresso_6.1.4_194/lpcxpresso/tools/bin/../lib/gcc/arm-none-eabi/4.6.2/../../../../arm-none-eabi/lib/armv7-m/libc.a(lib_a-mprec.o)
                0x000000000000a850                __mcmp
 .text.__mdiff  0x000000000000a88c       0xd8 /Applications/lpcxpresso_6.1.4_194/lpcxpresso/tools/bin/../lib/gcc/arm-none-eabi/4.6.2/../../../../arm-none-eabi/lib/armv7-m/libc.a(lib_a-mprec.o)
                0x000000000000a88c                __mdiff
 .text.__d2b    0x000000000000a964       0xcc /Applications/lpcxpresso_6.1.4_194/lpcxpresso/tools/bin/../lib/gcc/arm-none-eabi/4.6.2/../../../../arm-none-eabi/lib/armv7-m/libc.a(lib_a-mprec.o)
                0x000000000000a964                __d2b
 .text.__fpclassifyd
                0x000000000000aa30       0x68 /Applications/lpcxpresso_6.1.4_194/lpcxpresso/tools/bin/../lib/gcc/arm-none-eabi/4.6.2/../../../../arm-none-eabi/lib/armv7-m/libc.a(lib_a-s_fpclassify.o)
                0x000000000000aa30                __fpclassifyd
 .text._sbrk_r  0x000000000000aa98       0x24 /Applications/lpcxpresso_6.1.4_194/lpcxpresso/tools/bin/../lib/gcc/arm-none-eabi/4.6.2/../../../../arm-none-eabi/lib/armv7-m/libc.a(lib_a-sbrkr.o)
                0x000000000000aa98                _sbrk_r
 .text.__ssprint_r
                0x000000000000aabc       0xf8 /Applications/lpcxpresso_6.1.4_194/lpcxpresso/tools/bin/../lib/gcc/arm-none-eabi/4.6.2/../../../../arm-none-eabi/lib/armv7-m/libc.a(lib_a-svfiprintf.o)
                0x000000000000aabc                __ssprint_r
 .text._calloc_r
                0x000000000000abb4       0x60 /Applications/lpcxpresso_6.1.4_194/lpcxpresso/tools/bin/../lib/gcc/arm-none-eabi/4.6.2/../../../../arm-none-eabi/lib/armv7-m/libc.a(lib_a-callocr.o)
                0x000000000000abb4                _calloc_r
 .text._malloc_trim_r
                0x000000000000ac14       0xa0 /Applications/lpcxpresso_6.1.4_194/lpcxpresso/tools/bin/../lib/gcc/arm-none-eabi/4.6.2/../../../../arm-none-eabi/lib/armv7-m/libc.a(lib_a-freer.o)
                0x000000000000ac14                _malloc_trim_r
 .text._free_r  0x000000000000acb4      0x190 /Applications/lpcxpresso_6.1.4_194/lpcxpresso/tools/bin/../lib/gcc/arm-none-eabi/4.6.2/../../../../arm-none-eabi/lib/armv7-m/libc.a(lib_a-freer.o)
                0x000000000000acb4                _free_r
 .text.memmove  0x000000000000ae44       0xb0 /Applications/lpcxpresso_6.1.4_194/lpcxpresso/tools/bin/../lib/gcc/arm-none-eabi/4.6.2/../../../../arm-none-eabi/lib/armv7-m/libc.a(lib_a-memmove.o)
                0x000000000000ae44                memmove
 .text._realloc_r
                0x000000000000aef4      0x3f4 /Applications/lpcxpresso_6.1.4_194/lpcxpresso/tools/bin/../lib/gcc/arm-none-eabi/4.6.2/../../../../arm-none-eabi/lib/armv7-m/libc.a(lib_a-reallocr.o)
                0x000000000000aef4                _realloc_r
 .text._sbrk    0x000000000000b2e8       0x3c /Applications/lpcxpresso_6.1.4_194/lpcxpresso/tools/bin/../lib/gcc/arm-none-eabi/4.6.2/../../../../arm-none-eabi/lib/armv7-m/libcr_newlib_semihost.a(_cr_sbrk.o)
                0x000000000000b2e8                _sbrk
 .text.do_AngelSWI
                0x000000000000b324       0x12 /Applications/lpcxpresso_6.1.4_194/lpcxpresso/tools/bin/../lib/gcc/arm-none-eabi/4.6.2/../../../../arm-none-eabi/lib/armv7-m/libcr_newlib_semihost.a(syscalls.o)
 .text._clock   0x000000000000b336        0x8 /Applications/lpcxpresso_6.1.4_194/lpcxpresso/tools/bin/../lib/gcc/arm-none-eabi/4.6.2/../../../../arm-none-eabi/lib/armv7-m/libcr_newlib_semihost.a(syscalls.o)
                0x000000000000b336                _clock
 .text._times   0x000000000000b33e       0x16 /Applications/lpcxpresso_6.1.4_194/lpcxpresso/tools/bin/../lib/gcc/arm-none-eabi/4.6.2/../../../../arm-none-eabi/lib/armv7-m/libcr_newlib_semihost.a(syscalls.o)
                0x000000000000b33e                _times
 .text.__check_heap_overflow
                0x000000000000b354       0x2c /Applications/lpcxpresso_6.1.4_194/lpcxpresso/tools/bin/../lib/gcc/arm-none-eabi/4.6.2/../../../../arm-none-eabi/lib/armv7-m/libcr_newlib_semihost.a(_cr_check_heap.o)
                0x000000000000b354                __check_heap_overflow
 .text          0x000000000000b380      0x110 /Applications/lpcxpresso_6.1.4_194/lpcxpresso/tools/bin/../lib/gcc/arm-none-eabi/4.6.2/armv7-m/libgcc.a(_arm_cmpdf2.o)
                0x000000000000b380                __gtdf2
                0x000000000000b380                __gedf2
                0x000000000000b388                __ltdf2
                0x000000000000b388                __ledf2
                0x000000000000b390                __eqdf2
                0x000000000000b390                __nedf2
                0x000000000000b390                __cmpdf2
                0x000000000000b40c                __aeabi_cdrcmple
                0x000000000000b41c                __aeabi_cdcmple
                0x000000000000b41c                __aeabi_cdcmpeq
                0x000000000000b42c                __aeabi_dcmpeq
                0x000000000000b440                __aeabi_dcmplt
                0x000000000000b454                __aeabi_dcmple
                0x000000000000b468                __aeabi_dcmpge
                0x000000000000b47c                __aeabi_dcmpgt
 .text          0x000000000000b490       0x50 /Applications/lpcxpresso_6.1.4_194/lpcxpresso/tools/bin/../lib/gcc/arm-none-eabi/4.6.2/armv7-m/libgcc.a(_arm_fixdfsi.o)
                0x000000000000b490                __fixdfsi
                0x000000000000b490                __aeabi_d2iz
 .text.__errno  0x000000000000b4e0        0xc /Applications/lpcxpresso_6.1.4_194/lpcxpresso/tools/bin/../lib/gcc/arm-none-eabi/4.6.2/../../../../arm-none-eabi/lib/armv7-m/libc.a(lib_a-errno.o)
                0x000000000000b4e0                __errno
 *(.rodata .rodata.* .constdata .constdata.*)
 .rodata        0x000000000000b4ec       0x9c ./src/main.o
 .rodata        0x000000000000b588        0x8 /Users/Wenhao/Documents/LPCXpresso_6.1.4/workspace/Lib_EaBaseBoard/Debug/libLib_EaBaseBoard.a(oled.o)
 .rodata        0x000000000000b590      0x300 /Users/Wenhao/Documents/LPCXpresso_6.1.4/workspace/Lib_EaBaseBoard/Debug/libLib_EaBaseBoard.a(font5x7.o)
                0x000000000000b590                font5x7
 .rodata        0x000000000000b890       0x18 /Users/Wenhao/Documents/LPCXpresso_6.1.4/workspace/Lib_MCU/Debug/libLib_MCU.a(lpc17xx_i2c.o)
 .rodata        0x000000000000b8a8       0x18 /Users/Wenhao/Documents/LPCXpresso_6.1.4/workspace/Lib_MCU/Debug/libLib_MCU.a(lpc17xx_ssp.o)
 .rodata        0x000000000000b8c0       0x18 /Users/Wenhao/Documents/LPCXpresso_6.1.4/workspace/Lib_MCU/Debug/libLib_MCU.a(lpc17xx_timer.o)
 .rodata        0x000000000000b8d8       0x18 /Users/Wenhao/Documents/LPCXpresso_6.1.4/workspace/Lib_MCU/Debug/libLib_MCU.a(lpc17xx_uart.o)
 .rodata.str1.4
                0x000000000000b8f0        0x2 /Applications/lpcxpresso_6.1.4_194/lpcxpresso/tools/bin/../lib/gcc/arm-none-eabi/4.6.2/../../../../arm-none-eabi/lib/armv7-m/libc.a(lib_a-impure.o)
                                          0x4 (size before relaxing)
 *fill*         0x000000000000b8f2        0x2 00
 .rodata.zeroes.6590
                0x000000000000b8f4       0x10 /Applications/lpcxpresso_6.1.4_194/lpcxpresso/tools/bin/../lib/gcc/arm-none-eabi/4.6.2/../../../../arm-none-eabi/lib/armv7-m/libc.a(lib_a-svfprintf.o)
 .rodata.str1.4
                0x000000000000b904       0x42 /Applications/lpcxpresso_6.1.4_194/lpcxpresso/tools/bin/../lib/gcc/arm-none-eabi/4.6.2/../../../../arm-none-eabi/lib/armv7-m/libc.a(lib_a-svfprintf.o)
                                         0x44 (size before relaxing)
 *fill*         0x000000000000b946        0x2 00
 .rodata.blanks.6589
                0x000000000000b948       0x10 /Applications/lpcxpresso_6.1.4_194/lpcxpresso/tools/bin/../lib/gcc/arm-none-eabi/4.6.2/../../../../arm-none-eabi/lib/armv7-m/libc.a(lib_a-svfprintf.o)
 .rodata.str1.4
                0x000000000000b958       0x10 /Applications/lpcxpresso_6.1.4_194/lpcxpresso/tools/bin/../lib/gcc/arm-none-eabi/4.6.2/../../../../arm-none-eabi/lib/armv7-m/libc.a(lib_a-dtoa.o)
                                         0x14 (size before relaxing)
 .rodata.str1.4
                0x000000000000b968        0xc /Applications/lpcxpresso_6.1.4_194/lpcxpresso/tools/bin/../lib/gcc/arm-none-eabi/4.6.2/../../../../arm-none-eabi/lib/armv7-m/libc.a(lib_a-locale.o)
                                         0x14 (size before relaxing)
 *fill*         0x000000000000b974        0x4 00
 .rodata.__mprec_tens
                0x000000000000b978       0xc8 /Applications/lpcxpresso_6.1.4_194/lpcxpresso/tools/bin/../lib/gcc/arm-none-eabi/4.6.2/../../../../arm-none-eabi/lib/armv7-m/libc.a(lib_a-mprec.o)
                0x000000000000b978                __mprec_tens
 .rodata.__mprec_bigtens
                0x000000000000ba40       0x28 /Applications/lpcxpresso_6.1.4_194/lpcxpresso/tools/bin/../lib/gcc/arm-none-eabi/4.6.2/../../../../arm-none-eabi/lib/armv7-m/libc.a(lib_a-mprec.o)
                0x000000000000ba40                __mprec_bigtens
 .rodata.p05.5111
                0x000000000000ba68        0xc /Applications/lpcxpresso_6.1.4_194/lpcxpresso/tools/bin/../lib/gcc/arm-none-eabi/4.6.2/../../../../arm-none-eabi/lib/armv7-m/libc.a(lib_a-mprec.o)
                0x000000000000ba74                . = ALIGN (0x4)

.glue_7         0x000000000000ba74        0x0
 .glue_7        0x0000000000000000        0x0 linker stubs

.glue_7t        0x000000000000ba74        0x0
 .glue_7t       0x0000000000000000        0x0 linker stubs

.vfp11_veneer   0x000000000000ba74        0x0
 .vfp11_veneer  0x0000000000000000        0x0 linker stubs

.v4_bx          0x000000000000ba74        0x0
 .v4_bx         0x0000000000000000        0x0 linker stubs

.ARM.extab
 *(.ARM.extab* .gnu.linkonce.armextab.*)
                0x000000000000ba74                __exidx_start = .

.ARM.exidx      0x000000000000ba74        0x8
 *(.ARM.exidx* .gnu.linkonce.armexidx.*)
 .ARM.exidx     0x000000000000ba74        0x8 /Applications/lpcxpresso_6.1.4_194/lpcxpresso/tools/bin/../lib/gcc/arm-none-eabi/4.6.2/armv7-m/libgcc.a(_divdi3.o)
 .ARM.exidx     0x000000000000ba7c        0x0 /Applications/lpcxpresso_6.1.4_194/lpcxpresso/tools/bin/../lib/gcc/arm-none-eabi/4.6.2/armv7-m/libgcc.a(_udivdi3.o)
                                          0x8 (size before relaxing)
                0x000000000000ba7c                __exidx_end = .
                0x000000000000ba7c                _etext = .

.data_RAM2      0x000000002007c000        0x0 load address 0x000000000000ba7c
 FILL mask 0xff
 *(.data.$RAM2*)
 *(.data.$RamAHB32*)
                0x000000002007c000                . = ALIGN (0x4)

.uninit_RESERVED
                0x0000000010000000        0x0
 *(.bss.$RESERVED*)
                0x0000000010000000                . = ALIGN (0x4)
                0x0000000010000000                _end_uninit_RESERVED = .

.data           0x0000000010000000      0x9bc load address 0x000000000000ba7c
 FILL mask 0xff
                0x0000000010000000                _data = .
 *(vtable)
 *(.data*)
 .data          0x0000000010000000       0xe8 ./src/main.o
                0x0000000010000000                condition
                0x0000000010000001                lastCondition
                0x00000000100000cc                alarmMsg
                0x00000000100000e5                FT_COLOR
 .data          0x00000000100000e8        0x4 /Users/Wenhao/Documents/LPCXpresso_6.1.4/workspace/Lib_CMSISv1p30_LPC17xx/Debug/libCMSISv1p30_LPC17xx.a(system_LPC17xx.o)
                0x00000000100000e8                SystemCoreClock
 .data          0x00000000100000ec       0x50 /Users/Wenhao/Documents/LPCXpresso_6.1.4/workspace/Lib_EaBaseBoard/Debug/libLib_EaBaseBoard.a(led7seg.o)
 .data          0x000000001000013c        0x8 /Users/Wenhao/Documents/LPCXpresso_6.1.4/workspace/Lib_EaBaseBoard/Debug/libLib_EaBaseBoard.a(light.o)
 *fill*         0x0000000010000144        0x4 00
 .data.impure_data
                0x0000000010000148      0x428 /Applications/lpcxpresso_6.1.4_194/lpcxpresso/tools/bin/../lib/gcc/arm-none-eabi/4.6.2/../../../../arm-none-eabi/lib/armv7-m/libc.a(lib_a-impure.o)
 .data._impure_ptr
                0x0000000010000570        0x4 /Applications/lpcxpresso_6.1.4_194/lpcxpresso/tools/bin/../lib/gcc/arm-none-eabi/4.6.2/../../../../arm-none-eabi/lib/armv7-m/libc.a(lib_a-impure.o)
                0x0000000010000570                _impure_ptr
 .data.lconv    0x0000000010000574       0x38 /Applications/lpcxpresso_6.1.4_194/lpcxpresso/tools/bin/../lib/gcc/arm-none-eabi/4.6.2/../../../../arm-none-eabi/lib/armv7-m/libc.a(lib_a-locale.o)
 .data.__malloc_av_
                0x00000000100005ac      0x408 /Applications/lpcxpresso_6.1.4_194/lpcxpresso/tools/bin/../lib/gcc/arm-none-eabi/4.6.2/../../../../arm-none-eabi/lib/armv7-m/libc.a(lib_a-mallocr.o)
                0x00000000100005ac                __malloc_av_
 .data.__malloc_trim_threshold
                0x00000000100009b4        0x4 /Applications/lpcxpresso_6.1.4_194/lpcxpresso/tools/bin/../lib/gcc/arm-none-eabi/4.6.2/../../../../arm-none-eabi/lib/armv7-m/libc.a(lib_a-mallocr.o)
                0x00000000100009b4                __malloc_trim_threshold
 .data.__malloc_sbrk_base
                0x00000000100009b8        0x4 /Applications/lpcxpresso_6.1.4_194/lpcxpresso/tools/bin/../lib/gcc/arm-none-eabi/4.6.2/../../../../arm-none-eabi/lib/armv7-m/libc.a(lib_a-mallocr.o)
                0x00000000100009b8                __malloc_sbrk_base
                0x00000000100009bc                . = ALIGN (0x4)
                0x00000000100009bc                _edata = .

.bss_RAM2       0x000000002007c000        0x0
 *(.bss.$RAM2*)
 *(.bss.$RamAHB32*)
                0x000000002007c000                . = ALIGN (0x4)

.bss            0x00000000100009bc      0x620
                0x00000000100009bc                _bss = .
 *(.bss*)
 .bss           0x00000000100009bc       0x9c ./src/main.o
                0x00000000100009bc                isRecMsgReadyToPrint
                0x00000000100009c0                bufferPtr
                0x00000000100009c4                mode
                0x00000000100009d0                count1000
                0x00000000100009d4                count2000
                0x00000000100009d8                count3000
                0x00000000100009dc                count100
                0x00000000100009e0                count50
                0x00000000100009e4                count5000
                0x00000000100009e8                segDisplayNumber
                0x00000000100009ec                xoff
                0x00000000100009f0                yoff
                0x00000000100009f4                zoff
                0x00000000100009f8                x
                0x00000000100009f9                y
                0x00000000100009fa                z
                0x00000000100009fc                isRgbOn
                0x0000000010000a00                isAlarmOn
                0x0000000010000a04                isDisableChangeMade
                0x0000000010000a08                isEnableChangeMade
                0x0000000010000a0c                lastTemp
                0x0000000010000a10                lastLight
                0x0000000010000a14                lastVariance
                0x0000000010000a18                lastLastTemp
                0x0000000010000a1c                lastLastLight
                0x0000000010000a20                lastLastVariance
                0x0000000010000a24                queuePosition
                0x0000000010000a28                data
                0x0000000010000a2c                len
                0x0000000010000a30                toggleHighLow
                0x0000000010000a34                BG_COLOR
                0x0000000010000a38                isReportIconOn
                0x0000000010000a3c                isAlarmIconOn
                0x0000000010000a40                isRelayMsgIconOn
                0x0000000010000a44                i2cLock
                0x0000000010000a48                spiLock
                0x0000000010000a4c                isSelectionOn
                0x0000000010000a50                selectedLed
                0x0000000010000a54                lastPressed
 .bss           0x0000000010000a58      0x300 /Users/Wenhao/Documents/LPCXpresso_6.1.4/workspace/Lib_EaBaseBoard/Debug/libLib_EaBaseBoard.a(oled.o)
 .bss           0x0000000010000d58        0x6 /Users/Wenhao/Documents/LPCXpresso_6.1.4/workspace/Lib_EaBaseBoard/Debug/libLib_EaBaseBoard.a(pca9532.o)
 *fill*         0x0000000010000d5e        0x2 00
 .bss           0x0000000010000d60        0x4 /Users/Wenhao/Documents/LPCXpresso_6.1.4/workspace/Lib_EaBaseBoard/Debug/libLib_EaBaseBoard.a(temp.o)
 .bss           0x0000000010000d64       0x24 /Users/Wenhao/Documents/LPCXpresso_6.1.4/workspace/Lib_MCU/Debug/libLib_MCU.a(lpc17xx_i2c.o)
 .bss           0x0000000010000d88       0x18 /Users/Wenhao/Documents/LPCXpresso_6.1.4/workspace/Lib_MCU/Debug/libLib_MCU.a(lpc17xx_ssp.o)
 .bss.__malloc_max_total_mem
                0x0000000010000da0        0x4 /Applications/lpcxpresso_6.1.4_194/lpcxpresso/tools/bin/../lib/gcc/arm-none-eabi/4.6.2/../../../../arm-none-eabi/lib/armv7-m/libc.a(lib_a-mallocr.o)
                0x0000000010000da0                __malloc_max_total_mem
 .bss.__malloc_max_sbrked_mem
                0x0000000010000da4        0x4 /Applications/lpcxpresso_6.1.4_194/lpcxpresso/tools/bin/../lib/gcc/arm-none-eabi/4.6.2/../../../../arm-none-eabi/lib/armv7-m/libc.a(lib_a-mallocr.o)
                0x0000000010000da4                __malloc_max_sbrked_mem
 .bss.__malloc_top_pad
                0x0000000010000da8        0x4 /Applications/lpcxpresso_6.1.4_194/lpcxpresso/tools/bin/../lib/gcc/arm-none-eabi/4.6.2/../../../../arm-none-eabi/lib/armv7-m/libc.a(lib_a-mallocr.o)
                0x0000000010000da8                __malloc_top_pad
 .bss.__malloc_current_mallinfo
                0x0000000010000dac       0x28 /Applications/lpcxpresso_6.1.4_194/lpcxpresso/tools/bin/../lib/gcc/arm-none-eabi/4.6.2/../../../../arm-none-eabi/lib/armv7-m/libc.a(lib_a-mallocr.o)
                0x0000000010000dac                __malloc_current_mallinfo
 *(COMMON)
 COMMON         0x0000000010000dd4      0x200 ./src/main.o
                0x0000000010000dd4                relayMsg
                0x0000000010000e38                queue
                0x0000000010000e60                line
                0x0000000010000ea0                buffer
                0x0000000010000f68                lastTime
                0x0000000010000f6c                myMsg
                0x0000000010000fd0                thisTime
 COMMON         0x0000000010000fd4        0x4 /Applications/lpcxpresso_6.1.4_194/lpcxpresso/tools/bin/../lib/gcc/arm-none-eabi/4.6.2/../../../../arm-none-eabi/lib/armv7-m/libc.a(lib_a-reent.o)
                0x0000000010000fd4                errno
 COMMON         0x0000000010000fd8        0x4 /Applications/lpcxpresso_6.1.4_194/lpcxpresso/tools/bin/../lib/gcc/arm-none-eabi/4.6.2/../../../../arm-none-eabi/lib/armv7-m/libcr_newlib_semihost.a(_cr_sbrk.o)
                0x0000000010000fd8                __end_of_heap
                0x0000000010000fdc                . = ALIGN (0x4)
                0x0000000010000fdc                _ebss = .
                0x0000000010000fdc                PROVIDE (end, .)

.noinit_RAM2    0x000000002007c000        0x0
 *(.noinit.$RAM2*)
 *(.noinit.$RamAHB32*)
                0x000000002007c000                . = ALIGN (0x4)

.noinit         0x0000000010000fdc        0x0
                0x0000000010000fdc                _noinit = .
 *(.noinit*)
                0x0000000010000fdc                . = ALIGN (0x4)
                0x0000000010000fdc                _end_noinit = .
                0x0000000010000fdc                PROVIDE (_pvHeapStart, .)
                0x0000000010008000                PROVIDE (_vStackTop, (__top_RamLoc32 - 0x0))
OUTPUT(ee2024project2.axf elf32-littlearm)

.debug_info     0x0000000000000000     0x9b04
 .debug_info    0x0000000000000000      0x209 ./src/cr_startup_lpc17.o
 .debug_info    0x0000000000000209     0x1bfc ./src/main.o
 .debug_info    0x0000000000001e05      0x357 /Users/Wenhao/Documents/LPCXpresso_6.1.4/workspace/Lib_CMSISv1p30_LPC17xx/Debug/libCMSISv1p30_LPC17xx.a(system_LPC17xx.o)
 .debug_info    0x000000000000215c      0x53d /Users/Wenhao/Documents/LPCXpresso_6.1.4/workspace/Lib_EaBaseBoard/Debug/libLib_EaBaseBoard.a(acc.o)
 .debug_info    0x0000000000002699      0x10f /Users/Wenhao/Documents/LPCXpresso_6.1.4/workspace/Lib_EaBaseBoard/Debug/libLib_EaBaseBoard.a(joystick.o)
 .debug_info    0x00000000000027a8      0x282 /Users/Wenhao/Documents/LPCXpresso_6.1.4/workspace/Lib_EaBaseBoard/Debug/libLib_EaBaseBoard.a(led7seg.o)
 .debug_info    0x0000000000002a2a      0x763 /Users/Wenhao/Documents/LPCXpresso_6.1.4/workspace/Lib_EaBaseBoard/Debug/libLib_EaBaseBoard.a(light.o)
 .debug_info    0x000000000000318d      0x97d /Users/Wenhao/Documents/LPCXpresso_6.1.4/workspace/Lib_EaBaseBoard/Debug/libLib_EaBaseBoard.a(oled.o)
 .debug_info    0x0000000000003b0a      0x642 /Users/Wenhao/Documents/LPCXpresso_6.1.4/workspace/Lib_EaBaseBoard/Debug/libLib_EaBaseBoard.a(pca9532.o)
 .debug_info    0x000000000000414c       0xe4 /Users/Wenhao/Documents/LPCXpresso_6.1.4/workspace/Lib_EaBaseBoard/Debug/libLib_EaBaseBoard.a(rgb.o)
 .debug_info    0x0000000000004230      0x154 /Users/Wenhao/Documents/LPCXpresso_6.1.4/workspace/Lib_EaBaseBoard/Debug/libLib_EaBaseBoard.a(temp.o)
 .debug_info    0x0000000000004384       0x65 /Users/Wenhao/Documents/LPCXpresso_6.1.4/workspace/Lib_EaBaseBoard/Debug/libLib_EaBaseBoard.a(font5x7.o)
 .debug_info    0x00000000000043e9      0xb95 /Users/Wenhao/Documents/LPCXpresso_6.1.4/workspace/Lib_MCU/Debug/libLib_MCU.a(lpc17xx_gpio.o)
 .debug_info    0x0000000000004f7e      0xcc3 /Users/Wenhao/Documents/LPCXpresso_6.1.4/workspace/Lib_MCU/Debug/libLib_MCU.a(lpc17xx_i2c.o)
 .debug_info    0x0000000000005c41      0x4b1 /Users/Wenhao/Documents/LPCXpresso_6.1.4/workspace/Lib_MCU/Debug/libLib_MCU.a(lpc17xx_pinsel.o)
 .debug_info    0x00000000000060f2      0x867 /Users/Wenhao/Documents/LPCXpresso_6.1.4/workspace/Lib_MCU/Debug/libLib_MCU.a(lpc17xx_ssp.o)
 .debug_info    0x0000000000006959      0x8e4 /Users/Wenhao/Documents/LPCXpresso_6.1.4/workspace/Lib_MCU/Debug/libLib_MCU.a(lpc17xx_timer.o)
 .debug_info    0x000000000000723d     0x14df /Users/Wenhao/Documents/LPCXpresso_6.1.4/workspace/Lib_MCU/Debug/libLib_MCU.a(lpc17xx_uart.o)
 .debug_info    0x000000000000871c      0x641 /Users/Wenhao/Documents/LPCXpresso_6.1.4/workspace/Lib_MCU/Debug/libLib_MCU.a(lpc17xx_clkpwr.o)
 .debug_info    0x0000000000008d5d      0x106 /Applications/lpcxpresso_6.1.4_194/lpcxpresso/tools/bin/../lib/gcc/arm-none-eabi/4.6.2/../../../../arm-none-eabi/lib/armv7-m/libcr_newlib_semihost.a(_cr_sbrk.o)
 .debug_info    0x0000000000008e63      0xbec /Applications/lpcxpresso_6.1.4_194/lpcxpresso/tools/bin/../lib/gcc/arm-none-eabi/4.6.2/../../../../arm-none-eabi/lib/armv7-m/libcr_newlib_semihost.a(syscalls.o)
 .debug_info    0x0000000000009a4f       0xb5 /Applications/lpcxpresso_6.1.4_194/lpcxpresso/tools/bin/../lib/gcc/arm-none-eabi/4.6.2/../../../../arm-none-eabi/lib/armv7-m/libcr_newlib_semihost.a(_cr_check_heap.o)

.debug_abbrev   0x0000000000000000     0x1e3b
 .debug_abbrev  0x0000000000000000       0xb4 ./src/cr_startup_lpc17.o
 .debug_abbrev  0x00000000000000b4      0x2d4 ./src/main.o
 .debug_abbrev  0x0000000000000388       0xce /Users/Wenhao/Documents/LPCXpresso_6.1.4/workspace/Lib_CMSISv1p30_LPC17xx/Debug/libCMSISv1p30_LPC17xx.a(system_LPC17xx.o)
 .debug_abbrev  0x0000000000000456      0x15c /Users/Wenhao/Documents/LPCXpresso_6.1.4/workspace/Lib_EaBaseBoard/Debug/libLib_EaBaseBoard.a(acc.o)
 .debug_abbrev  0x00000000000005b2       0x90 /Users/Wenhao/Documents/LPCXpresso_6.1.4/workspace/Lib_EaBaseBoard/Debug/libLib_EaBaseBoard.a(joystick.o)
 .debug_abbrev  0x0000000000000642      0x155 /Users/Wenhao/Documents/LPCXpresso_6.1.4/workspace/Lib_EaBaseBoard/Debug/libLib_EaBaseBoard.a(led7seg.o)
 .debug_abbrev  0x0000000000000797      0x1bd /Users/Wenhao/Documents/LPCXpresso_6.1.4/workspace/Lib_EaBaseBoard/Debug/libLib_EaBaseBoard.a(light.o)
 .debug_abbrev  0x0000000000000954      0x1f1 /Users/Wenhao/Documents/LPCXpresso_6.1.4/workspace/Lib_EaBaseBoard/Debug/libLib_EaBaseBoard.a(oled.o)
 .debug_abbrev  0x0000000000000b45      0x1aa /Users/Wenhao/Documents/LPCXpresso_6.1.4/workspace/Lib_EaBaseBoard/Debug/libLib_EaBaseBoard.a(pca9532.o)
 .debug_abbrev  0x0000000000000cef       0x8e /Users/Wenhao/Documents/LPCXpresso_6.1.4/workspace/Lib_EaBaseBoard/Debug/libLib_EaBaseBoard.a(rgb.o)
 .debug_abbrev  0x0000000000000d7d       0xc2 /Users/Wenhao/Documents/LPCXpresso_6.1.4/workspace/Lib_EaBaseBoard/Debug/libLib_EaBaseBoard.a(temp.o)
 .debug_abbrev  0x0000000000000e3f       0x4b /Users/Wenhao/Documents/LPCXpresso_6.1.4/workspace/Lib_EaBaseBoard/Debug/libLib_EaBaseBoard.a(font5x7.o)
 .debug_abbrev  0x0000000000000e8a      0x185 /Users/Wenhao/Documents/LPCXpresso_6.1.4/workspace/Lib_MCU/Debug/libLib_MCU.a(lpc17xx_gpio.o)
 .debug_abbrev  0x000000000000100f      0x24a /Users/Wenhao/Documents/LPCXpresso_6.1.4/workspace/Lib_MCU/Debug/libLib_MCU.a(lpc17xx_i2c.o)
 .debug_abbrev  0x0000000000001259      0x10a /Users/Wenhao/Documents/LPCXpresso_6.1.4/workspace/Lib_MCU/Debug/libLib_MCU.a(lpc17xx_pinsel.o)
 .debug_abbrev  0x0000000000001363      0x1d3 /Users/Wenhao/Documents/LPCXpresso_6.1.4/workspace/Lib_MCU/Debug/libLib_MCU.a(lpc17xx_ssp.o)
 .debug_abbrev  0x0000000000001536      0x19f /Users/Wenhao/Documents/LPCXpresso_6.1.4/workspace/Lib_MCU/Debug/libLib_MCU.a(lpc17xx_timer.o)
 .debug_abbrev  0x00000000000016d5      0x259 /Users/Wenhao/Documents/LPCXpresso_6.1.4/workspace/Lib_MCU/Debug/libLib_MCU.a(lpc17xx_uart.o)
 .debug_abbrev  0x000000000000192e      0x174 /Users/Wenhao/Documents/LPCXpresso_6.1.4/workspace/Lib_MCU/Debug/libLib_MCU.a(lpc17xx_clkpwr.o)
 .debug_abbrev  0x0000000000001aa2       0xa8 /Applications/lpcxpresso_6.1.4_194/lpcxpresso/tools/bin/../lib/gcc/arm-none-eabi/4.6.2/../../../../arm-none-eabi/lib/armv7-m/libcr_newlib_semihost.a(_cr_sbrk.o)
 .debug_abbrev  0x0000000000001b4a      0x27f /Applications/lpcxpresso_6.1.4_194/lpcxpresso/tools/bin/../lib/gcc/arm-none-eabi/4.6.2/../../../../arm-none-eabi/lib/armv7-m/libcr_newlib_semihost.a(syscalls.o)
 .debug_abbrev  0x0000000000001dc9       0x72 /Applications/lpcxpresso_6.1.4_194/lpcxpresso/tools/bin/../lib/gcc/arm-none-eabi/4.6.2/../../../../arm-none-eabi/lib/armv7-m/libcr_newlib_semihost.a(_cr_check_heap.o)

.debug_loc      0x0000000000000000     0x42f2
 .debug_loc     0x0000000000000000      0x1f0 ./src/cr_startup_lpc17.o
 .debug_loc     0x00000000000001f0      0xc7c ./src/main.o
 .debug_loc     0x0000000000000e6c       0x58 /Users/Wenhao/Documents/LPCXpresso_6.1.4/workspace/Lib_CMSISv1p30_LPC17xx/Debug/libCMSISv1p30_LPC17xx.a(system_LPC17xx.o)
 .debug_loc     0x0000000000000ec4      0x1f0 /Users/Wenhao/Documents/LPCXpresso_6.1.4/workspace/Lib_EaBaseBoard/Debug/libLib_EaBaseBoard.a(acc.o)
 .debug_loc     0x00000000000010b4       0x64 /Users/Wenhao/Documents/LPCXpresso_6.1.4/workspace/Lib_EaBaseBoard/Debug/libLib_EaBaseBoard.a(joystick.o)
 .debug_loc     0x0000000000001118       0x64 /Users/Wenhao/Documents/LPCXpresso_6.1.4/workspace/Lib_EaBaseBoard/Debug/libLib_EaBaseBoard.a(led7seg.o)
 .debug_loc     0x000000000000117c      0x378 /Users/Wenhao/Documents/LPCXpresso_6.1.4/workspace/Lib_EaBaseBoard/Debug/libLib_EaBaseBoard.a(light.o)
 .debug_loc     0x00000000000014f4      0x33e /Users/Wenhao/Documents/LPCXpresso_6.1.4/workspace/Lib_EaBaseBoard/Debug/libLib_EaBaseBoard.a(oled.o)
 .debug_loc     0x0000000000001832      0x2d0 /Users/Wenhao/Documents/LPCXpresso_6.1.4/workspace/Lib_EaBaseBoard/Debug/libLib_EaBaseBoard.a(pca9532.o)
 .debug_loc     0x0000000000001b02       0x64 /Users/Wenhao/Documents/LPCXpresso_6.1.4/workspace/Lib_EaBaseBoard/Debug/libLib_EaBaseBoard.a(rgb.o)
 .debug_loc     0x0000000000001b66       0x70 /Users/Wenhao/Documents/LPCXpresso_6.1.4/workspace/Lib_EaBaseBoard/Debug/libLib_EaBaseBoard.a(temp.o)
 .debug_loc     0x0000000000001bd6      0x4d0 /Users/Wenhao/Documents/LPCXpresso_6.1.4/workspace/Lib_MCU/Debug/libLib_MCU.a(lpc17xx_gpio.o)
 .debug_loc     0x00000000000020a6      0x4e4 /Users/Wenhao/Documents/LPCXpresso_6.1.4/workspace/Lib_MCU/Debug/libLib_MCU.a(lpc17xx_i2c.o)
 .debug_loc     0x000000000000258a      0x150 /Users/Wenhao/Documents/LPCXpresso_6.1.4/workspace/Lib_MCU/Debug/libLib_MCU.a(lpc17xx_pinsel.o)
 .debug_loc     0x00000000000026da      0x448 /Users/Wenhao/Documents/LPCXpresso_6.1.4/workspace/Lib_MCU/Debug/libLib_MCU.a(lpc17xx_ssp.o)
 .debug_loc     0x0000000000002b22      0x3b8 /Users/Wenhao/Documents/LPCXpresso_6.1.4/workspace/Lib_MCU/Debug/libLib_MCU.a(lpc17xx_timer.o)
 .debug_loc     0x0000000000002eda      0x77a /Users/Wenhao/Documents/LPCXpresso_6.1.4/workspace/Lib_MCU/Debug/libLib_MCU.a(lpc17xx_uart.o)
 .debug_loc     0x0000000000003654      0x1bc /Users/Wenhao/Documents/LPCXpresso_6.1.4/workspace/Lib_MCU/Debug/libLib_MCU.a(lpc17xx_clkpwr.o)
 .debug_loc     0x0000000000003810       0x55 /Applications/lpcxpresso_6.1.4_194/lpcxpresso/tools/bin/../lib/gcc/arm-none-eabi/4.6.2/../../../../arm-none-eabi/lib/armv7-m/libcr_newlib_semihost.a(_cr_sbrk.o)
 .debug_loc     0x0000000000003865      0xa64 /Applications/lpcxpresso_6.1.4_194/lpcxpresso/tools/bin/../lib/gcc/arm-none-eabi/4.6.2/../../../../arm-none-eabi/lib/armv7-m/libcr_newlib_semihost.a(syscalls.o)
 .debug_loc     0x00000000000042c9       0x29 /Applications/lpcxpresso_6.1.4_194/lpcxpresso/tools/bin/../lib/gcc/arm-none-eabi/4.6.2/../../../../arm-none-eabi/lib/armv7-m/libcr_newlib_semihost.a(_cr_check_heap.o)

.debug_aranges  0x0000000000000000      0xb50
 .debug_aranges
                0x0000000000000000       0x70 ./src/cr_startup_lpc17.o
 .debug_aranges
                0x0000000000000070      0x218 ./src/main.o
 .debug_aranges
                0x0000000000000288       0x28 /Users/Wenhao/Documents/LPCXpresso_6.1.4/workspace/Lib_CMSISv1p30_LPC17xx/Debug/libCMSISv1p30_LPC17xx.a(system_LPC17xx.o)
 .debug_aranges
                0x00000000000002b0       0x60 /Users/Wenhao/Documents/LPCXpresso_6.1.4/workspace/Lib_EaBaseBoard/Debug/libLib_EaBaseBoard.a(acc.o)
 .debug_aranges
                0x0000000000000310       0x28 /Users/Wenhao/Documents/LPCXpresso_6.1.4/workspace/Lib_EaBaseBoard/Debug/libLib_EaBaseBoard.a(joystick.o)
 .debug_aranges
                0x0000000000000338       0x28 /Users/Wenhao/Documents/LPCXpresso_6.1.4/workspace/Lib_EaBaseBoard/Debug/libLib_EaBaseBoard.a(led7seg.o)
 .debug_aranges
                0x0000000000000360       0x98 /Users/Wenhao/Documents/LPCXpresso_6.1.4/workspace/Lib_EaBaseBoard/Debug/libLib_EaBaseBoard.a(light.o)
 .debug_aranges
                0x00000000000003f8       0x90 /Users/Wenhao/Documents/LPCXpresso_6.1.4/workspace/Lib_EaBaseBoard/Debug/libLib_EaBaseBoard.a(oled.o)
 .debug_aranges
                0x0000000000000488       0x80 /Users/Wenhao/Documents/LPCXpresso_6.1.4/workspace/Lib_EaBaseBoard/Debug/libLib_EaBaseBoard.a(pca9532.o)
 .debug_aranges
                0x0000000000000508       0x28 /Users/Wenhao/Documents/LPCXpresso_6.1.4/workspace/Lib_EaBaseBoard/Debug/libLib_EaBaseBoard.a(rgb.o)
 .debug_aranges
                0x0000000000000530       0x28 /Users/Wenhao/Documents/LPCXpresso_6.1.4/workspace/Lib_EaBaseBoard/Debug/libLib_EaBaseBoard.a(temp.o)
 .debug_aranges
                0x0000000000000558       0xc8 /Users/Wenhao/Documents/LPCXpresso_6.1.4/workspace/Lib_MCU/Debug/libLib_MCU.a(lpc17xx_gpio.o)
 .debug_aranges
                0x0000000000000620       0xd0 /Users/Wenhao/Documents/LPCXpresso_6.1.4/workspace/Lib_MCU/Debug/libLib_MCU.a(lpc17xx_i2c.o)
 .debug_aranges
                0x00000000000006f0       0x48 /Users/Wenhao/Documents/LPCXpresso_6.1.4/workspace/Lib_MCU/Debug/libLib_MCU.a(lpc17xx_pinsel.o)
 .debug_aranges
                0x0000000000000738       0xb8 /Users/Wenhao/Documents/LPCXpresso_6.1.4/workspace/Lib_MCU/Debug/libLib_MCU.a(lpc17xx_ssp.o)
 .debug_aranges
                0x00000000000007f0       0xa0 /Users/Wenhao/Documents/LPCXpresso_6.1.4/workspace/Lib_MCU/Debug/libLib_MCU.a(lpc17xx_timer.o)
 .debug_aranges
                0x0000000000000890      0x130 /Users/Wenhao/Documents/LPCXpresso_6.1.4/workspace/Lib_MCU/Debug/libLib_MCU.a(lpc17xx_uart.o)
 .debug_aranges
                0x00000000000009c0       0x60 /Users/Wenhao/Documents/LPCXpresso_6.1.4/workspace/Lib_MCU/Debug/libLib_MCU.a(lpc17xx_clkpwr.o)
 .debug_aranges
                0x0000000000000a20       0x20 /Applications/lpcxpresso_6.1.4_194/lpcxpresso/tools/bin/../lib/gcc/arm-none-eabi/4.6.2/../../../../arm-none-eabi/lib/armv7-m/libcr_newlib_semihost.a(_cr_sbrk.o)
 .debug_aranges
                0x0000000000000a40       0xf0 /Applications/lpcxpresso_6.1.4_194/lpcxpresso/tools/bin/../lib/gcc/arm-none-eabi/4.6.2/../../../../arm-none-eabi/lib/armv7-m/libcr_newlib_semihost.a(syscalls.o)
 .debug_aranges
                0x0000000000000b30       0x20 /Applications/lpcxpresso_6.1.4_194/lpcxpresso/tools/bin/../lib/gcc/arm-none-eabi/4.6.2/../../../../arm-none-eabi/lib/armv7-m/libcr_newlib_semihost.a(_cr_check_heap.o)

.debug_ranges   0x0000000000000000      0xa60
 .debug_ranges  0x0000000000000000       0x60 ./src/cr_startup_lpc17.o
 .debug_ranges  0x0000000000000060      0x208 ./src/main.o
 .debug_ranges  0x0000000000000268       0x18 /Users/Wenhao/Documents/LPCXpresso_6.1.4/workspace/Lib_CMSISv1p30_LPC17xx/Debug/libCMSISv1p30_LPC17xx.a(system_LPC17xx.o)
 .debug_ranges  0x0000000000000280       0x50 /Users/Wenhao/Documents/LPCXpresso_6.1.4/workspace/Lib_EaBaseBoard/Debug/libLib_EaBaseBoard.a(acc.o)
 .debug_ranges  0x00000000000002d0       0x18 /Users/Wenhao/Documents/LPCXpresso_6.1.4/workspace/Lib_EaBaseBoard/Debug/libLib_EaBaseBoard.a(joystick.o)
 .debug_ranges  0x00000000000002e8       0x18 /Users/Wenhao/Documents/LPCXpresso_6.1.4/workspace/Lib_EaBaseBoard/Debug/libLib_EaBaseBoard.a(led7seg.o)
 .debug_ranges  0x0000000000000300       0x88 /Users/Wenhao/Documents/LPCXpresso_6.1.4/workspace/Lib_EaBaseBoard/Debug/libLib_EaBaseBoard.a(light.o)
 .debug_ranges  0x0000000000000388       0x80 /Users/Wenhao/Documents/LPCXpresso_6.1.4/workspace/Lib_EaBaseBoard/Debug/libLib_EaBaseBoard.a(oled.o)
 .debug_ranges  0x0000000000000408       0x70 /Users/Wenhao/Documents/LPCXpresso_6.1.4/workspace/Lib_EaBaseBoard/Debug/libLib_EaBaseBoard.a(pca9532.o)
 .debug_ranges  0x0000000000000478       0x18 /Users/Wenhao/Documents/LPCXpresso_6.1.4/workspace/Lib_EaBaseBoard/Debug/libLib_EaBaseBoard.a(rgb.o)
 .debug_ranges  0x0000000000000490       0x18 /Users/Wenhao/Documents/LPCXpresso_6.1.4/workspace/Lib_EaBaseBoard/Debug/libLib_EaBaseBoard.a(temp.o)
 .debug_ranges  0x00000000000004a8       0xb8 /Users/Wenhao/Documents/LPCXpresso_6.1.4/workspace/Lib_MCU/Debug/libLib_MCU.a(lpc17xx_gpio.o)
 .debug_ranges  0x0000000000000560       0xc0 /Users/Wenhao/Documents/LPCXpresso_6.1.4/workspace/Lib_MCU/Debug/libLib_MCU.a(lpc17xx_i2c.o)
 .debug_ranges  0x0000000000000620       0x38 /Users/Wenhao/Documents/LPCXpresso_6.1.4/workspace/Lib_MCU/Debug/libLib_MCU.a(lpc17xx_pinsel.o)
 .debug_ranges  0x0000000000000658       0xa8 /Users/Wenhao/Documents/LPCXpresso_6.1.4/workspace/Lib_MCU/Debug/libLib_MCU.a(lpc17xx_ssp.o)
 .debug_ranges  0x0000000000000700       0x90 /Users/Wenhao/Documents/LPCXpresso_6.1.4/workspace/Lib_MCU/Debug/libLib_MCU.a(lpc17xx_timer.o)
 .debug_ranges  0x0000000000000790      0x120 /Users/Wenhao/Documents/LPCXpresso_6.1.4/workspace/Lib_MCU/Debug/libLib_MCU.a(lpc17xx_uart.o)
 .debug_ranges  0x00000000000008b0       0x50 /Users/Wenhao/Documents/LPCXpresso_6.1.4/workspace/Lib_MCU/Debug/libLib_MCU.a(lpc17xx_clkpwr.o)
 .debug_ranges  0x0000000000000900       0x10 /Applications/lpcxpresso_6.1.4_194/lpcxpresso/tools/bin/../lib/gcc/arm-none-eabi/4.6.2/../../../../arm-none-eabi/lib/armv7-m/libcr_newlib_semihost.a(_cr_sbrk.o)
 .debug_ranges  0x0000000000000910      0x140 /Applications/lpcxpresso_6.1.4_194/lpcxpresso/tools/bin/../lib/gcc/arm-none-eabi/4.6.2/../../../../arm-none-eabi/lib/armv7-m/libcr_newlib_semihost.a(syscalls.o)
 .debug_ranges  0x0000000000000a50       0x10 /Applications/lpcxpresso_6.1.4_194/lpcxpresso/tools/bin/../lib/gcc/arm-none-eabi/4.6.2/../../../../arm-none-eabi/lib/armv7-m/libcr_newlib_semihost.a(_cr_check_heap.o)

.debug_line     0x0000000000000000     0x7c5d
 .debug_line    0x0000000000000000      0x38a ./src/cr_startup_lpc17.o
 .debug_line    0x000000000000038a     0x101e ./src/main.o
 .debug_line    0x00000000000013a8      0x430 /Users/Wenhao/Documents/LPCXpresso_6.1.4/workspace/Lib_CMSISv1p30_LPC17xx/Debug/libCMSISv1p30_LPC17xx.a(system_LPC17xx.o)
 .debug_line    0x00000000000017d8      0x517 /Users/Wenhao/Documents/LPCXpresso_6.1.4/workspace/Lib_EaBaseBoard/Debug/libLib_EaBaseBoard.a(acc.o)
 .debug_line    0x0000000000001cef      0x482 /Users/Wenhao/Documents/LPCXpresso_6.1.4/workspace/Lib_EaBaseBoard/Debug/libLib_EaBaseBoard.a(joystick.o)
 .debug_line    0x0000000000002171      0x492 /Users/Wenhao/Documents/LPCXpresso_6.1.4/workspace/Lib_EaBaseBoard/Debug/libLib_EaBaseBoard.a(led7seg.o)
 .debug_line    0x0000000000002603      0x5c3 /Users/Wenhao/Documents/LPCXpresso_6.1.4/workspace/Lib_EaBaseBoard/Debug/libLib_EaBaseBoard.a(light.o)
 .debug_line    0x0000000000002bc6      0x79c /Users/Wenhao/Documents/LPCXpresso_6.1.4/workspace/Lib_EaBaseBoard/Debug/libLib_EaBaseBoard.a(oled.o)
 .debug_line    0x0000000000003362      0x5ae /Users/Wenhao/Documents/LPCXpresso_6.1.4/workspace/Lib_EaBaseBoard/Debug/libLib_EaBaseBoard.a(pca9532.o)
 .debug_line    0x0000000000003910      0x469 /Users/Wenhao/Documents/LPCXpresso_6.1.4/workspace/Lib_EaBaseBoard/Debug/libLib_EaBaseBoard.a(rgb.o)
 .debug_line    0x0000000000003d79      0x490 /Users/Wenhao/Documents/LPCXpresso_6.1.4/workspace/Lib_EaBaseBoard/Debug/libLib_EaBaseBoard.a(temp.o)
 .debug_line    0x0000000000004209       0x88 /Users/Wenhao/Documents/LPCXpresso_6.1.4/workspace/Lib_EaBaseBoard/Debug/libLib_EaBaseBoard.a(font5x7.o)
 .debug_line    0x0000000000004291      0x60d /Users/Wenhao/Documents/LPCXpresso_6.1.4/workspace/Lib_MCU/Debug/libLib_MCU.a(lpc17xx_gpio.o)
 .debug_line    0x000000000000489e      0x928 /Users/Wenhao/Documents/LPCXpresso_6.1.4/workspace/Lib_MCU/Debug/libLib_MCU.a(lpc17xx_i2c.o)
 .debug_line    0x00000000000051c6      0x48c /Users/Wenhao/Documents/LPCXpresso_6.1.4/workspace/Lib_MCU/Debug/libLib_MCU.a(lpc17xx_pinsel.o)
 .debug_line    0x0000000000005652      0x85b /Users/Wenhao/Documents/LPCXpresso_6.1.4/workspace/Lib_MCU/Debug/libLib_MCU.a(lpc17xx_ssp.o)
 .debug_line    0x0000000000005ead      0x7b9 /Users/Wenhao/Documents/LPCXpresso_6.1.4/workspace/Lib_MCU/Debug/libLib_MCU.a(lpc17xx_timer.o)
 .debug_line    0x0000000000006666      0xba7 /Users/Wenhao/Documents/LPCXpresso_6.1.4/workspace/Lib_MCU/Debug/libLib_MCU.a(lpc17xx_uart.o)
 .debug_line    0x000000000000720d      0x4ed /Users/Wenhao/Documents/LPCXpresso_6.1.4/workspace/Lib_MCU/Debug/libLib_MCU.a(lpc17xx_clkpwr.o)
 .debug_line    0x00000000000076fa       0xc0 /Applications/lpcxpresso_6.1.4_194/lpcxpresso/tools/bin/../lib/gcc/arm-none-eabi/4.6.2/../../../../arm-none-eabi/lib/armv7-m/libcr_newlib_semihost.a(_cr_sbrk.o)
 .debug_line    0x00000000000077ba      0x44f /Applications/lpcxpresso_6.1.4_194/lpcxpresso/tools/bin/../lib/gcc/arm-none-eabi/4.6.2/../../../../arm-none-eabi/lib/armv7-m/libcr_newlib_semihost.a(syscalls.o)
 .debug_line    0x0000000000007c09       0x54 /Applications/lpcxpresso_6.1.4_194/lpcxpresso/tools/bin/../lib/gcc/arm-none-eabi/4.6.2/../../../../arm-none-eabi/lib/armv7-m/libcr_newlib_semihost.a(_cr_check_heap.o)

.debug_macinfo  0x0000000000000000    0xa9302
 .debug_macinfo
                0x0000000000000000     0x2c15 ./src/cr_startup_lpc17.o
 .debug_macinfo
                0x0000000000002c15     0xf342 ./src/main.o
 .debug_macinfo
                0x0000000000011f57     0x83f8 /Users/Wenhao/Documents/LPCXpresso_6.1.4/workspace/Lib_CMSISv1p30_LPC17xx/Debug/libCMSISv1p30_LPC17xx.a(system_LPC17xx.o)
 .debug_macinfo
                0x000000000001a34f     0x8f1b /Users/Wenhao/Documents/LPCXpresso_6.1.4/workspace/Lib_EaBaseBoard/Debug/libLib_EaBaseBoard.a(acc.o)
 .debug_macinfo
                0x000000000002326a     0x858b /Users/Wenhao/Documents/LPCXpresso_6.1.4/workspace/Lib_EaBaseBoard/Debug/libLib_EaBaseBoard.a(joystick.o)
 .debug_macinfo
                0x000000000002b7f5     0x96a3 /Users/Wenhao/Documents/LPCXpresso_6.1.4/workspace/Lib_EaBaseBoard/Debug/libLib_EaBaseBoard.a(led7seg.o)
 .debug_macinfo
                0x0000000000034e98     0x8e3a /Users/Wenhao/Documents/LPCXpresso_6.1.4/workspace/Lib_EaBaseBoard/Debug/libLib_EaBaseBoard.a(light.o)
 .debug_macinfo
                0x000000000003dcd2     0xa143 /Users/Wenhao/Documents/LPCXpresso_6.1.4/workspace/Lib_EaBaseBoard/Debug/libLib_EaBaseBoard.a(oled.o)
 .debug_macinfo
                0x0000000000047e15     0x8e59 /Users/Wenhao/Documents/LPCXpresso_6.1.4/workspace/Lib_EaBaseBoard/Debug/libLib_EaBaseBoard.a(pca9532.o)
 .debug_macinfo
                0x0000000000050c6e     0x854c /Users/Wenhao/Documents/LPCXpresso_6.1.4/workspace/Lib_EaBaseBoard/Debug/libLib_EaBaseBoard.a(rgb.o)
 .debug_macinfo
                0x00000000000591ba     0x85e6 /Users/Wenhao/Documents/LPCXpresso_6.1.4/workspace/Lib_EaBaseBoard/Debug/libLib_EaBaseBoard.a(temp.o)
 .debug_macinfo
                0x00000000000617a0     0x332a /Users/Wenhao/Documents/LPCXpresso_6.1.4/workspace/Lib_EaBaseBoard/Debug/libLib_EaBaseBoard.a(font5x7.o)
 .debug_macinfo
                0x0000000000064aca     0x86b8 /Users/Wenhao/Documents/LPCXpresso_6.1.4/workspace/Lib_MCU/Debug/libLib_MCU.a(lpc17xx_gpio.o)
 .debug_macinfo
                0x000000000006d182     0xa5d8 /Users/Wenhao/Documents/LPCXpresso_6.1.4/workspace/Lib_MCU/Debug/libLib_MCU.a(lpc17xx_i2c.o)
 .debug_macinfo
                0x000000000007775a     0x87d3 /Users/Wenhao/Documents/LPCXpresso_6.1.4/workspace/Lib_MCU/Debug/libLib_MCU.a(lpc17xx_pinsel.o)
 .debug_macinfo
                0x000000000007ff2d     0xa8d0 /Users/Wenhao/Documents/LPCXpresso_6.1.4/workspace/Lib_MCU/Debug/libLib_MCU.a(lpc17xx_ssp.o)
 .debug_macinfo
                0x000000000008a7fd     0xa4cd /Users/Wenhao/Documents/LPCXpresso_6.1.4/workspace/Lib_MCU/Debug/libLib_MCU.a(lpc17xx_timer.o)
 .debug_macinfo
                0x0000000000094cca     0xb03f /Users/Wenhao/Documents/LPCXpresso_6.1.4/workspace/Lib_MCU/Debug/libLib_MCU.a(lpc17xx_uart.o)
 .debug_macinfo
                0x000000000009fd09     0x95f9 /Users/Wenhao/Documents/LPCXpresso_6.1.4/workspace/Lib_MCU/Debug/libLib_MCU.a(lpc17xx_clkpwr.o)

.debug_str      0x0000000000000000     0x33fb
 .debug_str     0x0000000000000000      0x1d3 ./src/cr_startup_lpc17.o
                                        0x20d (size before relaxing)
 .debug_str     0x00000000000001d3      0xd3c ./src/main.o
                                        0xef6 (size before relaxing)
 .debug_str     0x0000000000000f0f       0x89 /Users/Wenhao/Documents/LPCXpresso_6.1.4/workspace/Lib_CMSISv1p30_LPC17xx/Debug/libCMSISv1p30_LPC17xx.a(system_LPC17xx.o)
                                        0x2a2 (size before relaxing)
 .debug_str     0x0000000000000f98      0x21f /Users/Wenhao/Documents/LPCXpresso_6.1.4/workspace/Lib_EaBaseBoard/Debug/libLib_EaBaseBoard.a(acc.o)
                                        0x39e (size before relaxing)
 .debug_str     0x00000000000011b7       0x3a /Users/Wenhao/Documents/LPCXpresso_6.1.4/workspace/Lib_EaBaseBoard/Debug/libLib_EaBaseBoard.a(joystick.o)
                                        0x16f (size before relaxing)
 .debug_str     0x00000000000011f1       0x95 /Users/Wenhao/Documents/LPCXpresso_6.1.4/workspace/Lib_EaBaseBoard/Debug/libLib_EaBaseBoard.a(led7seg.o)
                                        0x20a (size before relaxing)
 .debug_str     0x0000000000001286      0x204 /Users/Wenhao/Documents/LPCXpresso_6.1.4/workspace/Lib_EaBaseBoard/Debug/libLib_EaBaseBoard.a(light.o)
                                        0x503 (size before relaxing)
 .debug_str     0x000000000000148a      0x1a5 /Users/Wenhao/Documents/LPCXpresso_6.1.4/workspace/Lib_EaBaseBoard/Debug/libLib_EaBaseBoard.a(oled.o)
                                        0x3bb (size before relaxing)
 .debug_str     0x000000000000162f      0x136 /Users/Wenhao/Documents/LPCXpresso_6.1.4/workspace/Lib_EaBaseBoard/Debug/libLib_EaBaseBoard.a(pca9532.o)
                                        0x3f5 (size before relaxing)
 .debug_str     0x0000000000001765       0x22 /Users/Wenhao/Documents/LPCXpresso_6.1.4/workspace/Lib_EaBaseBoard/Debug/libLib_EaBaseBoard.a(rgb.o)
                                        0x14f (size before relaxing)
 .debug_str     0x0000000000001787       0x2d /Users/Wenhao/Documents/LPCXpresso_6.1.4/workspace/Lib_EaBaseBoard/Debug/libLib_EaBaseBoard.a(temp.o)
                                        0x172 (size before relaxing)
 .debug_str     0x00000000000017b4       0x11 /Users/Wenhao/Documents/LPCXpresso_6.1.4/workspace/Lib_EaBaseBoard/Debug/libLib_EaBaseBoard.a(font5x7.o)
                                         0xc6 (size before relaxing)
 .debug_str     0x00000000000017c5      0x37f /Users/Wenhao/Documents/LPCXpresso_6.1.4/workspace/Lib_MCU/Debug/libLib_MCU.a(lpc17xx_gpio.o)
                                        0x477 (size before relaxing)
 .debug_str     0x0000000000001b44      0x30f /Users/Wenhao/Documents/LPCXpresso_6.1.4/workspace/Lib_MCU/Debug/libLib_MCU.a(lpc17xx_i2c.o)
                                        0x80d (size before relaxing)
 .debug_str     0x0000000000001e53      0x214 /Users/Wenhao/Documents/LPCXpresso_6.1.4/workspace/Lib_MCU/Debug/libLib_MCU.a(lpc17xx_pinsel.o)
                                        0x3ac (size before relaxing)
 .debug_str     0x0000000000002067      0x204 /Users/Wenhao/Documents/LPCXpresso_6.1.4/workspace/Lib_MCU/Debug/libLib_MCU.a(lpc17xx_ssp.o)
                                        0x48a (size before relaxing)
 .debug_str     0x000000000000226b      0x42e /Users/Wenhao/Documents/LPCXpresso_6.1.4/workspace/Lib_MCU/Debug/libLib_MCU.a(lpc17xx_timer.o)
                                        0x5c0 (size before relaxing)
 .debug_str     0x0000000000002699      0x8c5 /Users/Wenhao/Documents/LPCXpresso_6.1.4/workspace/Lib_MCU/Debug/libLib_MCU.a(lpc17xx_uart.o)
                                        0xc60 (size before relaxing)
 .debug_str     0x0000000000002f5e       0xcb /Users/Wenhao/Documents/LPCXpresso_6.1.4/workspace/Lib_MCU/Debug/libLib_MCU.a(lpc17xx_clkpwr.o)
                                        0x3a8 (size before relaxing)
 .debug_str     0x0000000000003029       0xbc /Applications/lpcxpresso_6.1.4_194/lpcxpresso/tools/bin/../lib/gcc/arm-none-eabi/4.6.2/../../../../arm-none-eabi/lib/armv7-m/libcr_newlib_semihost.a(_cr_sbrk.o)
                                        0x145 (size before relaxing)
 .debug_str     0x00000000000030e5      0x2db /Applications/lpcxpresso_6.1.4_194/lpcxpresso/tools/bin/../lib/gcc/arm-none-eabi/4.6.2/../../../../arm-none-eabi/lib/armv7-m/libcr_newlib_semihost.a(syscalls.o)
                                        0x40b (size before relaxing)
 .debug_str     0x00000000000033c0       0x3b /Applications/lpcxpresso_6.1.4_194/lpcxpresso/tools/bin/../lib/gcc/arm-none-eabi/4.6.2/../../../../arm-none-eabi/lib/armv7-m/libcr_newlib_semihost.a(_cr_check_heap.o)
                                         0xd1 (size before relaxing)

.comment        0x0000000000000000       0x9a
 .comment       0x0000000000000000       0x70 ./src/cr_startup_lpc17.o
                                         0x71 (size before relaxing)
 .comment       0x0000000000000000       0x71 ./src/main.o
 .comment       0x0000000000000000       0x71 /Users/Wenhao/Documents/LPCXpresso_6.1.4/workspace/Lib_CMSISv1p30_LPC17xx/Debug/libCMSISv1p30_LPC17xx.a(system_LPC17xx.o)
 .comment       0x0000000000000000       0x71 /Users/Wenhao/Documents/LPCXpresso_6.1.4/workspace/Lib_EaBaseBoard/Debug/libLib_EaBaseBoard.a(acc.o)
 .comment       0x0000000000000000       0x71 /Users/Wenhao/Documents/LPCXpresso_6.1.4/workspace/Lib_EaBaseBoard/Debug/libLib_EaBaseBoard.a(joystick.o)
 .comment       0x0000000000000000       0x71 /Users/Wenhao/Documents/LPCXpresso_6.1.4/workspace/Lib_EaBaseBoard/Debug/libLib_EaBaseBoard.a(led7seg.o)
 .comment       0x0000000000000000       0x71 /Users/Wenhao/Documents/LPCXpresso_6.1.4/workspace/Lib_EaBaseBoard/Debug/libLib_EaBaseBoard.a(light.o)
 .comment       0x0000000000000000       0x71 /Users/Wenhao/Documents/LPCXpresso_6.1.4/workspace/Lib_EaBaseBoard/Debug/libLib_EaBaseBoard.a(oled.o)
 .comment       0x0000000000000000       0x71 /Users/Wenhao/Documents/LPCXpresso_6.1.4/workspace/Lib_EaBaseBoard/Debug/libLib_EaBaseBoard.a(pca9532.o)
 .comment       0x0000000000000000       0x71 /Users/Wenhao/Documents/LPCXpresso_6.1.4/workspace/Lib_EaBaseBoard/Debug/libLib_EaBaseBoard.a(rgb.o)
 .comment       0x0000000000000000       0x71 /Users/Wenhao/Documents/LPCXpresso_6.1.4/workspace/Lib_EaBaseBoard/Debug/libLib_EaBaseBoard.a(temp.o)
 .comment       0x0000000000000000       0x71 /Users/Wenhao/Documents/LPCXpresso_6.1.4/workspace/Lib_EaBaseBoard/Debug/libLib_EaBaseBoard.a(font5x7.o)
 .comment       0x0000000000000000       0x71 /Users/Wenhao/Documents/LPCXpresso_6.1.4/workspace/Lib_MCU/Debug/libLib_MCU.a(lpc17xx_gpio.o)
 .comment       0x0000000000000000       0x71 /Users/Wenhao/Documents/LPCXpresso_6.1.4/workspace/Lib_MCU/Debug/libLib_MCU.a(lpc17xx_i2c.o)
 .comment       0x0000000000000000       0x71 /Users/Wenhao/Documents/LPCXpresso_6.1.4/workspace/Lib_MCU/Debug/libLib_MCU.a(lpc17xx_pinsel.o)
 .comment       0x0000000000000000       0x71 /Users/Wenhao/Documents/LPCXpresso_6.1.4/workspace/Lib_MCU/Debug/libLib_MCU.a(lpc17xx_ssp.o)